../Core/Src/main.c:70:6:SendCardDataToESP32	32	static
../Core/Src/main.c:96:6:Test_SPI_Connection	112	static
../Core/Src/main.c:114:6:Test_HX711_Connection	192	static
../Core/Src/main.c:157:6:MFRC522_Debug	168	static
../Core/Src/main.c:200:5:main	272	static
../Core/Src/main.c:338:6:SystemClock_Config	88	static
../Core/Src/main.c:391:13:MX_SPI4_Init	8	static
../Core/Src/main.c:429:13:MX_USART1_UART_Init	8	static
../Core/Src/main.c:462:13:MX_USART2_UART_Init	8	static
../Core/Src/main.c:494:13:MX_GPIO_Init	48	static
../Core/Src/main.c:565:6:Error_Handler	4	static,ignoring_inline_asm
