Archive member included to satisfy reference by file (symbol)

C:/ST/STM32CubeIDE_1.17.0/STM32CubeIDE/plugins/com.st.stm32cube.ide.mcu.externaltools.gnu-tools-for-stm32.13.3.rel1.win32_1.0.0.202411081344/tools/bin/../lib/gcc/arm-none-eabi/13.3.1/../../../../arm-none-eabi/lib/thumb/v7e-m+fp/hard\libc_nano.a(libc_a-exit.o)
                              C:/ST/STM32CubeIDE_1.17.0/STM32CubeIDE/plugins/com.st.stm32cube.ide.mcu.externaltools.gnu-tools-for-stm32.13.3.rel1.win32_1.0.0.202411081344/tools/bin/../lib/gcc/arm-none-eabi/13.3.1/../../../../arm-none-eabi/lib/thumb/v7e-m+fp/hard/crt0.o (exit)
C:/ST/STM32CubeIDE_1.17.0/STM32CubeIDE/plugins/com.st.stm32cube.ide.mcu.externaltools.gnu-tools-for-stm32.13.3.rel1.win32_1.0.0.202411081344/tools/bin/../lib/gcc/arm-none-eabi/13.3.1/../../../../arm-none-eabi/lib/thumb/v7e-m+fp/hard\libc_nano.a(libc_a-findfp.o)
                              C:/ST/STM32CubeIDE_1.17.0/STM32CubeIDE/plugins/com.st.stm32cube.ide.mcu.externaltools.gnu-tools-for-stm32.13.3.rel1.win32_1.0.0.202411081344/tools/bin/../lib/gcc/arm-none-eabi/13.3.1/../../../../arm-none-eabi/lib/thumb/v7e-m+fp/hard\libc_nano.a(libc_a-exit.o) (__stdio_exit_handler)
C:/ST/STM32CubeIDE_1.17.0/STM32CubeIDE/plugins/com.st.stm32cube.ide.mcu.externaltools.gnu-tools-for-stm32.13.3.rel1.win32_1.0.0.202411081344/tools/bin/../lib/gcc/arm-none-eabi/13.3.1/../../../../arm-none-eabi/lib/thumb/v7e-m+fp/hard\libc_nano.a(libc_a-fwalk.o)
                              C:/ST/STM32CubeIDE_1.17.0/STM32CubeIDE/plugins/com.st.stm32cube.ide.mcu.externaltools.gnu-tools-for-stm32.13.3.rel1.win32_1.0.0.202411081344/tools/bin/../lib/gcc/arm-none-eabi/13.3.1/../../../../arm-none-eabi/lib/thumb/v7e-m+fp/hard\libc_nano.a(libc_a-findfp.o) (_fwalk_sglue)
C:/ST/STM32CubeIDE_1.17.0/STM32CubeIDE/plugins/com.st.stm32cube.ide.mcu.externaltools.gnu-tools-for-stm32.13.3.rel1.win32_1.0.0.202411081344/tools/bin/../lib/gcc/arm-none-eabi/13.3.1/../../../../arm-none-eabi/lib/thumb/v7e-m+fp/hard\libc_nano.a(libc_a-snprintf.o)
                              ./Core/Src/main.o (snprintf)
C:/ST/STM32CubeIDE_1.17.0/STM32CubeIDE/plugins/com.st.stm32cube.ide.mcu.externaltools.gnu-tools-for-stm32.13.3.rel1.win32_1.0.0.202411081344/tools/bin/../lib/gcc/arm-none-eabi/13.3.1/../../../../arm-none-eabi/lib/thumb/v7e-m+fp/hard\libc_nano.a(libc_a-stdio.o)
                              C:/ST/STM32CubeIDE_1.17.0/STM32CubeIDE/plugins/com.st.stm32cube.ide.mcu.externaltools.gnu-tools-for-stm32.13.3.rel1.win32_1.0.0.202411081344/tools/bin/../lib/gcc/arm-none-eabi/13.3.1/../../../../arm-none-eabi/lib/thumb/v7e-m+fp/hard\libc_nano.a(libc_a-findfp.o) (__sread)
C:/ST/STM32CubeIDE_1.17.0/STM32CubeIDE/plugins/com.st.stm32cube.ide.mcu.externaltools.gnu-tools-for-stm32.13.3.rel1.win32_1.0.0.202411081344/tools/bin/../lib/gcc/arm-none-eabi/13.3.1/../../../../arm-none-eabi/lib/thumb/v7e-m+fp/hard\libc_nano.a(libc_a-memcmp.o)
                              ./Core/Src/main.o (memcmp)
C:/ST/STM32CubeIDE_1.17.0/STM32CubeIDE/plugins/com.st.stm32cube.ide.mcu.externaltools.gnu-tools-for-stm32.13.3.rel1.win32_1.0.0.202411081344/tools/bin/../lib/gcc/arm-none-eabi/13.3.1/../../../../arm-none-eabi/lib/thumb/v7e-m+fp/hard\libc_nano.a(libc_a-memset.o)
                              C:/ST/STM32CubeIDE_1.17.0/STM32CubeIDE/plugins/com.st.stm32cube.ide.mcu.externaltools.gnu-tools-for-stm32.13.3.rel1.win32_1.0.0.202411081344/tools/bin/../lib/gcc/arm-none-eabi/13.3.1/../../../../arm-none-eabi/lib/thumb/v7e-m+fp/hard/crt0.o (memset)
C:/ST/STM32CubeIDE_1.17.0/STM32CubeIDE/plugins/com.st.stm32cube.ide.mcu.externaltools.gnu-tools-for-stm32.13.3.rel1.win32_1.0.0.202411081344/tools/bin/../lib/gcc/arm-none-eabi/13.3.1/../../../../arm-none-eabi/lib/thumb/v7e-m+fp/hard\libc_nano.a(libc_a-closer.o)
                              C:/ST/STM32CubeIDE_1.17.0/STM32CubeIDE/plugins/com.st.stm32cube.ide.mcu.externaltools.gnu-tools-for-stm32.13.3.rel1.win32_1.0.0.202411081344/tools/bin/../lib/gcc/arm-none-eabi/13.3.1/../../../../arm-none-eabi/lib/thumb/v7e-m+fp/hard\libc_nano.a(libc_a-stdio.o) (_close_r)
C:/ST/STM32CubeIDE_1.17.0/STM32CubeIDE/plugins/com.st.stm32cube.ide.mcu.externaltools.gnu-tools-for-stm32.13.3.rel1.win32_1.0.0.202411081344/tools/bin/../lib/gcc/arm-none-eabi/13.3.1/../../../../arm-none-eabi/lib/thumb/v7e-m+fp/hard\libc_nano.a(libc_a-reent.o)
                              C:/ST/STM32CubeIDE_1.17.0/STM32CubeIDE/plugins/com.st.stm32cube.ide.mcu.externaltools.gnu-tools-for-stm32.13.3.rel1.win32_1.0.0.202411081344/tools/bin/../lib/gcc/arm-none-eabi/13.3.1/../../../../arm-none-eabi/lib/thumb/v7e-m+fp/hard\libc_nano.a(libc_a-closer.o) (errno)
C:/ST/STM32CubeIDE_1.17.0/STM32CubeIDE/plugins/com.st.stm32cube.ide.mcu.externaltools.gnu-tools-for-stm32.13.3.rel1.win32_1.0.0.202411081344/tools/bin/../lib/gcc/arm-none-eabi/13.3.1/../../../../arm-none-eabi/lib/thumb/v7e-m+fp/hard\libc_nano.a(libc_a-impure.o)
[...]
Memory Configuration

Name             Origin             Length             Attributes
CCMRAM           0x10000000         0x00010000         xrw
RAM              0x20000000         0x00030000         xrw
FLASH            0x08000000         0x00200000         xr
*default*        0x00000000         0xffffffff

Linker script and memory map

LOAD C:/ST/STM32CubeIDE_1.17.0/STM32CubeIDE/plugins/com.st.stm32cube.ide.mcu.externaltools.gnu-tools-for-stm32.13.3.rel1.win32_1.0.0.202411081344/tools/bin/../lib/gcc/arm-none-eabi/13.3.1/thumb/v7e-m+fp/hard/crti.o
LOAD C:/ST/STM32CubeIDE_1.17.0/STM32CubeIDE/plugins/com.st.stm32cube.ide.mcu.externaltools.gnu-tools-for-stm32.13.3.rel1.win32_1.0.0.202411081344/tools/bin/../lib/gcc/arm-none-eabi/13.3.1/thumb/v7e-m+fp/hard/crtbegin.o
LOAD C:/ST/STM32CubeIDE_1.17.0/STM32CubeIDE/plugins/com.st.stm32cube.ide.mcu.externaltools.gnu-tools-for-stm32.13.3.rel1.win32_1.0.0.202411081344/tools/bin/../lib/gcc/arm-none-eabi/13.3.1/../../../../arm-none-eabi/lib/thumb/v7e-m+fp/hard/crt0.o
LOAD ./Core/Src/hx711.o
LOAD ./Core/Src/main.o
LOAD ./Core/Src/rc522.o
LOAD ./Core/Src/simple_protocol.o
LOAD ./Core/Src/stm32f4xx_hal_msp.o
LOAD ./Core/Src/stm32f4xx_it.o
LOAD ./Core/Src/syscalls.o
LOAD ./Core/Src/sysmem.o
LOAD ./Core/Src/system_stm32f4xx.o
LOAD ./Core/Startup/startup_stm32f429zitx.o
LOAD ./Drivers/STM32F4xx_HAL_Driver/Src/stm32f4xx_hal.o
LOAD ./Drivers/STM32F4xx_HAL_Driver/Src/stm32f4xx_hal_cortex.o
LOAD ./Drivers/STM32F4xx_HAL_Driver/Src/stm32f4xx_hal_dma.o
LOAD ./Drivers/STM32F4xx_HAL_Driver/Src/stm32f4xx_hal_dma_ex.o
LOAD ./Drivers/STM32F4xx_HAL_Driver/Src/stm32f4xx_hal_exti.o
LOAD ./Drivers/STM32F4xx_HAL_Driver/Src/stm32f4xx_hal_flash.o
LOAD ./Drivers/STM32F4xx_HAL_Driver/Src/stm32f4xx_hal_flash_ex.o
LOAD ./Drivers/STM32F4xx_HAL_Driver/Src/stm32f4xx_hal_flash_ramfunc.o
LOAD ./Drivers/STM32F4xx_HAL_Driver/Src/stm32f4xx_hal_gpio.o
LOAD ./Drivers/STM32F4xx_HAL_Driver/Src/stm32f4xx_hal_pwr.o
LOAD ./Drivers/STM32F4xx_HAL_Driver/Src/stm32f4xx_hal_pwr_ex.o
LOAD ./Drivers/STM32F4xx_HAL_Driver/Src/stm32f4xx_hal_rcc.o
LOAD ./Drivers/STM32F4xx_HAL_Driver/Src/stm32f4xx_hal_rcc_ex.o
LOAD ./Drivers/STM32F4xx_HAL_Driver/Src/stm32f4xx_hal_spi.o
LOAD ./Drivers/STM32F4xx_HAL_Driver/Src/stm32f4xx_hal_tim.o
LOAD ./Drivers/STM32F4xx_HAL_Driver/Src/stm32f4xx_hal_tim_ex.o
LOAD ./Drivers/STM32F4xx_HAL_Driver/Src/stm32f4xx_hal_uart.o
START GROUP
LOAD C:/ST/STM32CubeIDE_1.17.0/STM32CubeIDE/plugins/com.st.stm32cube.ide.mcu.externaltools.gnu-tools-for-stm32.13.3.rel1.win32_1.0.0.202411081344/tools/bin/../lib/gcc/arm-none-eabi/13.3.1/../../../../arm-none-eabi/lib/thumb/v7e-m+fp/hard\libc_nano.a
LOAD C:/ST/STM32CubeIDE_1.17.0/STM32CubeIDE/plugins/com.st.stm32cube.ide.mcu.externaltools.gnu-tools-for-stm32.13.3.rel1.win32_1.0.0.202411081344/tools/bin/../lib/gcc/arm-none-eabi/13.3.1/../../../../arm-none-eabi/lib/thumb/v7e-m+fp/hard\libm.a
END GROUP
START GROUP
LOAD C:/ST/STM32CubeIDE_1.17.0/STM32CubeIDE/plugins/com.st.stm32cube.ide.mcu.externaltools.gnu-tools-for-stm32.13.3.rel1.win32_1.0.0.202411081344/tools/bin/../lib/gcc/arm-none-eabi/13.3.1/thumb/v7e-m+fp/hard\libgcc.a
LOAD C:/ST/STM32CubeIDE_1.17.0/STM32CubeIDE/plugins/com.st.stm32cube.ide.mcu.externaltools.gnu-tools-for-stm32.13.3.rel1.win32_1.0.0.202411081344/tools/bin/../lib/gcc/arm-none-eabi/13.3.1/../../../../arm-none-eabi/lib/thumb/v7e-m+fp/hard\libc_nano.a
END GROUP
START GROUP
LOAD C:/ST/STM32CubeIDE_1.17.0/STM32CubeIDE/plugins/com.st.stm32cube.ide.mcu.externaltools.gnu-tools-for-stm32.13.3.rel1.win32_1.0.0.202411081344/tools/bin/../lib/gcc/arm-none-eabi/13.3.1/thumb/v7e-m+fp/hard\libgcc.a
LOAD C:/ST/STM32CubeIDE_1.17.0/STM32CubeIDE/plugins/com.st.stm32cube.ide.mcu.externaltools.gnu-tools-for-stm32.13.3.rel1.win32_1.0.0.202411081344/tools/bin/../lib/gcc/arm-none-eabi/13.3.1/../../../../arm-none-eabi/lib/thumb/v7e-m+fp/hard\libc_nano.a
LOAD C:/ST/STM32CubeIDE_1.17.0/STM32CubeIDE/plugins/com.st.stm32cube.ide.mcu.externaltools.gnu-tools-for-stm32.13.3.rel1.win32_1.0.0.202411081344/tools/bin/../lib/gcc/arm-none-eabi/13.3.1/../../../../arm-none-eabi/lib/thumb/v7e-m+fp/hard\libnosys.a
END GROUP
START GROUP
LOAD C:/ST/STM32CubeIDE_1.17.0/STM32CubeIDE/plugins/com.st.stm32cube.ide.mcu.externaltools.gnu-tools-for-stm32.13.3.rel1.win32_1.0.0.202411081344/tools/bin/../lib/gcc/arm-none-eabi/13.3.1/thumb/v7e-m+fp/hard\libgcc.a
LOAD C:/ST/STM32CubeIDE_1.17.0/STM32CubeIDE/plugins/com.st.stm32cube.ide.mcu.externaltools.gnu-tools-for-stm32.13.3.rel1.win32_1.0.0.202411081344/tools/bin/../lib/gcc/arm-none-eabi/13.3.1/../../../../arm-none-eabi/lib/thumb/v7e-m+fp/hard\libc_nano.a
LOAD C:/ST/STM32CubeIDE_1.17.0/STM32CubeIDE/plugins/com.st.stm32cube.ide.mcu.externaltools.gnu-tools-for-stm32.13.3.rel1.win32_1.0.0.202411081344/tools/bin/../lib/gcc/arm-none-eabi/13.3.1/../../../../arm-none-eabi/lib/thumb/v7e-m+fp/hard\libnosys.a
END GROUP
LOAD C:/ST/STM32CubeIDE_1.17.0/STM32CubeIDE/plugins/com.st.stm32cube.ide.mcu.externaltools.gnu-tools-for-stm32.13.3.rel1.win32_1.0.0.202411081344/tools/bin/../lib/gcc/arm-none-eabi/13.3.1/thumb/v7e-m+fp/hard/crtend.o
LOAD C:/ST/STM32CubeIDE_1.17.0/STM32CubeIDE/plugins/com.st.stm32cube.ide.mcu.externaltools.gnu-tools-for-stm32.13.3.rel1.win32_1.0.0.202411081344/tools/bin/../lib/gcc/arm-none-eabi/13.3.1/thumb/v7e-m+fp/hard/crtn.o
                0x20030000                        _estack = (ORIGIN (RAM) + LENGTH (RAM))
                0x00000200                        _Min_Heap_Size = 0x200
                0x00000400                        _Min_Stack_Size = 0x400

.isr_vector     0x08000000      0x1ac
                0x08000000                        . = ALIGN (0x4)
 *(.isr_vector)
 .isr_vector    0x08000000      0x1ac ./Core/Startup/startup_stm32f429zitx.o
                0x08000000                g_pfnVectors
                0x080001ac                        . = ALIGN (0x4)

.text           0x080001b0     0x563c
                0x080001b0                        . = ALIGN (0x4)
 *(.text)
 .text          0x080001b0       0x40 C:/ST/STM32CubeIDE_1.17.0/STM32CubeIDE/plugins/com.st.stm32cube.ide.mcu.externaltools.gnu-tools-for-stm32.13.3.rel1.win32_1.0.0.202411081344/tools/bin/../lib/gcc/arm-none-eabi/13.3.1/thumb/v7e-m+fp/hard/crtbegin.o
 .text          0x080001f0       0xa0 C:/ST/STM32CubeIDE_1.17.0/STM32CubeIDE/plugins/com.st.stm32cube.ide.mcu.externaltools.gnu-tools-for-stm32.13.3.rel1.win32_1.0.0.202411081344/tools/bin/../lib/gcc/arm-none-eabi/13.3.1/../../../../arm-none-eabi/lib/thumb/v7e-m+fp/hard\libc_nano.a(libc_a-memchr.o)
                0x080001f0                memchr
 .text          0x08000290      0x378 C:/ST/STM32CubeIDE_1.17.0/STM32CubeIDE/plugins/com.st.stm32cube.ide.mcu.externaltools.gnu-tools-for-stm32.13.3.rel1.win32_1.0.0.202411081344/tools/bin/../lib/gcc/arm-none-eabi/13.3.1/thumb/v7e-m+fp/hard\libgcc.a(_arm_addsubdf3.o)
                0x08000290                __aeabi_drsub
                0x08000298                __aeabi_dsub
                0x08000298                __subdf3
                0x0800029c                __aeabi_dadd
                0x0800029c                __adddf3
                0x08000514                __floatunsidf
                0x08000514                __aeabi_ui2d
                0x08000534                __floatsidf
                0x08000534                __aeabi_i2d
                0x08000558                __aeabi_f2d
                0x08000558                __extendsfdf2
                0x0800059c                __floatundidf
                0x0800059c                __aeabi_ul2d
                0x080005ac                __floatdidf
                0x080005ac                __aeabi_l2d
 .text          0x08000608       0x30 C:/ST/STM32CubeIDE_1.17.0/STM32CubeIDE/plugins/com.st.stm32cube.ide.mcu.externaltools.gnu-tools-for-stm32.13.3.rel1.win32_1.0.0.202411081344/tools/bin/../lib/gcc/arm-none-eabi/13.3.1/thumb/v7e-m+fp/hard\libgcc.a(_aeabi_uldivmod.o)
                0x08000608                __aeabi_uldivmod
 .text          0x08000638      0x2f8 C:/ST/STM32CubeIDE_1.17.0/STM32CubeIDE/plugins/com.st.stm32cube.ide.mcu.externaltools.gnu-tools-for-stm32.13.3.rel1.win32_1.0.0.202411081344/tools/bin/../lib/gcc/arm-none-eabi/13.3.1/thumb/v7e-m+fp/hard\libgcc.a(_udivmoddi4.o)
                0x08000638                __udivmoddi4
 .text          0x08000930        0x4 C:/ST/STM32CubeIDE_1.17.0/STM32CubeIDE/plugins/com.st.stm32cube.ide.mcu.externaltools.gnu-tools-for-stm32.13.3.rel1.win32_1.0.0.202411081344/tools/bin/../lib/gcc/arm-none-eabi/13.3.1/thumb/v7e-m+fp/hard\libgcc.a(_dvmd_tls.o)
                0x08000930                __aeabi_idiv0
                0x08000930                __aeabi_ldiv0
 *(.text*)
 .text.HX711_Init
                0x08000934       0x20 ./Core/Src/hx711.o
                0x08000934                HX711_Init
 .text.HX711_IsReady
                0x08000954       0x24 ./Core/Src/hx711.o
                0x08000954                HX711_IsReady
 .text.HX711_ReadRaw
                0x08000978       0xf8 ./Core/Src/hx711.o
                0x08000978                HX711_ReadRaw
 .text.HX711_SetScale
                0x08000a70       0x20 ./Core/Src/hx711.o
                0x08000a70                HX711_SetScale
 .text.HX711_Tare
                0x08000a90       0x50 ./Core/Src/hx711.o
                0x08000a90                HX711_Tare
 .text.HAL_Delay_us
                0x08000ae0       0x4c ./Core/Src/hx711.o
                0x08000ae0                HAL_Delay_us
 .text.System_Error_Handler
                0x08000b2c       0x24 ./Core/Src/main.o
                0x08000b2c                System_Error_Handler
 .text.HX711_Enhanced_IsReady
                0x08000b50       0x36 ./Core/Src/main.o
                0x08000b50                HX711_Enhanced_IsReady
 .text.Debug_Printf
                0x08000b86       0x12 ./Core/Src/main.o
                0x08000b86                Debug_Printf
 .text.System_Init
                0x08000b98      0x214 ./Core/Src/main.o
                0x08000b98                System_Init
 .text.Process_RFID
                0x08000dac      0x118 ./Core/Src/main.o
                0x08000dac                Process_RFID
 .text.main     0x08000ec4       0x2e ./Core/Src/main.o
                0x08000ec4                main
 *fill*         0x08000ef2        0x2 
 .text.SystemClock_Config
                0x08000ef4       0xe0 ./Core/Src/main.o
                0x08000ef4                SystemClock_Config
 .text.MX_SPI1_Init
                0x08000fd4       0x6c ./Core/Src/main.o
 .text.MX_USART1_UART_Init
                0x08001040       0x54 ./Core/Src/main.o
 .text.MX_GPIO_Init
                0x08001094      0x100 ./Core/Src/main.o
 .text.HAL_UART_RxCpltCallback
                0x08001194       0x24 ./Core/Src/main.o
                0x08001194                HAL_UART_RxCpltCallback
 .text.Error_Handler
                0x080011b8       0x1c ./Core/Src/main.o
                0x080011b8                Error_Handler
 .text.RC522_WriteRegister
                0x080011d4       0x58 ./Core/Src/rc522.o
                0x080011d4                RC522_WriteRegister
 .text.RC522_ReadRegister
                0x0800122c       0x64 ./Core/Src/rc522.o
                0x0800122c                RC522_ReadRegister
 .text.RC522_SetBitMask
                0x08001290       0x36 ./Core/Src/rc522.o
                0x08001290                RC522_SetBitMask
 .text.RC522_ClearBitMask
                0x080012c6       0x40 ./Core/Src/rc522.o
                0x080012c6                RC522_ClearBitMask
 *fill*         0x08001306        0x2 
 .text.RC522_Reset
                0x08001308       0x6c ./Core/Src/rc522.o
                0x08001308                RC522_Reset
 .text.RC522_AntennaOn
                0x08001374       0x2a ./Core/Src/rc522.o
                0x08001374                RC522_AntennaOn
 *fill*         0x0800139e        0x2 
 .text.RC522_Init
                0x080013a0       0x64 ./Core/Src/rc522.o
                0x080013a0                RC522_Init
 .text.RC522_ToCard
                0x08001404      0x19e ./Core/Src/rc522.o
                0x08001404                RC522_ToCard
 .text.RC522_Request
                0x080015a2       0x4a ./Core/Src/rc522.o
                0x080015a2                RC522_Request
 .text.RC522_Anticoll
                0x080015ec       0x7a ./Core/Src/rc522.o
                0x080015ec                RC522_Anticoll
 .text.RC522_ReadUID
                0x08001666       0x32 ./Core/Src/rc522.o
                0x08001666                RC522_ReadUID
 .text.IsCardRegistered
                0x08001698       0x4c ./Core/Src/simple_protocol.o
 .text.RegisterCard
                0x080016e4       0x54 ./Core/Src/simple_protocol.o
 .text.SimpleProtocol_SendRegisteredCard
                0x08001738       0x44 ./Core/Src/simple_protocol.o
                0x08001738                SimpleProtocol_SendRegisteredCard
 .text.SimpleProtocol_SendUnregisteredCard
                0x0800177c       0x38 ./Core/Src/simple_protocol.o
                0x0800177c                SimpleProtocol_SendUnregisteredCard
 .text.SimpleProtocol_SendACK
                0x080017b4       0x38 ./Core/Src/simple_protocol.o
                0x080017b4                SimpleProtocol_SendACK
 .text.SimpleProtocol_ProcessCardDetection
                0x080017ec       0x32 ./Core/Src/simple_protocol.o
                0x080017ec                SimpleProtocol_ProcessCardDetection
 *fill*         0x0800181e        0x2 
 .text.SimpleProtocol_StartRxInterrupt
                0x08001820       0x38 ./Core/Src/simple_protocol.o
                0x08001820                SimpleProtocol_StartRxInterrupt
 .text.SimpleProtocol_UART_RxCpltCallback
                0x08001858      0x160 ./Core/Src/simple_protocol.o
                0x08001858                SimpleProtocol_UART_RxCpltCallback
 .text.SimpleProtocol_Init
                0x080019b8       0x4c ./Core/Src/simple_protocol.o
                0x080019b8                SimpleProtocol_Init
 .text.HAL_MspInit
                0x08001a04       0x50 ./Core/Src/stm32f4xx_hal_msp.o
                0x08001a04                HAL_MspInit
 .text.HAL_SPI_MspInit
                0x08001a54       0xa0 ./Core/Src/stm32f4xx_hal_msp.o
                0x08001a54                HAL_SPI_MspInit
 .text.HAL_UART_MspInit
                0x08001af4       0xa0 ./Core/Src/stm32f4xx_hal_msp.o
                0x08001af4                HAL_UART_MspInit
 .text.NMI_Handler
                0x08001b94        0x8 ./Core/Src/stm32f4xx_it.o
                0x08001b94                NMI_Handler
 .text.HardFault_Handler
                0x08001b9c        0x8 ./Core/Src/stm32f4xx_it.o
                0x08001b9c                HardFault_Handler
 .text.MemManage_Handler
                0x08001ba4        0x8 ./Core/Src/stm32f4xx_it.o
                0x08001ba4                MemManage_Handler
 .text.BusFault_Handler
                0x08001bac        0x8 ./Core/Src/stm32f4xx_it.o
                0x08001bac                BusFault_Handler
 .text.UsageFault_Handler
                0x08001bb4        0x8 ./Core/Src/stm32f4xx_it.o
                0x08001bb4                UsageFault_Handler
 .text.SVC_Handler
                0x08001bbc        0xe ./Core/Src/stm32f4xx_it.o
                0x08001bbc                SVC_Handler
 .text.DebugMon_Handler
                0x08001bca        0xe ./Core/Src/stm32f4xx_it.o
                0x08001bca                DebugMon_Handler
 .text.PendSV_Handler
                0x08001bd8        0xe ./Core/Src/stm32f4xx_it.o
                0x08001bd8                PendSV_Handler
 .text.SysTick_Handler
                0x08001be6        0xc ./Core/Src/stm32f4xx_it.o
                0x08001be6                SysTick_Handler
 *fill*         0x08001bf2        0x2 
 .text.TIM2_IRQHandler
                0x08001bf4       0x14 ./Core/Src/stm32f4xx_it.o
                0x08001bf4                TIM2_IRQHandler
 .text.SPI1_IRQHandler
                0x08001c08       0x14 ./Core/Src/stm32f4xx_it.o
                0x08001c08                SPI1_IRQHandler
 .text.USART1_IRQHandler
                0x08001c1c       0x14 ./Core/Src/stm32f4xx_it.o
                0x08001c1c                USART1_IRQHandler
 .text._sbrk    0x08001c30       0x6c ./Core/Src/sysmem.o
                0x08001c30                _sbrk
 .text.SystemInit
                0x08001c9c       0x24 ./Core/Src/system_stm32f4xx.o
                0x08001c9c                SystemInit
 .text.Reset_Handler
                0x08001cc0       0x50 ./Core/Startup/startup_stm32f429zitx.o
                0x08001cc0                Reset_Handler
 .text.Default_Handler
                0x08001d10        0x2 ./Core/Startup/startup_stm32f429zitx.o
                0x08001d10                RTC_Alarm_IRQHandler
                0x08001d10                HASH_RNG_IRQHandler
                0x08001d10                EXTI2_IRQHandler
                0x08001d10                TIM8_CC_IRQHandler
                0x08001d10                UART8_IRQHandler
                0x08001d10                SPI4_IRQHandler
                0x08001d10                TIM1_CC_IRQHandler
                0x08001d10                DMA2_Stream5_IRQHandler
                0x08001d10                DMA1_Stream5_IRQHandler
                0x08001d10                PVD_IRQHandler
                0x08001d10                SDIO_IRQHandler
                0x08001d10                TAMP_STAMP_IRQHandler
                0x08001d10                CAN2_RX1_IRQHandler
                0x08001d10                EXTI3_IRQHandler
                0x08001d10                TIM8_TRG_COM_TIM14_IRQHandler
                0x08001d10                TIM1_UP_TIM10_IRQHandler
                0x08001d10                TIM8_UP_TIM13_IRQHandler
                0x08001d10                I2C3_ER_IRQHandler
                0x08001d10                EXTI0_IRQHandler
                0x08001d10                I2C2_EV_IRQHandler
                0x08001d10                DMA1_Stream2_IRQHandler
                0x08001d10                CAN1_RX0_IRQHandler
                0x08001d10                FPU_IRQHandler
                0x08001d10                OTG_HS_WKUP_IRQHandler
                0x08001d10                LTDC_ER_IRQHandler
                0x08001d10                CAN2_SCE_IRQHandler
                0x08001d10                DMA2_Stream2_IRQHandler
                0x08001d10                TIM6_DAC_IRQHandler
                0x08001d10                TIM1_BRK_TIM9_IRQHandler
                0x08001d10                DCMI_IRQHandler
                0x08001d10                CAN2_RX0_IRQHandler
                0x08001d10                DMA2_Stream3_IRQHandler
                0x08001d10                USART6_IRQHandler
                0x08001d10                USART3_IRQHandler
                0x08001d10                CAN1_RX1_IRQHandler
                0x08001d10                UART5_IRQHandler
                0x08001d10                DMA2_Stream0_IRQHandler
                0x08001d10                TIM4_IRQHandler
                0x08001d10                I2C1_EV_IRQHandler
                0x08001d10                DMA1_Stream6_IRQHandler
                0x08001d10                DMA1_Stream1_IRQHandler
                0x08001d10                UART4_IRQHandler
                0x08001d10                TIM3_IRQHandler
                0x08001d10                RCC_IRQHandler
                0x08001d10                TIM8_BRK_TIM12_IRQHandler
                0x08001d10                Default_Handler
                0x08001d10                EXTI15_10_IRQHandler
                0x08001d10                ADC_IRQHandler
                0x08001d10                DMA1_Stream7_IRQHandler
                0x08001d10                SPI5_IRQHandler
                0x08001d10                TIM7_IRQHandler
                0x08001d10                CAN2_TX_IRQHandler
                0x08001d10                TIM5_IRQHandler
                0x08001d10                DMA2_Stream7_IRQHandler
                0x08001d10                I2C3_EV_IRQHandler
                0x08001d10                EXTI9_5_IRQHandler
                0x08001d10                RTC_WKUP_IRQHandler
                0x08001d10                LTDC_IRQHandler
                0x08001d10                ETH_WKUP_IRQHandler
                0x08001d10                SPI2_IRQHandler
                0x08001d10                OTG_HS_EP1_IN_IRQHandler
                0x08001d10                DMA1_Stream0_IRQHandler
                0x08001d10                CAN1_TX_IRQHandler
                0x08001d10                EXTI4_IRQHandler
                0x08001d10                ETH_IRQHandler
                0x08001d10                OTG_HS_EP1_OUT_IRQHandler
                0x08001d10                WWDG_IRQHandler
                0x08001d10                SPI6_IRQHandler
                0x08001d10                OTG_FS_WKUP_IRQHandler
                0x08001d10                TIM1_TRG_COM_TIM11_IRQHandler
                0x08001d10                OTG_HS_IRQHandler
                0x08001d10                DMA2D_IRQHandler
                0x08001d10                EXTI1_IRQHandler
                0x08001d10                UART7_IRQHandler
                0x08001d10                USART2_IRQHandler
                0x08001d10                I2C2_ER_IRQHandler
                0x08001d10                DMA2_Stream1_IRQHandler
                0x08001d10                CAN1_SCE_IRQHandler
                0x08001d10                FLASH_IRQHandler
                0x08001d10                DMA2_Stream4_IRQHandler
                0x08001d10                OTG_FS_IRQHandler
                0x08001d10                SPI3_IRQHandler
                0x08001d10                DMA1_Stream4_IRQHandler
                0x08001d10                I2C1_ER_IRQHandler
                0x08001d10                FMC_IRQHandler
                0x08001d10                DMA2_Stream6_IRQHandler
                0x08001d10                SAI1_IRQHandler
                0x08001d10                DMA1_Stream3_IRQHandler
 *fill*         0x08001d12        0x2 
 .text.HAL_Init
                0x08001d14       0x44 ./Drivers/STM32F4xx_HAL_Driver/Src/stm32f4xx_hal.o
                0x08001d14                HAL_Init
 .text.HAL_InitTick
                0x08001d58       0x60 ./Drivers/STM32F4xx_HAL_Driver/Src/stm32f4xx_hal.o
                0x08001d58                HAL_InitTick
 .text.HAL_IncTick
                0x08001db8       0x28 ./Drivers/STM32F4xx_HAL_Driver/Src/stm32f4xx_hal.o
                0x08001db8                HAL_IncTick
 .text.HAL_GetTick
                0x08001de0       0x18 ./Drivers/STM32F4xx_HAL_Driver/Src/stm32f4xx_hal.o
                0x08001de0                HAL_GetTick
 .text.HAL_Delay
                0x08001df8       0x48 ./Drivers/STM32F4xx_HAL_Driver/Src/stm32f4xx_hal.o
                0x08001df8                HAL_Delay
 .text.__NVIC_SetPriorityGrouping
                0x08001e40       0x48 ./Drivers/STM32F4xx_HAL_Driver/Src/stm32f4xx_hal_cortex.o
 .text.__NVIC_GetPriorityGrouping
                0x08001e88       0x1c ./Drivers/STM32F4xx_HAL_Driver/Src/stm32f4xx_hal_cortex.o
 .text.__NVIC_EnableIRQ
                0x08001ea4       0x3c ./Drivers/STM32F4xx_HAL_Driver/Src/stm32f4xx_hal_cortex.o
 .text.__NVIC_SetPriority
                0x08001ee0       0x54 ./Drivers/STM32F4xx_HAL_Driver/Src/stm32f4xx_hal_cortex.o
 .text.NVIC_EncodePriority
                0x08001f34       0x66 ./Drivers/STM32F4xx_HAL_Driver/Src/stm32f4xx_hal_cortex.o
 *fill*         0x08001f9a        0x2 
 .text.SysTick_Config
                0x08001f9c       0x44 ./Drivers/STM32F4xx_HAL_Driver/Src/stm32f4xx_hal_cortex.o
 .text.HAL_NVIC_SetPriorityGrouping
                0x08001fe0       0x16 ./Drivers/STM32F4xx_HAL_Driver/Src/stm32f4xx_hal_cortex.o
                0x08001fe0                HAL_NVIC_SetPriorityGrouping
 .text.HAL_NVIC_SetPriority
                0x08001ff6       0x38 ./Drivers/STM32F4xx_HAL_Driver/Src/stm32f4xx_hal_cortex.o
                0x08001ff6                HAL_NVIC_SetPriority
 .text.HAL_NVIC_EnableIRQ
                0x0800202e       0x1c ./Drivers/STM32F4xx_HAL_Driver/Src/stm32f4xx_hal_cortex.o
                0x0800202e                HAL_NVIC_EnableIRQ
 .text.HAL_SYSTICK_Config
                0x0800204a       0x18 ./Drivers/STM32F4xx_HAL_Driver/Src/stm32f4xx_hal_cortex.o
                0x0800204a                HAL_SYSTICK_Config
 .text.HAL_DMA_Abort
                0x08002062       0xe0 ./Drivers/STM32F4xx_HAL_Driver/Src/stm32f4xx_hal_dma.o
                0x08002062                HAL_DMA_Abort
 .text.HAL_DMA_Abort_IT
                0x08002142       0x44 ./Drivers/STM32F4xx_HAL_Driver/Src/stm32f4xx_hal_dma.o
                0x08002142                HAL_DMA_Abort_IT
 .text.HAL_DMA_GetError
                0x08002186       0x18 ./Drivers/STM32F4xx_HAL_Driver/Src/stm32f4xx_hal_dma.o
                0x08002186                HAL_DMA_GetError
 *fill*         0x0800219e        0x2 
 .text.HAL_GPIO_Init
                0x080021a0      0x358 ./Drivers/STM32F4xx_HAL_Driver/Src/stm32f4xx_hal_gpio.o
                0x080021a0                HAL_GPIO_Init
 .text.HAL_GPIO_ReadPin
                0x080024f8       0x30 ./Drivers/STM32F4xx_HAL_Driver/Src/stm32f4xx_hal_gpio.o
                0x080024f8                HAL_GPIO_ReadPin
 .text.HAL_GPIO_WritePin
                0x08002528       0x32 ./Drivers/STM32F4xx_HAL_Driver/Src/stm32f4xx_hal_gpio.o
                0x08002528                HAL_GPIO_WritePin
 .text.HAL_GPIO_TogglePin
                0x0800255a       0x34 ./Drivers/STM32F4xx_HAL_Driver/Src/stm32f4xx_hal_gpio.o
                0x0800255a                HAL_GPIO_TogglePin
 *fill*         0x0800258e        0x2 
 .text.HAL_PWREx_EnableOverDrive
                0x08002590       0xa0 ./Drivers/STM32F4xx_HAL_Driver/Src/stm32f4xx_hal_pwr_ex.o
                0x08002590                HAL_PWREx_EnableOverDrive
 .text.HAL_RCC_OscConfig
                0x08002630      0x4f0 ./Drivers/STM32F4xx_HAL_Driver/Src/stm32f4xx_hal_rcc.o
                0x08002630                HAL_RCC_OscConfig
 .text.HAL_RCC_ClockConfig
                0x08002b20      0x1cc ./Drivers/STM32F4xx_HAL_Driver/Src/stm32f4xx_hal_rcc.o
                0x08002b20                HAL_RCC_ClockConfig
 .text.HAL_RCC_GetSysClockFreq
                0x08002cec      0x18c ./Drivers/STM32F4xx_HAL_Driver/Src/stm32f4xx_hal_rcc.o
                0x08002cec                HAL_RCC_GetSysClockFreq
 .text.HAL_RCC_GetHCLKFreq
                0x08002e78       0x18 ./Drivers/STM32F4xx_HAL_Driver/Src/stm32f4xx_hal_rcc.o
                0x08002e78                HAL_RCC_GetHCLKFreq
 .text.HAL_RCC_GetPCLK1Freq
                0x08002e90       0x28 ./Drivers/STM32F4xx_HAL_Driver/Src/stm32f4xx_hal_rcc.o
                0x08002e90                HAL_RCC_GetPCLK1Freq
 .text.HAL_RCC_GetPCLK2Freq
                0x08002eb8       0x28 ./Drivers/STM32F4xx_HAL_Driver/Src/stm32f4xx_hal_rcc.o
                0x08002eb8                HAL_RCC_GetPCLK2Freq
 .text.HAL_SPI_Init
                0x08002ee0      0x112 ./Drivers/STM32F4xx_HAL_Driver/Src/stm32f4xx_hal_spi.o
                0x08002ee0                HAL_SPI_Init
 .text.HAL_SPI_Transmit
                0x08002ff2      0x288 ./Drivers/STM32F4xx_HAL_Driver/Src/stm32f4xx_hal_spi.o
                0x08002ff2                HAL_SPI_Transmit
 .text.HAL_SPI_TransmitReceive
                0x0800327a      0x352 ./Drivers/STM32F4xx_HAL_Driver/Src/stm32f4xx_hal_spi.o
                0x0800327a                HAL_SPI_TransmitReceive
 .text.HAL_SPI_IRQHandler
                0x080035cc      0x200 ./Drivers/STM32F4xx_HAL_Driver/Src/stm32f4xx_hal_spi.o
                0x080035cc                HAL_SPI_IRQHandler
 .text.HAL_SPI_ErrorCallback
                0x080037cc       0x14 ./Drivers/STM32F4xx_HAL_Driver/Src/stm32f4xx_hal_spi.o
                0x080037cc                HAL_SPI_ErrorCallback
 .text.SPI_DMAAbortOnError
                0x080037e0       0x28 ./Drivers/STM32F4xx_HAL_Driver/Src/stm32f4xx_hal_spi.o
 .text.SPI_WaitFlagStateUntilTimeout
                0x08003808      0x110 ./Drivers/STM32F4xx_HAL_Driver/Src/stm32f4xx_hal_spi.o
 .text.SPI_EndRxTxTransaction
                0x08003918       0xa8 ./Drivers/STM32F4xx_HAL_Driver/Src/stm32f4xx_hal_spi.o
 .text.HAL_TIM_IRQHandler
                0x080039c0      0x1e0 ./Drivers/STM32F4xx_HAL_Driver/Src/stm32f4xx_hal_tim.o
                0x080039c0                HAL_TIM_IRQHandler
 .text.HAL_TIM_PeriodElapsedCallback
                0x08003ba0       0x14 ./Drivers/STM32F4xx_HAL_Driver/Src/stm32f4xx_hal_tim.o
                0x08003ba0                HAL_TIM_PeriodElapsedCallback
 .text.HAL_TIM_OC_DelayElapsedCallback
                0x08003bb4       0x14 ./Drivers/STM32F4xx_HAL_Driver/Src/stm32f4xx_hal_tim.o
                0x08003bb4                HAL_TIM_OC_DelayElapsedCallback
 .text.HAL_TIM_IC_CaptureCallback
                0x08003bc8       0x14 ./Drivers/STM32F4xx_HAL_Driver/Src/stm32f4xx_hal_tim.o
                0x08003bc8                HAL_TIM_IC_CaptureCallback
 .text.HAL_TIM_PWM_PulseFinishedCallback
                0x08003bdc       0x14 ./Drivers/STM32F4xx_HAL_Driver/Src/stm32f4xx_hal_tim.o
                0x08003bdc                HAL_TIM_PWM_PulseFinishedCallback
 .text.HAL_TIM_TriggerCallback
                0x08003bf0       0x14 ./Drivers/STM32F4xx_HAL_Driver/Src/stm32f4xx_hal_tim.o
                0x08003bf0                HAL_TIM_TriggerCallback
 .text.HAL_TIMEx_CommutCallback
                0x08003c04       0x14 ./Drivers/STM32F4xx_HAL_Driver/Src/stm32f4xx_hal_tim_ex.o
                0x08003c04                HAL_TIMEx_CommutCallback
 .text.HAL_TIMEx_BreakCallback
                0x08003c18       0x14 ./Drivers/STM32F4xx_HAL_Driver/Src/stm32f4xx_hal_tim_ex.o
                0x08003c18                HAL_TIMEx_BreakCallback
 .text.HAL_UART_Init
                0x08003c2c       0xa0 ./Drivers/STM32F4xx_HAL_Driver/Src/stm32f4xx_hal_uart.o
                0x08003c2c                HAL_UART_Init
 .text.HAL_UART_Transmit
                0x08003ccc      0x116 ./Drivers/STM32F4xx_HAL_Driver/Src/stm32f4xx_hal_uart.o
                0x08003ccc                HAL_UART_Transmit
 .text.HAL_UART_Receive_IT
                0x08003de2       0x4a ./Drivers/STM32F4xx_HAL_Driver/Src/stm32f4xx_hal_uart.o
                0x08003de2                HAL_UART_Receive_IT
 .text.HAL_UART_AbortReceive
                0x08003e2c      0x146 ./Drivers/STM32F4xx_HAL_Driver/Src/stm32f4xx_hal_uart.o
                0x08003e2c                HAL_UART_AbortReceive
 *fill*         0x08003f72        0x2 
 .text.HAL_UART_IRQHandler
                0x08003f74      0x554 ./Drivers/STM32F4xx_HAL_Driver/Src/stm32f4xx_hal_uart.o
                0x08003f74                HAL_UART_IRQHandler
 .text.HAL_UART_TxCpltCallback
                0x080044c8       0x14 ./Drivers/STM32F4xx_HAL_Driver/Src/stm32f4xx_hal_uart.o
                0x080044c8                HAL_UART_TxCpltCallback
 .text.HAL_UART_ErrorCallback
                0x080044dc       0x14 ./Drivers/STM32F4xx_HAL_Driver/Src/stm32f4xx_hal_uart.o
                0x080044dc                HAL_UART_ErrorCallback
 .text.HAL_UARTEx_RxEventCallback
                0x080044f0       0x18 ./Drivers/STM32F4xx_HAL_Driver/Src/stm32f4xx_hal_uart.o
                0x080044f0                HAL_UARTEx_RxEventCallback
 .text.UART_WaitOnFlagUntilTimeout
                0x08004508       0xb2 ./Drivers/STM32F4xx_HAL_Driver/Src/stm32f4xx_hal_uart.o
 .text.UART_Start_Receive_IT
                0x080045ba       0x74 ./Drivers/STM32F4xx_HAL_Driver/Src/stm32f4xx_hal_uart.o
                0x080045ba                UART_Start_Receive_IT
 .text.UART_EndRxTransfer
                0x0800462e       0xc6 ./Drivers/STM32F4xx_HAL_Driver/Src/stm32f4xx_hal_uart.o
 .text.UART_DMAAbortOnError
                0x080046f4       0x22 ./Drivers/STM32F4xx_HAL_Driver/Src/stm32f4xx_hal_uart.o
 .text.UART_Transmit_IT
                0x08004716       0xa0 ./Drivers/STM32F4xx_HAL_Driver/Src/stm32f4xx_hal_uart.o
 .text.UART_EndTransmit_IT
                0x080047b6       0x30 ./Drivers/STM32F4xx_HAL_Driver/Src/stm32f4xx_hal_uart.o
 .text.UART_Receive_IT
                0x080047e6      0x17c ./Drivers/STM32F4xx_HAL_Driver/Src/stm32f4xx_hal_uart.o
 *fill*         0x08004962        0x2 
 .text.UART_SetConfig
                0x08004964      0x4e8 ./Drivers/STM32F4xx_HAL_Driver/Src/stm32f4xx_hal_uart.o
 .text.snprintf
                0x08004e4c       0x6c C:/ST/STM32CubeIDE_1.17.0/STM32CubeIDE/plugins/com.st.stm32cube.ide.mcu.externaltools.gnu-tools-for-stm32.13.3.rel1.win32_1.0.0.202411081344/tools/bin/../lib/gcc/arm-none-eabi/13.3.1/../../../../arm-none-eabi/lib/thumb/v7e-m+fp/hard\libc_nano.a(libc_a-snprintf.o)
                0x08004e4c                sniprintf
                0x08004e4c                snprintf
 .text.memcmp   0x08004eb8       0x20 C:/ST/STM32CubeIDE_1.17.0/STM32CubeIDE/plugins/com.st.stm32cube.ide.mcu.externaltools.gnu-tools-for-stm32.13.3.rel1.win32_1.0.0.202411081344/tools/bin/../lib/gcc/arm-none-eabi/13.3.1/../../../../arm-none-eabi/lib/thumb/v7e-m+fp/hard\libc_nano.a(libc_a-memcmp.o)
                0x08004eb8                memcmp
 .text.memset   0x08004ed8       0x10 C:/ST/STM32CubeIDE_1.17.0/STM32CubeIDE/plugins/com.st.stm32cube.ide.mcu.externaltools.gnu-tools-for-stm32.13.3.rel1.win32_1.0.0.202411081344/tools/bin/../lib/gcc/arm-none-eabi/13.3.1/../../../../arm-none-eabi/lib/thumb/v7e-m+fp/hard\libc_nano.a(libc_a-memset.o)
                0x08004ed8                memset
 .text.__errno  0x08004ee8        0xc C:/ST/STM32CubeIDE_1.17.0/STM32CubeIDE/plugins/com.st.stm32cube.ide.mcu.externaltools.gnu-tools-for-stm32.13.3.rel1.win32_1.0.0.202411081344/tools/bin/../lib/gcc/arm-none-eabi/13.3.1/../../../../arm-none-eabi/lib/thumb/v7e-m+fp/hard\libc_nano.a(libc_a-errno.o)
                0x08004ee8                __errno
 .text.__libc_init_array
                0x08004ef4       0x48 C:/ST/STM32CubeIDE_1.17.0/STM32CubeIDE/plugins/com.st.stm32cube.ide.mcu.externaltools.gnu-tools-for-stm32.13.3.rel1.win32_1.0.0.202411081344/tools/bin/../lib/gcc/arm-none-eabi/13.3.1/../../../../arm-none-eabi/lib/thumb/v7e-m+fp/hard\libc_nano.a(libc_a-init.o)
                0x08004ef4                __libc_init_array
 .text.__retarget_lock_acquire_recursive
                0x08004f3c        0x2 C:/ST/STM32CubeIDE_1.17.0/STM32CubeIDE/plugins/com.st.stm32cube.ide.mcu.externaltools.gnu-tools-for-stm32.13.3.rel1.win32_1.0.0.202411081344/tools/bin/../lib/gcc/arm-none-eabi/13.3.1/../../../../arm-none-eabi/lib/thumb/v7e-m+fp/hard\libc_nano.a(libc_a-lock.o)
                0x08004f3c                __retarget_lock_acquire_recursive
 .text.__retarget_lock_release_recursive
                0x08004f3e        0x2 C:/ST/STM32CubeIDE_1.17.0/STM32CubeIDE/plugins/com.st.stm32cube.ide.mcu.externaltools.gnu-tools-for-stm32.13.3.rel1.win32_1.0.0.202411081344/tools/bin/../lib/gcc/arm-none-eabi/13.3.1/../../../../arm-none-eabi/lib/thumb/v7e-m+fp/hard\libc_nano.a(libc_a-lock.o)
                0x08004f3e                __retarget_lock_release_recursive
 .text._free_r  0x08004f40       0x94 C:/ST/STM32CubeIDE_1.17.0/STM32CubeIDE/plugins/com.st.stm32cube.ide.mcu.externaltools.gnu-tools-for-stm32.13.3.rel1.win32_1.0.0.202411081344/tools/bin/../lib/gcc/arm-none-eabi/13.3.1/../../../../arm-none-eabi/lib/thumb/v7e-m+fp/hard\libc_nano.a(libc_a-freer.o)
                0x08004f40                _free_r
 .text.sbrk_aligned
                0x08004fd4       0x44 C:/ST/STM32CubeIDE_1.17.0/STM32CubeIDE/plugins/com.st.stm32cube.ide.mcu.externaltools.gnu-tools-for-stm32.13.3.rel1.win32_1.0.0.202411081344/tools/bin/../lib/gcc/arm-none-eabi/13.3.1/../../../../arm-none-eabi/lib/thumb/v7e-m+fp/hard\libc_nano.a(libc_a-mallocr.o)
 .text._malloc_r
                0x08005018      0x100 C:/ST/STM32CubeIDE_1.17.0/STM32CubeIDE/plugins/com.st.stm32cube.ide.mcu.externaltools.gnu-tools-for-stm32.13.3.rel1.win32_1.0.0.202411081344/tools/bin/../lib/gcc/arm-none-eabi/13.3.1/../../../../arm-none-eabi/lib/thumb/v7e-m+fp/hard\libc_nano.a(libc_a-mallocr.o)
                0x08005018                _malloc_r
 .text.__malloc_lock
                0x08005118        0xc C:/ST/STM32CubeIDE_1.17.0/STM32CubeIDE/plugins/com.st.stm32cube.ide.mcu.externaltools.gnu-tools-for-stm32.13.3.rel1.win32_1.0.0.202411081344/tools/bin/../lib/gcc/arm-none-eabi/13.3.1/../../../../arm-none-eabi/lib/thumb/v7e-m+fp/hard\libc_nano.a(libc_a-mlock.o)
                0x08005118                __malloc_lock
 .text.__malloc_unlock
                0x08005124        0xc C:/ST/STM32CubeIDE_1.17.0/STM32CubeIDE/plugins/com.st.stm32cube.ide.mcu.externaltools.gnu-tools-for-stm32.13.3.rel1.win32_1.0.0.202411081344/tools/bin/../lib/gcc/arm-none-eabi/13.3.1/../../../../arm-none-eabi/lib/thumb/v7e-m+fp/hard\libc_nano.a(libc_a-mlock.o)
                0x08005124                __malloc_unlock
 .text.__ssputs_r
                0x08005130       0xb6 C:/ST/STM32CubeIDE_1.17.0/STM32CubeIDE/plugins/com.st.stm32cube.ide.mcu.externaltools.gnu-tools-for-stm32.13.3.rel1.win32_1.0.0.202411081344/tools/bin/../lib/gcc/arm-none-eabi/13.3.1/../../../../arm-none-eabi/lib/thumb/v7e-m+fp/hard\libc_nano.a(libc_a-nano-svfprintf.o)
                0x08005130                __ssputs_r
 *fill*         0x080051e6        0x2 
 .text._svfprintf_r
                0x080051e8      0x1f8 C:/ST/STM32CubeIDE_1.17.0/STM32CubeIDE/plugins/com.st.stm32cube.ide.mcu.externaltools.gnu-tools-for-stm32.13.3.rel1.win32_1.0.0.202411081344/tools/bin/../lib/gcc/arm-none-eabi/13.3.1/../../../../arm-none-eabi/lib/thumb/v7e-m+fp/hard\libc_nano.a(libc_a-nano-svfprintf.o)
                0x080051e8                _svfiprintf_r
                0x080051e8                _svfprintf_r
 .text._printf_common
                0x080053e0       0xda C:/ST/STM32CubeIDE_1.17.0/STM32CubeIDE/plugins/com.st.stm32cube.ide.mcu.externaltools.gnu-tools-for-stm32.13.3.rel1.win32_1.0.0.202411081344/tools/bin/../lib/gcc/arm-none-eabi/13.3.1/../../../../arm-none-eabi/lib/thumb/v7e-m+fp/hard\libc_nano.a(libc_a-nano-vfprintf_i.o)
                0x080053e0                _printf_common
 *fill*         0x080054ba        0x2 
 .text._printf_i
                0x080054bc      0x23c C:/ST/STM32CubeIDE_1.17.0/STM32CubeIDE/plugins/com.st.stm32cube.ide.mcu.externaltools.gnu-tools-for-stm32.13.3.rel1.win32_1.0.0.202411081344/tools/bin/../lib/gcc/arm-none-eabi/13.3.1/../../../../arm-none-eabi/lib/thumb/v7e-m+fp/hard\libc_nano.a(libc_a-nano-vfprintf_i.o)
                0x080054bc                _printf_i
 .text.memmove  0x080056f8       0x34 C:/ST/STM32CubeIDE_1.17.0/STM32CubeIDE/plugins/com.st.stm32cube.ide.mcu.externaltools.gnu-tools-for-stm32.13.3.rel1.win32_1.0.0.202411081344/tools/bin/../lib/gcc/arm-none-eabi/13.3.1/../../../../arm-none-eabi/lib/thumb/v7e-m+fp/hard\libc_nano.a(libc_a-memmove.o)
                0x080056f8                memmove
 .text._sbrk_r  0x0800572c       0x20 C:/ST/STM32CubeIDE_1.17.0/STM32CubeIDE/plugins/com.st.stm32cube.ide.mcu.externaltools.gnu-tools-for-stm32.13.3.rel1.win32_1.0.0.202411081344/tools/bin/../lib/gcc/arm-none-eabi/13.3.1/../../../../arm-none-eabi/lib/thumb/v7e-m+fp/hard\libc_nano.a(libc_a-sbrkr.o)
                0x0800572c                _sbrk_r
 .text.memcpy   0x0800574c       0x1c C:/ST/STM32CubeIDE_1.17.0/STM32CubeIDE/plugins/com.st.stm32cube.ide.mcu.externaltools.gnu-tools-for-stm32.13.3.rel1.win32_1.0.0.202411081344/tools/bin/../lib/gcc/arm-none-eabi/13.3.1/../../../../arm-none-eabi/lib/thumb/v7e-m+fp/hard\libc_nano.a(libc_a-memcpy-stub.o)
                0x0800574c                memcpy
 .text._realloc_r
                0x08005768       0x5c C:/ST/STM32CubeIDE_1.17.0/STM32CubeIDE/plugins/com.st.stm32cube.ide.mcu.externaltools.gnu-tools-for-stm32.13.3.rel1.win32_1.0.0.202411081344/tools/bin/../lib/gcc/arm-none-eabi/13.3.1/../../../../arm-none-eabi/lib/thumb/v7e-m+fp/hard\libc_nano.a(libc_a-reallocr.o)
                0x08005768                _realloc_r
 .text._malloc_usable_size_r
                0x080057c4       0x10 C:/ST/STM32CubeIDE_1.17.0/STM32CubeIDE/plugins/com.st.stm32cube.ide.mcu.externaltools.gnu-tools-for-stm32.13.3.rel1.win32_1.0.0.202411081344/tools/bin/../lib/gcc/arm-none-eabi/13.3.1/../../../../arm-none-eabi/lib/thumb/v7e-m+fp/hard\libc_nano.a(libc_a-msizer.o)
                0x080057c4                _malloc_usable_size_r
 *(.glue_7)
 .glue_7        0x080057d4        0x0 linker stubs
 *(.glue_7t)
 .glue_7t       0x080057d4        0x0 linker stubs
 *(.eh_frame)
 .eh_frame      0x080057d4        0x0 C:/ST/STM32CubeIDE_1.17.0/STM32CubeIDE/plugins/com.st.stm32cube.ide.mcu.externaltools.gnu-tools-for-stm32.13.3.rel1.win32_1.0.0.202411081344/tools/bin/../lib/gcc/arm-none-eabi/13.3.1/thumb/v7e-m+fp/hard/crtbegin.o
 *(.init)
 .init          0x080057d4        0x4 C:/ST/STM32CubeIDE_1.17.0/STM32CubeIDE/plugins/com.st.stm32cube.ide.mcu.externaltools.gnu-tools-for-stm32.13.3.rel1.win32_1.0.0.202411081344/tools/bin/../lib/gcc/arm-none-eabi/13.3.1/thumb/v7e-m+fp/hard/crti.o
                0x080057d4                _init
 .init          0x080057d8        0x8 C:/ST/STM32CubeIDE_1.17.0/STM32CubeIDE/plugins/com.st.stm32cube.ide.mcu.externaltools.gnu-tools-for-stm32.13.3.rel1.win32_1.0.0.202411081344/tools/bin/../lib/gcc/arm-none-eabi/13.3.1/thumb/v7e-m+fp/hard/crtn.o
 *(.fini)
 .fini          0x080057e0        0x4 C:/ST/STM32CubeIDE_1.17.0/STM32CubeIDE/plugins/com.st.stm32cube.ide.mcu.externaltools.gnu-tools-for-stm32.13.3.rel1.win32_1.0.0.202411081344/tools/bin/../lib/gcc/arm-none-eabi/13.3.1/thumb/v7e-m+fp/hard/crti.o
                0x080057e0                _fini
 .fini          0x080057e4        0x8 C:/ST/STM32CubeIDE_1.17.0/STM32CubeIDE/plugins/com.st.stm32cube.ide.mcu.externaltools.gnu-tools-for-stm32.13.3.rel1.win32_1.0.0.202411081344/tools/bin/../lib/gcc/arm-none-eabi/13.3.1/thumb/v7e-m+fp/hard/crtn.o
                0x080057ec                        . = ALIGN (0x4)
                0x080057ec                        _etext = .

.vfp11_veneer   0x080057ec        0x0
 .vfp11_veneer  0x080057ec        0x0 linker stubs

.v4_bx          0x080057ec        0x0
 .v4_bx         0x080057ec        0x0 linker stubs

.iplt           0x080057ec        0x0
 .iplt          0x080057ec        0x0 C:/ST/STM32CubeIDE_1.17.0/STM32CubeIDE/plugins/com.st.stm32cube.ide.mcu.externaltools.gnu-tools-for-stm32.13.3.rel1.win32_1.0.0.202411081344/tools/bin/../lib/gcc/arm-none-eabi/13.3.1/thumb/v7e-m+fp/hard/crtbegin.o

.rodata         0x080057ec      0x5a0
                0x080057ec                        . = ALIGN (0x4)
 *(.rodata)
 .rodata        0x080057ec      0x543 ./Core/Src/main.o
 *(.rodata*)
 *fill*         0x08005d2f        0x1 
 .rodata.__FUNCTION__.0
                0x08005d30        0xe ./Core/Src/main.o
 *fill*         0x08005d3e        0x2 
 .rodata.AHBPrescTable
                0x08005d40       0x10 ./Core/Src/system_stm32f4xx.o
                0x08005d40                AHBPrescTable
 .rodata.APBPrescTable
                0x08005d50        0x8 ./Core/Src/system_stm32f4xx.o
                0x08005d50                APBPrescTable
 .rodata._svfprintf_r.str1.1
                0x08005d58       0x33 C:/ST/STM32CubeIDE_1.17.0/STM32CubeIDE/plugins/com.st.stm32cube.ide.mcu.externaltools.gnu-tools-for-stm32.13.3.rel1.win32_1.0.0.202411081344/tools/bin/../lib/gcc/arm-none-eabi/13.3.1/../../../../arm-none-eabi/lib/thumb/v7e-m+fp/hard\libc_nano.a(libc_a-nano-svfprintf.o)
                                 0x11 (size before relaxing)
 .rodata._printf_i.str1.1
                0x08005d8b       0x22 C:/ST/STM32CubeIDE_1.17.0/STM32CubeIDE/plugins/com.st.stm32cube.ide.mcu.externaltools.gnu-tools-for-stm32.13.3.rel1.win32_1.0.0.202411081344/tools/bin/../lib/gcc/arm-none-eabi/13.3.1/../../../../arm-none-eabi/lib/thumb/v7e-m+fp/hard\libc_nano.a(libc_a-nano-vfprintf_i.o)
                0x08005db0                        . = ALIGN (0x4)
 *fill*         0x08005d8b        0x1 

.ARM.extab      0x08005d8c        0x0
                0x08005d8c                        . = ALIGN (0x4)
 *(.ARM.extab* .gnu.linkonce.armextab.*)
                0x08005d8c                        . = ALIGN (0x4)

.ARM            0x08005d8c        0x8
                0x08005d8c                        . = ALIGN (0x4)
                0x08005d8c                        __exidx_start = .
 *(.ARM.exidx*)
 .ARM.exidx     0x08005d8c        0x8 C:/ST/STM32CubeIDE_1.17.0/STM32CubeIDE/plugins/com.st.stm32cube.ide.mcu.externaltools.gnu-tools-for-stm32.13.3.rel1.win32_1.0.0.202411081344/tools/bin/../lib/gcc/arm-none-eabi/13.3.1/../../../../arm-none-eabi/lib/thumb/v7e-m+fp/hard\libc_nano.a(libc_a-memchr.o)
 .ARM.exidx     0x08005d94        0x0 C:/ST/STM32CubeIDE_1.17.0/STM32CubeIDE/plugins/com.st.stm32cube.ide.mcu.externaltools.gnu-tools-for-stm32.13.3.rel1.win32_1.0.0.202411081344/tools/bin/../lib/gcc/arm-none-eabi/13.3.1/thumb/v7e-m+fp/hard\libgcc.a(_udivmoddi4.o)
                                  0x8 (size before relaxing)
                0x08005d94                        __exidx_end = .
                0x08005d94                        . = ALIGN (0x4)

.preinit_array  0x08005d94        0x0
                0x08005d94                        . = ALIGN (0x4)
                0x08005d94                        PROVIDE (__preinit_array_start = .)
 *(.preinit_array*)
                0x08005d94                        PROVIDE (__preinit_array_end = .)
                0x08005d94                        . = ALIGN (0x4)

.init_array     0x08005d94        0x4
                0x08005d94                        . = ALIGN (0x4)
                0x08005d94                        PROVIDE (__init_array_start = .)
 *(SORT_BY_NAME(.init_array.*))
 *(.init_array*)
 .init_array    0x08005d94        0x4 C:/ST/STM32CubeIDE_1.17.0/STM32CubeIDE/plugins/com.st.stm32cube.ide.mcu.externaltools.gnu-tools-for-stm32.13.3.rel1.win32_1.0.0.202411081344/tools/bin/../lib/gcc/arm-none-eabi/13.3.1/thumb/v7e-m+fp/hard/crtbegin.o
                0x08005d98                        PROVIDE (__init_array_end = .)
                0x08005d98                        . = ALIGN (0x4)

.fini_array     0x08005d98        0x4
                0x08005d98                        . = ALIGN (0x4)
                [!provide]                        PROVIDE (__fini_array_start = .)
 *(SORT_BY_NAME(.fini_array.*))
 *(.fini_array*)
 .fini_array    0x08005d98        0x4 C:/ST/STM32CubeIDE_1.17.0/STM32CubeIDE/plugins/com.st.stm32cube.ide.mcu.externaltools.gnu-tools-for-stm32.13.3.rel1.win32_1.0.0.202411081344/tools/bin/../lib/gcc/arm-none-eabi/13.3.1/thumb/v7e-m+fp/hard/crtbegin.o
                [!provide]                        PROVIDE (__fini_array_end = .)
                0x08005d9c                        . = ALIGN (0x4)
                0x08005d9c                        _sidata = LOADADDR (.data)

.rel.dyn        0x08005d9c        0x0
 .rel.iplt      0x08005d9c        0x0 C:/ST/STM32CubeIDE_1.17.0/STM32CubeIDE/plugins/com.st.stm32cube.ide.mcu.externaltools.gnu-tools-for-stm32.13.3.rel1.win32_1.0.0.202411081344/tools/bin/../lib/gcc/arm-none-eabi/13.3.1/thumb/v7e-m+fp/hard/crtbegin.o

.data           0x20000000       0x60 load address 0x08005d9c
                0x20000000                        . = ALIGN (0x4)
                0x20000000                        _sdata = .
 *(.data)
 *(.data*)
 .data.hx711_scale
                0x20000000        0x4 ./Core/Src/hx711.o
                0x20000000                hx711_scale
 .data.SystemCoreClock
                0x20000004        0x4 ./Core/Src/system_stm32f4xx.o
                0x20000004                SystemCoreClock
 .data.uwTickPrio
                0x20000008        0x4 ./Drivers/STM32F4xx_HAL_Driver/Src/stm32f4xx_hal.o
                0x20000008                uwTickPrio
 .data.uwTickFreq
                0x2000000c        0x1 ./Drivers/STM32F4xx_HAL_Driver/Src/stm32f4xx_hal.o
                0x2000000c                uwTickFreq
 *fill*         0x2000000d        0x3 
 .data._impure_ptr
                0x20000010        0x4 C:/ST/STM32CubeIDE_1.17.0/STM32CubeIDE/plugins/com.st.stm32cube.ide.mcu.externaltools.gnu-tools-for-stm32.13.3.rel1.win32_1.0.0.202411081344/tools/bin/../lib/gcc/arm-none-eabi/13.3.1/../../../../arm-none-eabi/lib/thumb/v7e-m+fp/hard\libc_nano.a(libc_a-impure.o)
                0x20000010                _impure_ptr
 .data._impure_data
                0x20000014       0x4c C:/ST/STM32CubeIDE_1.17.0/STM32CubeIDE/plugins/com.st.stm32cube.ide.mcu.externaltools.gnu-tools-for-stm32.13.3.rel1.win32_1.0.0.202411081344/tools/bin/../lib/gcc/arm-none-eabi/13.3.1/../../../../arm-none-eabi/lib/thumb/v7e-m+fp/hard\libc_nano.a(libc_a-impure.o)
                0x20000014                _impure_data
 *(.RamFunc)
 *(.RamFunc*)
                0x20000060                        . = ALIGN (0x4)
                0x20000060                        _edata = .
                0x08005dfc                        _siccmram = LOADADDR (.ccmram)

.igot.plt       0x20000060        0x0 load address 0x08005dfc
 .igot.plt      0x20000060        0x0 C:/ST/STM32CubeIDE_1.17.0/STM32CubeIDE/plugins/com.st.stm32cube.ide.mcu.externaltools.gnu-tools-for-stm32.13.3.rel1.win32_1.0.0.202411081344/tools/bin/../lib/gcc/arm-none-eabi/13.3.1/thumb/v7e-m+fp/hard/crtbegin.o

.ccmram         0x10000000        0x0 load address 0x08005dfc
                0x10000000                        . = ALIGN (0x4)
                0x10000000                        _sccmram = .
 *(.ccmram)
 *(.ccmram*)
                0x10000000                        . = ALIGN (0x4)
                0x10000000                        _eccmram = .
                0x10000000                        . = ALIGN (0x4)

.bss            0x20000060      0x2e8
                0x20000060                        _sbss = .
                0x20000060                        __bss_start__ = _sbss
 *(.bss)
 .bss           0x20000060       0x1c C:/ST/STM32CubeIDE_1.17.0/STM32CubeIDE/plugins/com.st.stm32cube.ide.mcu.externaltools.gnu-tools-for-stm32.13.3.rel1.win32_1.0.0.202411081344/tools/bin/../lib/gcc/arm-none-eabi/13.3.1/thumb/v7e-m+fp/hard/crtbegin.o
 *(.bss*)
 .bss.hx711_offset
                0x2000007c        0x4 ./Core/Src/hx711.o
                0x2000007c                hx711_offset
 .bss.hspi1     0x20000080       0x58 ./Core/Src/main.o
                0x20000080                hspi1
 .bss.htim2     0x200000d8       0x48 ./Core/Src/main.o
                0x200000d8                htim2
 .bss.huart1    0x20000120       0x48 ./Core/Src/main.o
                0x20000120                huart1
 .bss.card_uid  0x20000168        0x5 ./Core/Src/main.o
                0x20000168                card_uid
 *fill*         0x2000016d        0x3 
 .bss.last_card_read_time
                0x20000170        0x4 ./Core/Src/main.o
                0x20000170                last_card_read_time
 .bss.system_ready
                0x20000174        0x1 ./Core/Src/main.o
                0x20000174                system_ready
 *fill*         0x20000175        0x3 
 .bss.last_card_uid
                0x20000178        0x4 ./Core/Src/main.o
                0x20000178                last_card_uid
 .bss.card_present
                0x2000017c        0x1 ./Core/Src/main.o
                0x2000017c                card_present
 .bss.card_sent.5
                0x2000017d        0x1 ./Core/Src/main.o
 *fill*         0x2000017e        0x2 
 .bss.registered_cards
                0x20000180       0x50 ./Core/Src/simple_protocol.o
 .bss.registered_count
                0x200001d0        0x1 ./Core/Src/simple_protocol.o
 *fill*         0x200001d1        0x3 
 .bss.rx_buffer
                0x200001d4       0x20 ./Core/Src/simple_protocol.o
 .bss.rx_index  0x200001f4        0x1 ./Core/Src/simple_protocol.o
 .bss.rx_byte   0x200001f5        0x1 ./Core/Src/simple_protocol.o
                0x200001f5                rx_byte
 *fill*         0x200001f6        0x2 
 .bss.__sbrk_heap_end
                0x200001f8        0x4 ./Core/Src/sysmem.o
 .bss.uwTick    0x200001fc        0x4 ./Drivers/STM32F4xx_HAL_Driver/Src/stm32f4xx_hal.o
                0x200001fc                uwTick
 .bss.__sf      0x20000200      0x138 C:/ST/STM32CubeIDE_1.17.0/STM32CubeIDE/plugins/com.st.stm32cube.ide.mcu.externaltools.gnu-tools-for-stm32.13.3.rel1.win32_1.0.0.202411081344/tools/bin/../lib/gcc/arm-none-eabi/13.3.1/../../../../arm-none-eabi/lib/thumb/v7e-m+fp/hard\libc_nano.a(libc_a-findfp.o)
                0x20000200                __sf
 .bss.errno     0x20000338        0x4 C:/ST/STM32CubeIDE_1.17.0/STM32CubeIDE/plugins/com.st.stm32cube.ide.mcu.externaltools.gnu-tools-for-stm32.13.3.rel1.win32_1.0.0.202411081344/tools/bin/../lib/gcc/arm-none-eabi/13.3.1/../../../../arm-none-eabi/lib/thumb/v7e-m+fp/hard\libc_nano.a(libc_a-reent.o)
                0x20000338                errno
 .bss.__lock___malloc_recursive_mutex
                0x2000033c        0x1 C:/ST/STM32CubeIDE_1.17.0/STM32CubeIDE/plugins/com.st.stm32cube.ide.mcu.externaltools.gnu-tools-for-stm32.13.3.rel1.win32_1.0.0.202411081344/tools/bin/../lib/gcc/arm-none-eabi/13.3.1/../../../../arm-none-eabi/lib/thumb/v7e-m+fp/hard\libc_nano.a(libc_a-lock.o)
                0x2000033c                __lock___malloc_recursive_mutex
 *fill*         0x2000033d        0x3 
 .bss.__malloc_sbrk_start
                0x20000340        0x4 C:/ST/STM32CubeIDE_1.17.0/STM32CubeIDE/plugins/com.st.stm32cube.ide.mcu.externaltools.gnu-tools-for-stm32.13.3.rel1.win32_1.0.0.202411081344/tools/bin/../lib/gcc/arm-none-eabi/13.3.1/../../../../arm-none-eabi/lib/thumb/v7e-m+fp/hard\libc_nano.a(libc_a-mallocr.o)
                0x20000340                __malloc_sbrk_start
 .bss.__malloc_free_list
                0x20000344        0x4 C:/ST/STM32CubeIDE_1.17.0/STM32CubeIDE/plugins/com.st.stm32cube.ide.mcu.externaltools.gnu-tools-for-stm32.13.3.rel1.win32_1.0.0.202411081344/tools/bin/../lib/gcc/arm-none-eabi/13.3.1/../../../../arm-none-eabi/lib/thumb/v7e-m+fp/hard\libc_nano.a(libc_a-mallocr.o)
                0x20000344                __malloc_free_list
 *(COMMON)
                0x20000348                        . = ALIGN (0x4)
                0x20000348                        _ebss = .
                0x20000348                        __bss_end__ = _ebss

._user_heap_stack
                0x20000348      0x600
                0x20000348                        . = ALIGN (0x8)
                [!provide]                        PROVIDE (end = .)
                0x20000348                        PROVIDE (_end = .)
                0x20000548                        . = (. + _Min_Heap_Size)
 *fill*         0x20000348      0x200 
                0x20000948                        . = (. + _Min_Stack_Size)
 *fill*         0x20000548      0x400 
                0x20000948                        . = ALIGN (0x8)

/DISCARD/
 libc.a(*)
 libm.a(*)
 libgcc.a(*)

.ARM.attributes
                0x00000000       0x30
 *(.ARM.attributes)
 .ARM.attributes
                0x00000000       0x22 C:/ST/STM32CubeIDE_1.17.0/STM32CubeIDE/plugins/com.st.stm32cube.ide.mcu.externaltools.gnu-tools-for-stm32.13.3.rel1.win32_1.0.0.202411081344/tools/bin/../lib/gcc/arm-none-eabi/13.3.1/thumb/v7e-m+fp/hard/crti.o
 .ARM.attributes
                0x00000022       0x34 C:/ST/STM32CubeIDE_1.17.0/STM32CubeIDE/plugins/com.st.stm32cube.ide.mcu.externaltools.gnu-tools-for-stm32.13.3.rel1.win32_1.0.0.202411081344/tools/bin/../lib/gcc/arm-none-eabi/13.3.1/thumb/v7e-m+fp/hard/crtbegin.o
 .ARM.attributes
                0x00000056       0x34 ./Core/Src/hx711.o
 .ARM.attributes
                0x0000008a       0x34 ./Core/Src/main.o
 .ARM.attributes
                0x000000be       0x34 ./Core/Src/rc522.o
 .ARM.attributes
                0x000000f2       0x34 ./Core/Src/simple_protocol.o
 .ARM.attributes
                0x00000126       0x34 ./Core/Src/stm32f4xx_hal_msp.o
 .ARM.attributes
                0x0000015a       0x34 ./Core/Src/stm32f4xx_it.o
 .ARM.attributes
                0x0000018e       0x34 ./Core/Src/sysmem.o
 .ARM.attributes
                0x000001c2       0x34 ./Core/Src/system_stm32f4xx.o
 .ARM.attributes
                0x000001f6       0x21 ./Core/Startup/startup_stm32f429zitx.o
 .ARM.attributes
                0x00000217       0x34 ./Drivers/STM32F4xx_HAL_Driver/Src/stm32f4xx_hal.o
 .ARM.attributes
                0x0000024b       0x34 ./Drivers/STM32F4xx_HAL_Driver/Src/stm32f4xx_hal_cortex.o
 .ARM.attributes
                0x0000027f       0x34 ./Drivers/STM32F4xx_HAL_Driver/Src/stm32f4xx_hal_dma.o
 .ARM.attributes
                0x000002b3       0x34 ./Drivers/STM32F4xx_HAL_Driver/Src/stm32f4xx_hal_gpio.o
 .ARM.attributes
                0x000002e7       0x34 ./Drivers/STM32F4xx_HAL_Driver/Src/stm32f4xx_hal_pwr_ex.o
 .ARM.attributes
                0x0000031b       0x34 ./Drivers/STM32F4xx_HAL_Driver/Src/stm32f4xx_hal_rcc.o
 .ARM.attributes
                0x0000034f       0x34 ./Drivers/STM32F4xx_HAL_Driver/Src/stm32f4xx_hal_spi.o
 .ARM.attributes
                0x00000383       0x34 ./Drivers/STM32F4xx_HAL_Driver/Src/stm32f4xx_hal_tim.o
 .ARM.attributes
                0x000003b7       0x34 ./Drivers/STM32F4xx_HAL_Driver/Src/stm32f4xx_hal_tim_ex.o
 .ARM.attributes
                0x000003eb       0x34 ./Drivers/STM32F4xx_HAL_Driver/Src/stm32f4xx_hal_uart.o
 .ARM.attributes
                0x0000041f       0x34 C:/ST/STM32CubeIDE_1.17.0/STM32CubeIDE/plugins/com.st.stm32cube.ide.mcu.externaltools.gnu-tools-for-stm32.13.3.rel1.win32_1.0.0.202411081344/tools/bin/../lib/gcc/arm-none-eabi/13.3.1/../../../../arm-none-eabi/lib/thumb/v7e-m+fp/hard\libc_nano.a(libc_a-findfp.o)
 .ARM.attributes
                0x00000453       0x34 C:/ST/STM32CubeIDE_1.17.0/STM32CubeIDE/plugins/com.st.stm32cube.ide.mcu.externaltools.gnu-tools-for-stm32.13.3.rel1.win32_1.0.0.202411081344/tools/bin/../lib/gcc/arm-none-eabi/13.3.1/../../../../arm-none-eabi/lib/thumb/v7e-m+fp/hard\libc_nano.a(libc_a-snprintf.o)
 .ARM.attributes
                0x00000487       0x34 C:/ST/STM32CubeIDE_1.17.0/STM32CubeIDE/plugins/com.st.stm32cube.ide.mcu.externaltools.gnu-tools-for-stm32.13.3.rel1.win32_1.0.0.202411081344/tools/bin/../lib/gcc/arm-none-eabi/13.3.1/../../../../arm-none-eabi/lib/thumb/v7e-m+fp/hard\libc_nano.a(libc_a-memcmp.o)
 .ARM.attributes
                0x000004bb       0x34 C:/ST/STM32CubeIDE_1.17.0/STM32CubeIDE/plugins/com.st.stm32cube.ide.mcu.externaltools.gnu-tools-for-stm32.13.3.rel1.win32_1.0.0.202411081344/tools/bin/../lib/gcc/arm-none-eabi/13.3.1/../../../../arm-none-eabi/lib/thumb/v7e-m+fp/hard\libc_nano.a(libc_a-memset.o)
 .ARM.attributes
                0x000004ef       0x34 C:/ST/STM32CubeIDE_1.17.0/STM32CubeIDE/plugins/com.st.stm32cube.ide.mcu.externaltools.gnu-tools-for-stm32.13.3.rel1.win32_1.0.0.202411081344/tools/bin/../lib/gcc/arm-none-eabi/13.3.1/../../../../arm-none-eabi/lib/thumb/v7e-m+fp/hard\libc_nano.a(libc_a-reent.o)
 .ARM.attributes
                0x00000523       0x34 C:/ST/STM32CubeIDE_1.17.0/STM32CubeIDE/plugins/com.st.stm32cube.ide.mcu.externaltools.gnu-tools-for-stm32.13.3.rel1.win32_1.0.0.202411081344/tools/bin/../lib/gcc/arm-none-eabi/13.3.1/../../../../arm-none-eabi/lib/thumb/v7e-m+fp/hard\libc_nano.a(libc_a-impure.o)
 .ARM.attributes
                0x00000557       0x34 C:/ST/STM32CubeIDE_1.17.0/STM32CubeIDE/plugins/com.st.stm32cube.ide.mcu.externaltools.gnu-tools-for-stm32.13.3.rel1.win32_1.0.0.202411081344/tools/bin/../lib/gcc/arm-none-eabi/13.3.1/../../../../arm-none-eabi/lib/thumb/v7e-m+fp/hard\libc_nano.a(libc_a-errno.o)
 .ARM.attributes
                0x0000058b       0x34 C:/ST/STM32CubeIDE_1.17.0/STM32CubeIDE/plugins/com.st.stm32cube.ide.mcu.externaltools.gnu-tools-for-stm32.13.3.rel1.win32_1.0.0.202411081344/tools/bin/../lib/gcc/arm-none-eabi/13.3.1/../../../../arm-none-eabi/lib/thumb/v7e-m+fp/hard\libc_nano.a(libc_a-init.o)
 .ARM.attributes
                0x000005bf       0x34 C:/ST/STM32CubeIDE_1.17.0/STM32CubeIDE/plugins/com.st.stm32cube.ide.mcu.externaltools.gnu-tools-for-stm32.13.3.rel1.win32_1.0.0.202411081344/tools/bin/../lib/gcc/arm-none-eabi/13.3.1/../../../../arm-none-eabi/lib/thumb/v7e-m+fp/hard\libc_nano.a(libc_a-lock.o)
 .ARM.attributes
                0x000005f3       0x34 C:/ST/STM32CubeIDE_1.17.0/STM32CubeIDE/plugins/com.st.stm32cube.ide.mcu.externaltools.gnu-tools-for-stm32.13.3.rel1.win32_1.0.0.202411081344/tools/bin/../lib/gcc/arm-none-eabi/13.3.1/../../../../arm-none-eabi/lib/thumb/v7e-m+fp/hard\libc_nano.a(libc_a-freer.o)
 .ARM.attributes
                0x00000627       0x34 C:/ST/STM32CubeIDE_1.17.0/STM32CubeIDE/plugins/com.st.stm32cube.ide.mcu.externaltools.gnu-tools-for-stm32.13.3.rel1.win32_1.0.0.202411081344/tools/bin/../lib/gcc/arm-none-eabi/13.3.1/../../../../arm-none-eabi/lib/thumb/v7e-m+fp/hard\libc_nano.a(libc_a-mallocr.o)
 .ARM.attributes
                0x0000065b       0x34 C:/ST/STM32CubeIDE_1.17.0/STM32CubeIDE/plugins/com.st.stm32cube.ide.mcu.externaltools.gnu-tools-for-stm32.13.3.rel1.win32_1.0.0.202411081344/tools/bin/../lib/gcc/arm-none-eabi/13.3.1/../../../../arm-none-eabi/lib/thumb/v7e-m+fp/hard\libc_nano.a(libc_a-mlock.o)
 .ARM.attributes
                0x0000068f       0x34 C:/ST/STM32CubeIDE_1.17.0/STM32CubeIDE/plugins/com.st.stm32cube.ide.mcu.externaltools.gnu-tools-for-stm32.13.3.rel1.win32_1.0.0.202411081344/tools/bin/../lib/gcc/arm-none-eabi/13.3.1/../../../../arm-none-eabi/lib/thumb/v7e-m+fp/hard\libc_nano.a(libc_a-nano-svfprintf.o)
 .ARM.attributes
                0x000006c3       0x34 C:/ST/STM32CubeIDE_1.17.0/STM32CubeIDE/plugins/com.st.stm32cube.ide.mcu.externaltools.gnu-tools-for-stm32.13.3.rel1.win32_1.0.0.202411081344/tools/bin/../lib/gcc/arm-none-eabi/13.3.1/../../../../arm-none-eabi/lib/thumb/v7e-m+fp/hard\libc_nano.a(libc_a-nano-vfprintf_i.o)
 .ARM.attributes
                0x000006f7       0x34 C:/ST/STM32CubeIDE_1.17.0/STM32CubeIDE/plugins/com.st.stm32cube.ide.mcu.externaltools.gnu-tools-for-stm32.13.3.rel1.win32_1.0.0.202411081344/tools/bin/../lib/gcc/arm-none-eabi/13.3.1/../../../../arm-none-eabi/lib/thumb/v7e-m+fp/hard\libc_nano.a(libc_a-memmove.o)
 .ARM.attributes
                0x0000072b       0x34 C:/ST/STM32CubeIDE_1.17.0/STM32CubeIDE/plugins/com.st.stm32cube.ide.mcu.externaltools.gnu-tools-for-stm32.13.3.rel1.win32_1.0.0.202411081344/tools/bin/../lib/gcc/arm-none-eabi/13.3.1/../../../../arm-none-eabi/lib/thumb/v7e-m+fp/hard\libc_nano.a(libc_a-sbrkr.o)
 .ARM.attributes
                0x0000075f       0x1c C:/ST/STM32CubeIDE_1.17.0/STM32CubeIDE/plugins/com.st.stm32cube.ide.mcu.externaltools.gnu-tools-for-stm32.13.3.rel1.win32_1.0.0.202411081344/tools/bin/../lib/gcc/arm-none-eabi/13.3.1/../../../../arm-none-eabi/lib/thumb/v7e-m+fp/hard\libc_nano.a(libc_a-memchr.o)
 .ARM.attributes
                0x0000077b       0x34 C:/ST/STM32CubeIDE_1.17.0/STM32CubeIDE/plugins/com.st.stm32cube.ide.mcu.externaltools.gnu-tools-for-stm32.13.3.rel1.win32_1.0.0.202411081344/tools/bin/../lib/gcc/arm-none-eabi/13.3.1/../../../../arm-none-eabi/lib/thumb/v7e-m+fp/hard\libc_nano.a(libc_a-memcpy-stub.o)
 .ARM.attributes
                0x000007af       0x34 C:/ST/STM32CubeIDE_1.17.0/STM32CubeIDE/plugins/com.st.stm32cube.ide.mcu.externaltools.gnu-tools-for-stm32.13.3.rel1.win32_1.0.0.202411081344/tools/bin/../lib/gcc/arm-none-eabi/13.3.1/../../../../arm-none-eabi/lib/thumb/v7e-m+fp/hard\libc_nano.a(libc_a-reallocr.o)
 .ARM.attributes
                0x000007e3       0x34 C:/ST/STM32CubeIDE_1.17.0/STM32CubeIDE/plugins/com.st.stm32cube.ide.mcu.externaltools.gnu-tools-for-stm32.13.3.rel1.win32_1.0.0.202411081344/tools/bin/../lib/gcc/arm-none-eabi/13.3.1/../../../../arm-none-eabi/lib/thumb/v7e-m+fp/hard\libc_nano.a(libc_a-msizer.o)
 .ARM.attributes
                0x00000817       0x22 C:/ST/STM32CubeIDE_1.17.0/STM32CubeIDE/plugins/com.st.stm32cube.ide.mcu.externaltools.gnu-tools-for-stm32.13.3.rel1.win32_1.0.0.202411081344/tools/bin/../lib/gcc/arm-none-eabi/13.3.1/thumb/v7e-m+fp/hard\libgcc.a(_arm_addsubdf3.o)
 .ARM.attributes
                0x00000839       0x22 C:/ST/STM32CubeIDE_1.17.0/STM32CubeIDE/plugins/com.st.stm32cube.ide.mcu.externaltools.gnu-tools-for-stm32.13.3.rel1.win32_1.0.0.202411081344/tools/bin/../lib/gcc/arm-none-eabi/13.3.1/thumb/v7e-m+fp/hard\libgcc.a(_aeabi_uldivmod.o)
 .ARM.attributes
                0x0000085b       0x34 C:/ST/STM32CubeIDE_1.17.0/STM32CubeIDE/plugins/com.st.stm32cube.ide.mcu.externaltools.gnu-tools-for-stm32.13.3.rel1.win32_1.0.0.202411081344/tools/bin/../lib/gcc/arm-none-eabi/13.3.1/thumb/v7e-m+fp/hard\libgcc.a(_udivmoddi4.o)
 .ARM.attributes
                0x0000088f       0x22 C:/ST/STM32CubeIDE_1.17.0/STM32CubeIDE/plugins/com.st.stm32cube.ide.mcu.externaltools.gnu-tools-for-stm32.13.3.rel1.win32_1.0.0.202411081344/tools/bin/../lib/gcc/arm-none-eabi/13.3.1/thumb/v7e-m+fp/hard\libgcc.a(_dvmd_tls.o)
 .ARM.attributes
                0x000008b1       0x22 C:/ST/STM32CubeIDE_1.17.0/STM32CubeIDE/plugins/com.st.stm32cube.ide.mcu.externaltools.gnu-tools-for-stm32.13.3.rel1.win32_1.0.0.202411081344/tools/bin/../lib/gcc/arm-none-eabi/13.3.1/thumb/v7e-m+fp/hard/crtn.o
OUTPUT(health_care.elf elf32-littlearm)
LOAD linker stubs
LOAD C:/ST/STM32CubeIDE_1.17.0/STM32CubeIDE/plugins/com.st.stm32cube.ide.mcu.externaltools.gnu-tools-for-stm32.13.3.rel1.win32_1.0.0.202411081344/tools/bin/../lib/gcc/arm-none-eabi/13.3.1/../../../../arm-none-eabi/lib/thumb/v7e-m+fp/hard\libc.a
LOAD C:/ST/STM32CubeIDE_1.17.0/STM32CubeIDE/plugins/com.st.stm32cube.ide.mcu.externaltools.gnu-tools-for-stm32.13.3.rel1.win32_1.0.0.202411081344/tools/bin/../lib/gcc/arm-none-eabi/13.3.1/../../../../arm-none-eabi/lib/thumb/v7e-m+fp/hard\libm.a
LOAD C:/ST/STM32CubeIDE_1.17.0/STM32CubeIDE/plugins/com.st.stm32cube.ide.mcu.externaltools.gnu-tools-for-stm32.13.3.rel1.win32_1.0.0.202411081344/tools/bin/../lib/gcc/arm-none-eabi/13.3.1/thumb/v7e-m+fp/hard\libgcc.a

.debug_info     0x00000000    0x1150b
 .debug_info    0x00000000      0x542 ./Core/Src/hx711.o
 .debug_info    0x00000542     0x1b8e ./Core/Src/main.o
 .debug_info    0x000020d0      0xb28 ./Core/Src/rc522.o
 .debug_info    0x00002bf8      0x9ab ./Core/Src/simple_protocol.o
 .debug_info    0x000035a3     0x12aa ./Core/Src/stm32f4xx_hal_msp.o
 .debug_info    0x0000484d      0xc35 ./Core/Src/stm32f4xx_it.o
 .debug_info    0x00005482      0x168 ./Core/Src/sysmem.o
 .debug_info    0x000055ea      0x52e ./Core/Src/system_stm32f4xx.o
 .debug_info    0x00005b18       0x30 ./Core/Startup/startup_stm32f429zitx.o
 .debug_info    0x00005b48      0x9ba ./Drivers/STM32F4xx_HAL_Driver/Src/stm32f4xx_hal.o
 .debug_info    0x00006502      0xdc2 ./Drivers/STM32F4xx_HAL_Driver/Src/stm32f4xx_hal_cortex.o
 .debug_info    0x000072c4      0x8e7 ./Drivers/STM32F4xx_HAL_Driver/Src/stm32f4xx_hal_dma.o
 .debug_info    0x00007bab      0x6db ./Drivers/STM32F4xx_HAL_Driver/Src/stm32f4xx_hal_gpio.o
 .debug_info    0x00008286      0x6be ./Drivers/STM32F4xx_HAL_Driver/Src/stm32f4xx_hal_pwr_ex.o
 .debug_info    0x00008944      0x8db ./Drivers/STM32F4xx_HAL_Driver/Src/stm32f4xx_hal_rcc.o
 .debug_info    0x0000921f     0x1525 ./Drivers/STM32F4xx_HAL_Driver/Src/stm32f4xx_hal_spi.o
 .debug_info    0x0000a744     0x299d ./Drivers/STM32F4xx_HAL_Driver/Src/stm32f4xx_hal_tim.o
 .debug_info    0x0000d0e1     0x14db ./Drivers/STM32F4xx_HAL_Driver/Src/stm32f4xx_hal_tim_ex.o
 .debug_info    0x0000e5bc     0x2f4f ./Drivers/STM32F4xx_HAL_Driver/Src/stm32f4xx_hal_uart.o

.debug_abbrev   0x00000000     0x284f
 .debug_abbrev  0x00000000      0x1ee ./Core/Src/hx711.o
 .debug_abbrev  0x000001ee      0x34d ./Core/Src/main.o
 .debug_abbrev  0x0000053b      0x2a7 ./Core/Src/rc522.o
 .debug_abbrev  0x000007e2      0x249 ./Core/Src/simple_protocol.o
 .debug_abbrev  0x00000a2b      0x20b ./Core/Src/stm32f4xx_hal_msp.o
 .debug_abbrev  0x00000c36      0x1ad ./Core/Src/stm32f4xx_it.o
 .debug_abbrev  0x00000de3       0xbc ./Core/Src/sysmem.o
 .debug_abbrev  0x00000e9f      0x11a ./Core/Src/system_stm32f4xx.o
 .debug_abbrev  0x00000fb9       0x24 ./Core/Startup/startup_stm32f429zitx.o
 .debug_abbrev  0x00000fdd      0x214 ./Drivers/STM32F4xx_HAL_Driver/Src/stm32f4xx_hal.o
 .debug_abbrev  0x000011f1      0x31d ./Drivers/STM32F4xx_HAL_Driver/Src/stm32f4xx_hal_cortex.o
 .debug_abbrev  0x0000150e      0x264 ./Drivers/STM32F4xx_HAL_Driver/Src/stm32f4xx_hal_dma.o
 .debug_abbrev  0x00001772      0x1d4 ./Drivers/STM32F4xx_HAL_Driver/Src/stm32f4xx_hal_gpio.o
 .debug_abbrev  0x00001946      0x1cf ./Drivers/STM32F4xx_HAL_Driver/Src/stm32f4xx_hal_pwr_ex.o
 .debug_abbrev  0x00001b15      0x2b7 ./Drivers/STM32F4xx_HAL_Driver/Src/stm32f4xx_hal_rcc.o
 .debug_abbrev  0x00001dcc      0x27a ./Drivers/STM32F4xx_HAL_Driver/Src/stm32f4xx_hal_spi.o
 .debug_abbrev  0x00002046      0x278 ./Drivers/STM32F4xx_HAL_Driver/Src/stm32f4xx_hal_tim.o
 .debug_abbrev  0x000022be      0x283 ./Drivers/STM32F4xx_HAL_Driver/Src/stm32f4xx_hal_tim_ex.o
 .debug_abbrev  0x00002541      0x30e ./Drivers/STM32F4xx_HAL_Driver/Src/stm32f4xx_hal_uart.o

.debug_aranges  0x00000000     0x1058
 .debug_aranges
                0x00000000       0x70 ./Core/Src/hx711.o
 .debug_aranges
                0x00000070       0xa8 ./Core/Src/main.o
 .debug_aranges
                0x00000118       0x90 ./Core/Src/rc522.o
 .debug_aranges
                0x000001a8       0x68 ./Core/Src/simple_protocol.o
 .debug_aranges
                0x00000210       0x50 ./Core/Src/stm32f4xx_hal_msp.o
 .debug_aranges
                0x00000260       0x78 ./Core/Src/stm32f4xx_it.o
 .debug_aranges
                0x000002d8       0x20 ./Core/Src/sysmem.o
 .debug_aranges
                0x000002f8       0x28 ./Core/Src/system_stm32f4xx.o
 .debug_aranges
                0x00000320       0x28 ./Core/Startup/startup_stm32f429zitx.o
 .debug_aranges
                0x00000348      0x100 ./Drivers/STM32F4xx_HAL_Driver/Src/stm32f4xx_hal.o
 .debug_aranges
                0x00000448      0x130 ./Drivers/STM32F4xx_HAL_Driver/Src/stm32f4xx_hal_cortex.o
 .debug_aranges
                0x00000578       0x90 ./Drivers/STM32F4xx_HAL_Driver/Src/stm32f4xx_hal_dma.o
 .debug_aranges
                0x00000608       0x58 ./Drivers/STM32F4xx_HAL_Driver/Src/stm32f4xx_hal_gpio.o
 .debug_aranges
                0x00000660       0x60 ./Drivers/STM32F4xx_HAL_Driver/Src/stm32f4xx_hal_pwr_ex.o
 .debug_aranges
                0x000006c0       0x88 ./Drivers/STM32F4xx_HAL_Driver/Src/stm32f4xx_hal_rcc.o
 .debug_aranges
                0x00000748      0x1d0 ./Drivers/STM32F4xx_HAL_Driver/Src/stm32f4xx_hal_spi.o
 .debug_aranges
                0x00000918      0x3d0 ./Drivers/STM32F4xx_HAL_Driver/Src/stm32f4xx_hal_tim.o
 .debug_aranges
                0x00000ce8      0x168 ./Drivers/STM32F4xx_HAL_Driver/Src/stm32f4xx_hal_tim_ex.o
 .debug_aranges
                0x00000e50      0x208 ./Drivers/STM32F4xx_HAL_Driver/Src/stm32f4xx_hal_uart.o

.debug_rnglists
                0x00000000      0xce0
 .debug_rnglists
                0x00000000       0x50 ./Core/Src/hx711.o
 .debug_rnglists
                0x00000050       0x90 ./Core/Src/main.o
 .debug_rnglists
                0x000000e0       0x80 ./Core/Src/rc522.o
 .debug_rnglists
                0x00000160       0x4a ./Core/Src/simple_protocol.o
 .debug_rnglists
                0x000001aa       0x3a ./Core/Src/stm32f4xx_hal_msp.o
 .debug_rnglists
                0x000001e4       0x55 ./Core/Src/stm32f4xx_it.o
 .debug_rnglists
                0x00000239       0x13 ./Core/Src/sysmem.o
 .debug_rnglists
                0x0000024c       0x1a ./Core/Src/system_stm32f4xx.o
 .debug_rnglists
                0x00000266       0x19 ./Core/Startup/startup_stm32f429zitx.o
 .debug_rnglists
                0x0000027f       0xbb ./Drivers/STM32F4xx_HAL_Driver/Src/stm32f4xx_hal.o
 .debug_rnglists
                0x0000033a       0xe0 ./Drivers/STM32F4xx_HAL_Driver/Src/stm32f4xx_hal_cortex.o
 .debug_rnglists
                0x0000041a       0x70 ./Drivers/STM32F4xx_HAL_Driver/Src/stm32f4xx_hal_dma.o
 .debug_rnglists
                0x0000048a       0x3f ./Drivers/STM32F4xx_HAL_Driver/Src/stm32f4xx_hal_gpio.o
 .debug_rnglists
                0x000004c9       0x47 ./Drivers/STM32F4xx_HAL_Driver/Src/stm32f4xx_hal_pwr_ex.o
 .debug_rnglists
                0x00000510       0x66 ./Drivers/STM32F4xx_HAL_Driver/Src/stm32f4xx_hal_rcc.o
 .debug_rnglists
                0x00000576      0x16f ./Drivers/STM32F4xx_HAL_Driver/Src/stm32f4xx_hal_spi.o
 .debug_rnglists
                0x000006e5      0x31a ./Drivers/STM32F4xx_HAL_Driver/Src/stm32f4xx_hal_tim.o
 .debug_rnglists
                0x000009ff      0x125 ./Drivers/STM32F4xx_HAL_Driver/Src/stm32f4xx_hal_tim_ex.o
 .debug_rnglists
                0x00000b24      0x1bc ./Drivers/STM32F4xx_HAL_Driver/Src/stm32f4xx_hal_uart.o

.debug_macro    0x00000000    0x24a6e
 .debug_macro   0x00000000      0x21f ./Core/Src/hx711.o
 .debug_macro   0x0000021f      0xad8 ./Core/Src/hx711.o
 .debug_macro   0x00000cf7      0x2a1 ./Core/Src/hx711.o
 .debug_macro   0x00000f98       0x2e ./Core/Src/hx711.o
 .debug_macro   0x00000fc6       0x28 ./Core/Src/hx711.o
 .debug_macro   0x00000fee       0x22 ./Core/Src/hx711.o
 .debug_macro   0x00001010       0x8e ./Core/Src/hx711.o
 .debug_macro   0x0000109e       0x51 ./Core/Src/hx711.o
 .debug_macro   0x000010ef      0x103 ./Core/Src/hx711.o
 .debug_macro   0x000011f2       0x6a ./Core/Src/hx711.o
 .debug_macro   0x0000125c      0x1df ./Core/Src/hx711.o
 .debug_macro   0x0000143b       0x1c ./Core/Src/hx711.o
 .debug_macro   0x00001457       0x22 ./Core/Src/hx711.o
 .debug_macro   0x00001479       0xfb ./Core/Src/hx711.o
 .debug_macro   0x00001574     0x1011 ./Core/Src/hx711.o
 .debug_macro   0x00002585      0x11f ./Core/Src/hx711.o
 .debug_macro   0x000026a4    0x17ff1 ./Core/Src/hx711.o
 .debug_macro   0x0001a695       0x6d ./Core/Src/hx711.o
 .debug_macro   0x0001a702     0x370a ./Core/Src/hx711.o
 .debug_macro   0x0001de0c      0x190 ./Core/Src/hx711.o
 .debug_macro   0x0001df9c       0x5c ./Core/Src/hx711.o
 .debug_macro   0x0001dff8      0xcba ./Core/Src/hx711.o
 .debug_macro   0x0001ecb2      0x9e9 ./Core/Src/hx711.o
 .debug_macro   0x0001f69b      0x115 ./Core/Src/hx711.o
 .debug_macro   0x0001f7b0      0x156 ./Core/Src/hx711.o
 .debug_macro   0x0001f906       0xa5 ./Core/Src/hx711.o
 .debug_macro   0x0001f9ab      0x182 ./Core/Src/hx711.o
 .debug_macro   0x0001fb2d      0x287 ./Core/Src/hx711.o
 .debug_macro   0x0001fdb4       0x5f ./Core/Src/hx711.o
 .debug_macro   0x0001fe13      0x236 ./Core/Src/hx711.o
 .debug_macro   0x00020049      0x132 ./Core/Src/hx711.o
 .debug_macro   0x0002017b      0x41d ./Core/Src/hx711.o
 .debug_macro   0x00020598       0x2e ./Core/Src/hx711.o
 .debug_macro   0x000205c6      0x127 ./Core/Src/hx711.o
 .debug_macro   0x000206ed       0xe2 ./Core/Src/hx711.o
 .debug_macro   0x000207cf       0x89 ./Core/Src/hx711.o
 .debug_macro   0x00020858      0x225 ./Core/Src/hx711.o
 .debug_macro   0x00020a7d      0x8ed ./Core/Src/hx711.o
 .debug_macro   0x0002136a       0x4d ./Core/Src/hx711.o
 .debug_macro   0x000213b7      0x2aa ./Core/Src/hx711.o
 .debug_macro   0x00021661      0x134 ./Core/Src/hx711.o
 .debug_macro   0x00021795       0x8e ./Core/Src/hx711.o
 .debug_macro   0x00021823      0x15a ./Core/Src/hx711.o
 .debug_macro   0x0002197d       0x4c ./Core/Src/hx711.o
 .debug_macro   0x000219c9       0x70 ./Core/Src/hx711.o
 .debug_macro   0x00021a39       0x16 ./Core/Src/hx711.o
 .debug_macro   0x00021a4f      0x321 ./Core/Src/main.o
 .debug_macro   0x00021d70       0x1c ./Core/Src/main.o
 .debug_macro   0x00021d8c       0x61 ./Core/Src/main.o
 .debug_macro   0x00021ded       0x2a ./Core/Src/main.o
 .debug_macro   0x00021e17       0x43 ./Core/Src/main.o
 .debug_macro   0x00021e5a       0x34 ./Core/Src/main.o
 .debug_macro   0x00021e8e       0x16 ./Core/Src/main.o
 .debug_macro   0x00021ea4       0x3c ./Core/Src/main.o
 .debug_macro   0x00021ee0      0x370 ./Core/Src/main.o
 .debug_macro   0x00022250       0x10 ./Core/Src/main.o
 .debug_macro   0x00022260       0x16 ./Core/Src/main.o
 .debug_macro   0x00022276       0x4a ./Core/Src/main.o
 .debug_macro   0x000222c0       0x34 ./Core/Src/main.o
 .debug_macro   0x000222f4       0x10 ./Core/Src/main.o
 .debug_macro   0x00022304       0x58 ./Core/Src/main.o
 .debug_macro   0x0002235c       0x8e ./Core/Src/main.o
 .debug_macro   0x000223ea       0x1c ./Core/Src/main.o
 .debug_macro   0x00022406      0x185 ./Core/Src/main.o
 .debug_macro   0x0002258b       0x16 ./Core/Src/main.o
 .debug_macro   0x000225a1       0x16 ./Core/Src/main.o
 .debug_macro   0x000225b7      0x146 ./Core/Src/main.o
 .debug_macro   0x000226fd       0x16 ./Core/Src/main.o
 .debug_macro   0x00022713       0x20 ./Core/Src/main.o
 .debug_macro   0x00022733      0x32d ./Core/Src/rc522.o
 .debug_macro   0x00022a60       0x10 ./Core/Src/rc522.o
 .debug_macro   0x00022a70       0x1c ./Core/Src/rc522.o
 .debug_macro   0x00022a8c       0x1c ./Core/Src/rc522.o
 .debug_macro   0x00022aa8      0x2f9 ./Core/Src/simple_protocol.o
 .debug_macro   0x00022da1       0x46 ./Core/Src/simple_protocol.o
 .debug_macro   0x00022de7      0x215 ./Core/Src/stm32f4xx_hal_msp.o
 .debug_macro   0x00022ffc      0x223 ./Core/Src/stm32f4xx_it.o
 .debug_macro   0x0002321f      0x112 ./Core/Src/sysmem.o
 .debug_macro   0x00023331      0x23c ./Core/Src/sysmem.o
 .debug_macro   0x0002356d      0x1d8 ./Core/Src/system_stm32f4xx.o
 .debug_macro   0x00023745      0x238 ./Drivers/STM32F4xx_HAL_Driver/Src/stm32f4xx_hal.o
 .debug_macro   0x0002397d      0x1d8 ./Drivers/STM32F4xx_HAL_Driver/Src/stm32f4xx_hal_cortex.o
 .debug_macro   0x00023b55      0x1de ./Drivers/STM32F4xx_HAL_Driver/Src/stm32f4xx_hal_dma.o
 .debug_macro   0x00023d33      0x1de ./Drivers/STM32F4xx_HAL_Driver/Src/stm32f4xx_hal_gpio.o
 .debug_macro   0x00023f11      0x1f0 ./Drivers/STM32F4xx_HAL_Driver/Src/stm32f4xx_hal_pwr_ex.o
 .debug_macro   0x00024101      0x1fc ./Drivers/STM32F4xx_HAL_Driver/Src/stm32f4xx_hal_rcc.o
 .debug_macro   0x000242fd      0x1e7 ./Drivers/STM32F4xx_HAL_Driver/Src/stm32f4xx_hal_spi.o
 .debug_macro   0x000244e4      0x1d9 ./Drivers/STM32F4xx_HAL_Driver/Src/stm32f4xx_hal_tim.o
 .debug_macro   0x000246bd      0x1d8 ./Drivers/STM32F4xx_HAL_Driver/Src/stm32f4xx_hal_tim_ex.o
 .debug_macro   0x00024895      0x1d9 ./Drivers/STM32F4xx_HAL_Driver/Src/stm32f4xx_hal_uart.o

.debug_line     0x00000000    0x12c9e
 .debug_line    0x00000000      0x961 ./Core/Src/hx711.o
 .debug_line    0x00000961      0xddf ./Core/Src/main.o
 .debug_line    0x00001740      0xc2b ./Core/Src/rc522.o
 .debug_line    0x0000236b      0xb15 ./Core/Src/simple_protocol.o
 .debug_line    0x00002e80      0x884 ./Core/Src/stm32f4xx_hal_msp.o
 .debug_line    0x00003704      0x88b ./Core/Src/stm32f4xx_it.o
 .debug_line    0x00003f8f      0x588 ./Core/Src/sysmem.o
 .debug_line    0x00004517      0x7d3 ./Core/Src/system_stm32f4xx.o
 .debug_line    0x00004cea       0x7a ./Core/Startup/startup_stm32f429zitx.o
 .debug_line    0x00004d64      0xa85 ./Drivers/STM32F4xx_HAL_Driver/Src/stm32f4xx_hal.o
 .debug_line    0x000057e9      0xd1f ./Drivers/STM32F4xx_HAL_Driver/Src/stm32f4xx_hal_cortex.o
 .debug_line    0x00006508      0xfbb ./Drivers/STM32F4xx_HAL_Driver/Src/stm32f4xx_hal_dma.o
 .debug_line    0x000074c3      0xbcf ./Drivers/STM32F4xx_HAL_Driver/Src/stm32f4xx_hal_gpio.o
 .debug_line    0x00008092      0x9bc ./Drivers/STM32F4xx_HAL_Driver/Src/stm32f4xx_hal_pwr_ex.o
 .debug_line    0x00008a4e      0xe5c ./Drivers/STM32F4xx_HAL_Driver/Src/stm32f4xx_hal_rcc.o
 .debug_line    0x000098aa     0x1cea ./Drivers/STM32F4xx_HAL_Driver/Src/stm32f4xx_hal_spi.o
 .debug_line    0x0000b594     0x37c4 ./Drivers/STM32F4xx_HAL_Driver/Src/stm32f4xx_hal_tim.o
 .debug_line    0x0000ed58     0x19af ./Drivers/STM32F4xx_HAL_Driver/Src/stm32f4xx_hal_tim_ex.o
 .debug_line    0x00010707     0x2597 ./Drivers/STM32F4xx_HAL_Driver/Src/stm32f4xx_hal_uart.o

.debug_str      0x00000000    0xdd402
 .debug_str     0x00000000    0xdd402 ./Core/Src/hx711.o
                              0xd501e (size before relaxing)
 .debug_str     0x000dd402    0xd98ea ./Core/Src/main.o
 .debug_str     0x000dd402    0xd8ce1 ./Core/Src/rc522.o
 .debug_str     0x000dd402    0xd86a5 ./Core/Src/simple_protocol.o
 .debug_str     0x000dd402    0xd5e4e ./Core/Src/stm32f4xx_hal_msp.o
 .debug_str     0x000dd402    0xd57af ./Core/Src/stm32f4xx_it.o
 .debug_str     0x000dd402     0x776f ./Core/Src/sysmem.o
 .debug_str     0x000dd402    0xd44ca ./Core/Src/system_stm32f4xx.o
 .debug_str     0x000dd402       0x71 ./Core/Startup/startup_stm32f429zitx.o
 .debug_str     0x000dd402    0xd50ed ./Drivers/STM32F4xx_HAL_Driver/Src/stm32f4xx_hal.o
 .debug_str     0x000dd402    0xd4e1b ./Drivers/STM32F4xx_HAL_Driver/Src/stm32f4xx_hal_cortex.o
 .debug_str     0x000dd402    0xd48d1 ./Drivers/STM32F4xx_HAL_Driver/Src/stm32f4xx_hal_dma.o
 .debug_str     0x000dd402    0xd4645 ./Drivers/STM32F4xx_HAL_Driver/Src/stm32f4xx_hal_gpio.o
 .debug_str     0x000dd402    0xd46a2 ./Drivers/STM32F4xx_HAL_Driver/Src/stm32f4xx_hal_pwr_ex.o
 .debug_str     0x000dd402    0xd48fe ./Drivers/STM32F4xx_HAL_Driver/Src/stm32f4xx_hal_rcc.o
 .debug_str     0x000dd402    0xd4d75 ./Drivers/STM32F4xx_HAL_Driver/Src/stm32f4xx_hal_spi.o
 .debug_str     0x000dd402    0xd5841 ./Drivers/STM32F4xx_HAL_Driver/Src/stm32f4xx_hal_tim.o
 .debug_str     0x000dd402    0xd504d ./Drivers/STM32F4xx_HAL_Driver/Src/stm32f4xx_hal_tim_ex.o
 .debug_str     0x000dd402    0xd4ecc ./Drivers/STM32F4xx_HAL_Driver/Src/stm32f4xx_hal_uart.o

.comment        0x00000000       0x43
 .comment       0x00000000       0x43 ./Core/Src/hx711.o
                                 0x44 (size before relaxing)
 .comment       0x00000043       0x44 ./Core/Src/main.o
 .comment       0x00000043       0x44 ./Core/Src/rc522.o
 .comment       0x00000043       0x44 ./Core/Src/simple_protocol.o
 .comment       0x00000043       0x44 ./Core/Src/stm32f4xx_hal_msp.o
 .comment       0x00000043       0x44 ./Core/Src/stm32f4xx_it.o
 .comment       0x00000043       0x44 ./Core/Src/sysmem.o
 .comment       0x00000043       0x44 ./Core/Src/system_stm32f4xx.o
 .comment       0x00000043       0x44 ./Drivers/STM32F4xx_HAL_Driver/Src/stm32f4xx_hal.o
 .comment       0x00000043       0x44 ./Drivers/STM32F4xx_HAL_Driver/Src/stm32f4xx_hal_cortex.o
 .comment       0x00000043       0x44 ./Drivers/STM32F4xx_HAL_Driver/Src/stm32f4xx_hal_dma.o
 .comment       0x00000043       0x44 ./Drivers/STM32F4xx_HAL_Driver/Src/stm32f4xx_hal_gpio.o
 .comment       0x00000043       0x44 ./Drivers/STM32F4xx_HAL_Driver/Src/stm32f4xx_hal_pwr_ex.o
 .comment       0x00000043       0x44 ./Drivers/STM32F4xx_HAL_Driver/Src/stm32f4xx_hal_rcc.o
 .comment       0x00000043       0x44 ./Drivers/STM32F4xx_HAL_Driver/Src/stm32f4xx_hal_spi.o
 .comment       0x00000043       0x44 ./Drivers/STM32F4xx_HAL_Driver/Src/stm32f4xx_hal_tim.o
 .comment       0x00000043       0x44 ./Drivers/STM32F4xx_HAL_Driver/Src/stm32f4xx_hal_tim_ex.o
 .comment       0x00000043       0x44 ./Drivers/STM32F4xx_HAL_Driver/Src/stm32f4xx_hal_uart.o

.debug_frame    0x00000000     0x4a68
 .debug_frame   0x00000000      0x188 ./Core/Src/hx711.o
 .debug_frame   0x00000188      0x290 ./Core/Src/main.o
 .debug_frame   0x00000418      0x218 ./Core/Src/rc522.o
 .debug_frame   0x00000630      0x170 ./Core/Src/simple_protocol.o
 .debug_frame   0x000007a0      0x110 ./Core/Src/stm32f4xx_hal_msp.o
 .debug_frame   0x000008b0      0x158 ./Core/Src/stm32f4xx_it.o
 .debug_frame   0x00000a08       0x34 ./Core/Src/sysmem.o
 .debug_frame   0x00000a3c       0x58 ./Core/Src/system_stm32f4xx.o
 .debug_frame   0x00000a94      0x3b4 ./Drivers/STM32F4xx_HAL_Driver/Src/stm32f4xx_hal.o
 .debug_frame   0x00000e48      0x508 ./Drivers/STM32F4xx_HAL_Driver/Src/stm32f4xx_hal_cortex.o
 .debug_frame   0x00001350      0x250 ./Drivers/STM32F4xx_HAL_Driver/Src/stm32f4xx_hal_dma.o
 .debug_frame   0x000015a0      0x14c ./Drivers/STM32F4xx_HAL_Driver/Src/stm32f4xx_hal_gpio.o
 .debug_frame   0x000016ec      0x14c ./Drivers/STM32F4xx_HAL_Driver/Src/stm32f4xx_hal_pwr_ex.o
 .debug_frame   0x00001838      0x1f4 ./Drivers/STM32F4xx_HAL_Driver/Src/stm32f4xx_hal_rcc.o
 .debug_frame   0x00001a2c      0x828 ./Drivers/STM32F4xx_HAL_Driver/Src/stm32f4xx_hal_spi.o
 .debug_frame   0x00002254     0x11c0 ./Drivers/STM32F4xx_HAL_Driver/Src/stm32f4xx_hal_tim.o
 .debug_frame   0x00003414      0x638 ./Drivers/STM32F4xx_HAL_Driver/Src/stm32f4xx_hal_tim_ex.o
 .debug_frame   0x00003a4c      0x954 ./Drivers/STM32F4xx_HAL_Driver/Src/stm32f4xx_hal_uart.o
 .debug_frame   0x000043a0      0x144 C:/ST/STM32CubeIDE_1.17.0/STM32CubeIDE/plugins/com.st.stm32cube.ide.mcu.externaltools.gnu-tools-for-stm32.13.3.rel1.win32_1.0.0.202411081344/tools/bin/../lib/gcc/arm-none-eabi/13.3.1/../../../../arm-none-eabi/lib/thumb/v7e-m+fp/hard\libc_nano.a(libc_a-findfp.o)
 .debug_frame   0x000044e4       0x7c C:/ST/STM32CubeIDE_1.17.0/STM32CubeIDE/plugins/com.st.stm32cube.ide.mcu.externaltools.gnu-tools-for-stm32.13.3.rel1.win32_1.0.0.202411081344/tools/bin/../lib/gcc/arm-none-eabi/13.3.1/../../../../arm-none-eabi/lib/thumb/v7e-m+fp/hard\libc_nano.a(libc_a-snprintf.o)
 .debug_frame   0x00004560       0x28 C:/ST/STM32CubeIDE_1.17.0/STM32CubeIDE/plugins/com.st.stm32cube.ide.mcu.externaltools.gnu-tools-for-stm32.13.3.rel1.win32_1.0.0.202411081344/tools/bin/../lib/gcc/arm-none-eabi/13.3.1/../../../../arm-none-eabi/lib/thumb/v7e-m+fp/hard\libc_nano.a(libc_a-memcmp.o)
 .debug_frame   0x00004588       0x20 C:/ST/STM32CubeIDE_1.17.0/STM32CubeIDE/plugins/com.st.stm32cube.ide.mcu.externaltools.gnu-tools-for-stm32.13.3.rel1.win32_1.0.0.202411081344/tools/bin/../lib/gcc/arm-none-eabi/13.3.1/../../../../arm-none-eabi/lib/thumb/v7e-m+fp/hard\libc_nano.a(libc_a-memset.o)
 .debug_frame   0x000045a8       0x38 C:/ST/STM32CubeIDE_1.17.0/STM32CubeIDE/plugins/com.st.stm32cube.ide.mcu.externaltools.gnu-tools-for-stm32.13.3.rel1.win32_1.0.0.202411081344/tools/bin/../lib/gcc/arm-none-eabi/13.3.1/../../../../arm-none-eabi/lib/thumb/v7e-m+fp/hard\libc_nano.a(libc_a-reent.o)
 .debug_frame   0x000045e0       0x20 C:/ST/STM32CubeIDE_1.17.0/STM32CubeIDE/plugins/com.st.stm32cube.ide.mcu.externaltools.gnu-tools-for-stm32.13.3.rel1.win32_1.0.0.202411081344/tools/bin/../lib/gcc/arm-none-eabi/13.3.1/../../../../arm-none-eabi/lib/thumb/v7e-m+fp/hard\libc_nano.a(libc_a-errno.o)
 .debug_frame   0x00004600       0x2c C:/ST/STM32CubeIDE_1.17.0/STM32CubeIDE/plugins/com.st.stm32cube.ide.mcu.externaltools.gnu-tools-for-stm32.13.3.rel1.win32_1.0.0.202411081344/tools/bin/../lib/gcc/arm-none-eabi/13.3.1/../../../../arm-none-eabi/lib/thumb/v7e-m+fp/hard\libc_nano.a(libc_a-init.o)
 .debug_frame   0x0000462c       0xb0 C:/ST/STM32CubeIDE_1.17.0/STM32CubeIDE/plugins/com.st.stm32cube.ide.mcu.externaltools.gnu-tools-for-stm32.13.3.rel1.win32_1.0.0.202411081344/tools/bin/../lib/gcc/arm-none-eabi/13.3.1/../../../../arm-none-eabi/lib/thumb/v7e-m+fp/hard\libc_nano.a(libc_a-lock.o)
 .debug_frame   0x000046dc       0x38 C:/ST/STM32CubeIDE_1.17.0/STM32CubeIDE/plugins/com.st.stm32cube.ide.mcu.externaltools.gnu-tools-for-stm32.13.3.rel1.win32_1.0.0.202411081344/tools/bin/../lib/gcc/arm-none-eabi/13.3.1/../../../../arm-none-eabi/lib/thumb/v7e-m+fp/hard\libc_nano.a(libc_a-freer.o)
 .debug_frame   0x00004714       0x50 C:/ST/STM32CubeIDE_1.17.0/STM32CubeIDE/plugins/com.st.stm32cube.ide.mcu.externaltools.gnu-tools-for-stm32.13.3.rel1.win32_1.0.0.202411081344/tools/bin/../lib/gcc/arm-none-eabi/13.3.1/../../../../arm-none-eabi/lib/thumb/v7e-m+fp/hard\libc_nano.a(libc_a-mallocr.o)
 .debug_frame   0x00004764       0x30 C:/ST/STM32CubeIDE_1.17.0/STM32CubeIDE/plugins/com.st.stm32cube.ide.mcu.externaltools.gnu-tools-for-stm32.13.3.rel1.win32_1.0.0.202411081344/tools/bin/../lib/gcc/arm-none-eabi/13.3.1/../../../../arm-none-eabi/lib/thumb/v7e-m+fp/hard\libc_nano.a(libc_a-mlock.o)
 .debug_frame   0x00004794       0x90 C:/ST/STM32CubeIDE_1.17.0/STM32CubeIDE/plugins/com.st.stm32cube.ide.mcu.externaltools.gnu-tools-for-stm32.13.3.rel1.win32_1.0.0.202411081344/tools/bin/../lib/gcc/arm-none-eabi/13.3.1/../../../../arm-none-eabi/lib/thumb/v7e-m+fp/hard\libc_nano.a(libc_a-nano-svfprintf.o)
 .debug_frame   0x00004824       0x60 C:/ST/STM32CubeIDE_1.17.0/STM32CubeIDE/plugins/com.st.stm32cube.ide.mcu.externaltools.gnu-tools-for-stm32.13.3.rel1.win32_1.0.0.202411081344/tools/bin/../lib/gcc/arm-none-eabi/13.3.1/../../../../arm-none-eabi/lib/thumb/v7e-m+fp/hard\libc_nano.a(libc_a-nano-vfprintf_i.o)
 .debug_frame   0x00004884       0x28 C:/ST/STM32CubeIDE_1.17.0/STM32CubeIDE/plugins/com.st.stm32cube.ide.mcu.externaltools.gnu-tools-for-stm32.13.3.rel1.win32_1.0.0.202411081344/tools/bin/../lib/gcc/arm-none-eabi/13.3.1/../../../../arm-none-eabi/lib/thumb/v7e-m+fp/hard\libc_nano.a(libc_a-memmove.o)
 .debug_frame   0x000048ac       0x2c C:/ST/STM32CubeIDE_1.17.0/STM32CubeIDE/plugins/com.st.stm32cube.ide.mcu.externaltools.gnu-tools-for-stm32.13.3.rel1.win32_1.0.0.202411081344/tools/bin/../lib/gcc/arm-none-eabi/13.3.1/../../../../arm-none-eabi/lib/thumb/v7e-m+fp/hard\libc_nano.a(libc_a-sbrkr.o)
 .debug_frame   0x000048d8       0x28 C:/ST/STM32CubeIDE_1.17.0/STM32CubeIDE/plugins/com.st.stm32cube.ide.mcu.externaltools.gnu-tools-for-stm32.13.3.rel1.win32_1.0.0.202411081344/tools/bin/../lib/gcc/arm-none-eabi/13.3.1/../../../../arm-none-eabi/lib/thumb/v7e-m+fp/hard\libc_nano.a(libc_a-memcpy-stub.o)
 .debug_frame   0x00004900       0x3c C:/ST/STM32CubeIDE_1.17.0/STM32CubeIDE/plugins/com.st.stm32cube.ide.mcu.externaltools.gnu-tools-for-stm32.13.3.rel1.win32_1.0.0.202411081344/tools/bin/../lib/gcc/arm-none-eabi/13.3.1/../../../../arm-none-eabi/lib/thumb/v7e-m+fp/hard\libc_nano.a(libc_a-reallocr.o)
 .debug_frame   0x0000493c       0x20 C:/ST/STM32CubeIDE_1.17.0/STM32CubeIDE/plugins/com.st.stm32cube.ide.mcu.externaltools.gnu-tools-for-stm32.13.3.rel1.win32_1.0.0.202411081344/tools/bin/../lib/gcc/arm-none-eabi/13.3.1/../../../../arm-none-eabi/lib/thumb/v7e-m+fp/hard\libc_nano.a(libc_a-msizer.o)
 .debug_frame   0x0000495c       0xac C:/ST/STM32CubeIDE_1.17.0/STM32CubeIDE/plugins/com.st.stm32cube.ide.mcu.externaltools.gnu-tools-for-stm32.13.3.rel1.win32_1.0.0.202411081344/tools/bin/../lib/gcc/arm-none-eabi/13.3.1/thumb/v7e-m+fp/hard\libgcc.a(_arm_addsubdf3.o)
 .debug_frame   0x00004a08       0x2c C:/ST/STM32CubeIDE_1.17.0/STM32CubeIDE/plugins/com.st.stm32cube.ide.mcu.externaltools.gnu-tools-for-stm32.13.3.rel1.win32_1.0.0.202411081344/tools/bin/../lib/gcc/arm-none-eabi/13.3.1/thumb/v7e-m+fp/hard\libgcc.a(_aeabi_uldivmod.o)
 .debug_frame   0x00004a34       0x34 C:/ST/STM32CubeIDE_1.17.0/STM32CubeIDE/plugins/com.st.stm32cube.ide.mcu.externaltools.gnu-tools-for-stm32.13.3.rel1.win32_1.0.0.202411081344/tools/bin/../lib/gcc/arm-none-eabi/13.3.1/thumb/v7e-m+fp/hard\libgcc.a(_udivmoddi4.o)

.debug_line_str
                0x00000000       0x55
 .debug_line_str
                0x00000000       0x55 ./Core/Startup/startup_stm32f429zitx.o
