16:28:46 **** Build of configuration Debug for project health_care ****
make -j8 all 
arm-none-eabi-gcc "../Drivers/STM32F4xx_HAL_Driver/Src/stm32f4xx_hal.c" -mcpu=cortex-m4 -std=gnu11 -g3 -DDEBUG -DUSE_HAL_DRIVER -DSTM32F429xx -c -I../Core/Inc -I../Drivers/STM32F4xx_HAL_Driver/Inc -I../Drivers/STM32F4xx_HAL_Driver/Inc/Legacy -I../Drivers/CMSIS/Device/ST/STM32F4xx/Include -I../Drivers/CMSIS/Include -O0 -ffunction-sections -fdata-sections -Wall -fstack-usage -fcyclomatic-complexity -MMD -MP -MF"Drivers/STM32F4xx_HAL_Driver/Src/stm32f4xx_hal.d" -MT"Drivers/STM32F4xx_HAL_Driver/Src/stm32f4xx_hal.o" --specs=nano.specs -mfpu=fpv4-sp-d16 -mfloat-abi=hard -mthumb -o "Drivers/STM32F4xx_HAL_Driver/Src/stm32f4xx_hal.o"
arm-none-eabi-gcc "../Drivers/STM32F4xx_HAL_Driver/Src/stm32f4xx_hal_cortex.c" -mcpu=cortex-m4 -std=gnu11 -g3 -DDEBUG -DUSE_HAL_DRIVER -DSTM32F429xx -c -I../Core/Inc -I../Drivers/STM32F4xx_HAL_Driver/Inc -I../Drivers/STM32F4xx_HAL_Driver/Inc/Legacy -I../Drivers/CMSIS/Device/ST/STM32F4xx/Include -I../Drivers/CMSIS/Include -O0 -ffunction-sections -fdata-sections -Wall -fstack-usage -fcyclomatic-complexity -MMD -MP -MF"Drivers/STM32F4xx_HAL_Driver/Src/stm32f4xx_hal_cortex.d" -MT"Drivers/STM32F4xx_HAL_Driver/Src/stm32f4xx_hal_cortex.o" --specs=nano.specs -mfpu=fpv4-sp-d16 -mfloat-abi=hard -mthumb -o "Drivers/STM32F4xx_HAL_Driver/Src/stm32f4xx_hal_cortex.o"
arm-none-eabi-gcc "../Drivers/STM32F4xx_HAL_Driver/Src/stm32f4xx_hal_dma.c" -mcpu=cortex-m4 -std=gnu11 -g3 -DDEBUG -DUSE_HAL_DRIVER -DSTM32F429xx -c -I../Core/Inc -I../Drivers/STM32F4xx_HAL_Driver/Inc -I../Drivers/STM32F4xx_HAL_Driver/Inc/Legacy -I../Drivers/CMSIS/Device/ST/STM32F4xx/Include -I../Drivers/CMSIS/Include -O0 -ffunction-sections -fdata-sections -Wall -fstack-usage -fcyclomatic-complexity -MMD -MP -MF"Drivers/STM32F4xx_HAL_Driver/Src/stm32f4xx_hal_dma.d" -MT"Drivers/STM32F4xx_HAL_Driver/Src/stm32f4xx_hal_dma.o" --specs=nano.specs -mfpu=fpv4-sp-d16 -mfloat-abi=hard -mthumb -o "Drivers/STM32F4xx_HAL_Driver/Src/stm32f4xx_hal_dma.o"
arm-none-eabi-gcc "../Drivers/STM32F4xx_HAL_Driver/Src/stm32f4xx_hal_dma_ex.c" -mcpu=cortex-m4 -std=gnu11 -g3 -DDEBUG -DUSE_HAL_DRIVER -DSTM32F429xx -c -I../Core/Inc -I../Drivers/STM32F4xx_HAL_Driver/Inc -I../Drivers/STM32F4xx_HAL_Driver/Inc/Legacy -I../Drivers/CMSIS/Device/ST/STM32F4xx/Include -I../Drivers/CMSIS/Include -O0 -ffunction-sections -fdata-sections -Wall -fstack-usage -fcyclomatic-complexity -MMD -MP -MF"Drivers/STM32F4xx_HAL_Driver/Src/stm32f4xx_hal_dma_ex.d" -MT"Drivers/STM32F4xx_HAL_Driver/Src/stm32f4xx_hal_dma_ex.o" --specs=nano.specs -mfpu=fpv4-sp-d16 -mfloat-abi=hard -mthumb -o "Drivers/STM32F4xx_HAL_Driver/Src/stm32f4xx_hal_dma_ex.o"
arm-none-eabi-gcc "../Drivers/STM32F4xx_HAL_Driver/Src/stm32f4xx_hal_exti.c" -mcpu=cortex-m4 -std=gnu11 -g3 -DDEBUG -DUSE_HAL_DRIVER -DSTM32F429xx -c -I../Core/Inc -I../Drivers/STM32F4xx_HAL_Driver/Inc -I../Drivers/STM32F4xx_HAL_Driver/Inc/Legacy -I../Drivers/CMSIS/Device/ST/STM32F4xx/Include -I../Drivers/CMSIS/Include -O0 -ffunction-sections -fdata-sections -Wall -fstack-usage -fcyclomatic-complexity -MMD -MP -MF"Drivers/STM32F4xx_HAL_Driver/Src/stm32f4xx_hal_exti.d" -MT"Drivers/STM32F4xx_HAL_Driver/Src/stm32f4xx_hal_exti.o" --specs=nano.specs -mfpu=fpv4-sp-d16 -mfloat-abi=hard -mthumb -o "Drivers/STM32F4xx_HAL_Driver/Src/stm32f4xx_hal_exti.o"
arm-none-eabi-gcc "../Drivers/STM32F4xx_HAL_Driver/Src/stm32f4xx_hal_flash.c" -mcpu=cortex-m4 -std=gnu11 -g3 -DDEBUG -DUSE_HAL_DRIVER -DSTM32F429xx -c -I../Core/Inc -I../Drivers/STM32F4xx_HAL_Driver/Inc -I../Drivers/STM32F4xx_HAL_Driver/Inc/Legacy -I../Drivers/CMSIS/Device/ST/STM32F4xx/Include -I../Drivers/CMSIS/Include -O0 -ffunction-sections -fdata-sections -Wall -fstack-usage -fcyclomatic-complexity -MMD -MP -MF"Drivers/STM32F4xx_HAL_Driver/Src/stm32f4xx_hal_flash.d" -MT"Drivers/STM32F4xx_HAL_Driver/Src/stm32f4xx_hal_flash.o" --specs=nano.specs -mfpu=fpv4-sp-d16 -mfloat-abi=hard -mthumb -o "Drivers/STM32F4xx_HAL_Driver/Src/stm32f4xx_hal_flash.o"
arm-none-eabi-gcc "../Drivers/STM32F4xx_HAL_Driver/Src/stm32f4xx_hal_flash_ex.c" -mcpu=cortex-m4 -std=gnu11 -g3 -DDEBUG -DUSE_HAL_DRIVER -DSTM32F429xx -c -I../Core/Inc -I../Drivers/STM32F4xx_HAL_Driver/Inc -I../Drivers/STM32F4xx_HAL_Driver/Inc/Legacy -I../Drivers/CMSIS/Device/ST/STM32F4xx/Include -I../Drivers/CMSIS/Include -O0 -ffunction-sections -fdata-sections -Wall -fstack-usage -fcyclomatic-complexity -MMD -MP -MF"Drivers/STM32F4xx_HAL_Driver/Src/stm32f4xx_hal_flash_ex.d" -MT"Drivers/STM32F4xx_HAL_Driver/Src/stm32f4xx_hal_flash_ex.o" --specs=nano.specs -mfpu=fpv4-sp-d16 -mfloat-abi=hard -mthumb -o "Drivers/STM32F4xx_HAL_Driver/Src/stm32f4xx_hal_flash_ex.o"
arm-none-eabi-gcc "../Drivers/STM32F4xx_HAL_Driver/Src/stm32f4xx_hal_flash_ramfunc.c" -mcpu=cortex-m4 -std=gnu11 -g3 -DDEBUG -DUSE_HAL_DRIVER -DSTM32F429xx -c -I../Core/Inc -I../Drivers/STM32F4xx_HAL_Driver/Inc -I../Drivers/STM32F4xx_HAL_Driver/Inc/Legacy -I../Drivers/CMSIS/Device/ST/STM32F4xx/Include -I../Drivers/CMSIS/Include -O0 -ffunction-sections -fdata-sections -Wall -fstack-usage -fcyclomatic-complexity -MMD -MP -MF"Drivers/STM32F4xx_HAL_Driver/Src/stm32f4xx_hal_flash_ramfunc.d" -MT"Drivers/STM32F4xx_HAL_Driver/Src/stm32f4xx_hal_flash_ramfunc.o" --specs=nano.specs -mfpu=fpv4-sp-d16 -mfloat-abi=hard -mthumb -o "Drivers/STM32F4xx_HAL_Driver/Src/stm32f4xx_hal_flash_ramfunc.o"
arm-none-eabi-gcc "../Drivers/STM32F4xx_HAL_Driver/Src/stm32f4xx_hal_gpio.c" -mcpu=cortex-m4 -std=gnu11 -g3 -DDEBUG -DUSE_HAL_DRIVER -DSTM32F429xx -c -I../Core/Inc -I../Drivers/STM32F4xx_HAL_Driver/Inc -I../Drivers/STM32F4xx_HAL_Driver/Inc/Legacy -I../Drivers/CMSIS/Device/ST/STM32F4xx/Include -I../Drivers/CMSIS/Include -O0 -ffunction-sections -fdata-sections -Wall -fstack-usage -fcyclomatic-complexity -MMD -MP -MF"Drivers/STM32F4xx_HAL_Driver/Src/stm32f4xx_hal_gpio.d" -MT"Drivers/STM32F4xx_HAL_Driver/Src/stm32f4xx_hal_gpio.o" --specs=nano.specs -mfpu=fpv4-sp-d16 -mfloat-abi=hard -mthumb -o "Drivers/STM32F4xx_HAL_Driver/Src/stm32f4xx_hal_gpio.o"
arm-none-eabi-gcc "../Drivers/STM32F4xx_HAL_Driver/Src/stm32f4xx_hal_pwr.c" -mcpu=cortex-m4 -std=gnu11 -g3 -DDEBUG -DUSE_HAL_DRIVER -DSTM32F429xx -c -I../Core/Inc -I../Drivers/STM32F4xx_HAL_Driver/Inc -I../Drivers/STM32F4xx_HAL_Driver/Inc/Legacy -I../Drivers/CMSIS/Device/ST/STM32F4xx/Include -I../Drivers/CMSIS/Include -O0 -ffunction-sections -fdata-sections -Wall -fstack-usage -fcyclomatic-complexity -MMD -MP -MF"Drivers/STM32F4xx_HAL_Driver/Src/stm32f4xx_hal_pwr.d" -MT"Drivers/STM32F4xx_HAL_Driver/Src/stm32f4xx_hal_pwr.o" --specs=nano.specs -mfpu=fpv4-sp-d16 -mfloat-abi=hard -mthumb -o "Drivers/STM32F4xx_HAL_Driver/Src/stm32f4xx_hal_pwr.o"
arm-none-eabi-gcc "../Drivers/STM32F4xx_HAL_Driver/Src/stm32f4xx_hal_pwr_ex.c" -mcpu=cortex-m4 -std=gnu11 -g3 -DDEBUG -DUSE_HAL_DRIVER -DSTM32F429xx -c -I../Core/Inc -I../Drivers/STM32F4xx_HAL_Driver/Inc -I../Drivers/STM32F4xx_HAL_Driver/Inc/Legacy -I../Drivers/CMSIS/Device/ST/STM32F4xx/Include -I../Drivers/CMSIS/Include -O0 -ffunction-sections -fdata-sections -Wall -fstack-usage -fcyclomatic-complexity -MMD -MP -MF"Drivers/STM32F4xx_HAL_Driver/Src/stm32f4xx_hal_pwr_ex.d" -MT"Drivers/STM32F4xx_HAL_Driver/Src/stm32f4xx_hal_pwr_ex.o" --specs=nano.specs -mfpu=fpv4-sp-d16 -mfloat-abi=hard -mthumb -o "Drivers/STM32F4xx_HAL_Driver/Src/stm32f4xx_hal_pwr_ex.o"
arm-none-eabi-gcc "../Drivers/STM32F4xx_HAL_Driver/Src/stm32f4xx_hal_rcc.c" -mcpu=cortex-m4 -std=gnu11 -g3 -DDEBUG -DUSE_HAL_DRIVER -DSTM32F429xx -c -I../Core/Inc -I../Drivers/STM32F4xx_HAL_Driver/Inc -I../Drivers/STM32F4xx_HAL_Driver/Inc/Legacy -I../Drivers/CMSIS/Device/ST/STM32F4xx/Include -I../Drivers/CMSIS/Include -O0 -ffunction-sections -fdata-sections -Wall -fstack-usage -fcyclomatic-complexity -MMD -MP -MF"Drivers/STM32F4xx_HAL_Driver/Src/stm32f4xx_hal_rcc.d" -MT"Drivers/STM32F4xx_HAL_Driver/Src/stm32f4xx_hal_rcc.o" --specs=nano.specs -mfpu=fpv4-sp-d16 -mfloat-abi=hard -mthumb -o "Drivers/STM32F4xx_HAL_Driver/Src/stm32f4xx_hal_rcc.o"
arm-none-eabi-gcc "../Drivers/STM32F4xx_HAL_Driver/Src/stm32f4xx_hal_rcc_ex.c" -mcpu=cortex-m4 -std=gnu11 -g3 -DDEBUG -DUSE_HAL_DRIVER -DSTM32F429xx -c -I../Core/Inc -I../Drivers/STM32F4xx_HAL_Driver/Inc -I../Drivers/STM32F4xx_HAL_Driver/Inc/Legacy -I../Drivers/CMSIS/Device/ST/STM32F4xx/Include -I../Drivers/CMSIS/Include -O0 -ffunction-sections -fdata-sections -Wall -fstack-usage -fcyclomatic-complexity -MMD -MP -MF"Drivers/STM32F4xx_HAL_Driver/Src/stm32f4xx_hal_rcc_ex.d" -MT"Drivers/STM32F4xx_HAL_Driver/Src/stm32f4xx_hal_rcc_ex.o" --specs=nano.specs -mfpu=fpv4-sp-d16 -mfloat-abi=hard -mthumb -o "Drivers/STM32F4xx_HAL_Driver/Src/stm32f4xx_hal_rcc_ex.o"
arm-none-eabi-gcc "../Drivers/STM32F4xx_HAL_Driver/Src/stm32f4xx_hal_spi.c" -mcpu=cortex-m4 -std=gnu11 -g3 -DDEBUG -DUSE_HAL_DRIVER -DSTM32F429xx -c -I../Core/Inc -I../Drivers/STM32F4xx_HAL_Driver/Inc -I../Drivers/STM32F4xx_HAL_Driver/Inc/Legacy -I../Drivers/CMSIS/Device/ST/STM32F4xx/Include -I../Drivers/CMSIS/Include -O0 -ffunction-sections -fdata-sections -Wall -fstack-usage -fcyclomatic-complexity -MMD -MP -MF"Drivers/STM32F4xx_HAL_Driver/Src/stm32f4xx_hal_spi.d" -MT"Drivers/STM32F4xx_HAL_Driver/Src/stm32f4xx_hal_spi.o" --specs=nano.specs -mfpu=fpv4-sp-d16 -mfloat-abi=hard -mthumb -o "Drivers/STM32F4xx_HAL_Driver/Src/stm32f4xx_hal_spi.o"
arm-none-eabi-gcc "../Drivers/STM32F4xx_HAL_Driver/Src/stm32f4xx_hal_tim.c" -mcpu=cortex-m4 -std=gnu11 -g3 -DDEBUG -DUSE_HAL_DRIVER -DSTM32F429xx -c -I../Core/Inc -I../Drivers/STM32F4xx_HAL_Driver/Inc -I../Drivers/STM32F4xx_HAL_Driver/Inc/Legacy -I../Drivers/CMSIS/Device/ST/STM32F4xx/Include -I../Drivers/CMSIS/Include -O0 -ffunction-sections -fdata-sections -Wall -fstack-usage -fcyclomatic-complexity -MMD -MP -MF"Drivers/STM32F4xx_HAL_Driver/Src/stm32f4xx_hal_tim.d" -MT"Drivers/STM32F4xx_HAL_Driver/Src/stm32f4xx_hal_tim.o" --specs=nano.specs -mfpu=fpv4-sp-d16 -mfloat-abi=hard -mthumb -o "Drivers/STM32F4xx_HAL_Driver/Src/stm32f4xx_hal_tim.o"
arm-none-eabi-gcc "../Drivers/STM32F4xx_HAL_Driver/Src/stm32f4xx_hal_tim_ex.c" -mcpu=cortex-m4 -std=gnu11 -g3 -DDEBUG -DUSE_HAL_DRIVER -DSTM32F429xx -c -I../Core/Inc -I../Drivers/STM32F4xx_HAL_Driver/Inc -I../Drivers/STM32F4xx_HAL_Driver/Inc/Legacy -I../Drivers/CMSIS/Device/ST/STM32F4xx/Include -I../Drivers/CMSIS/Include -O0 -ffunction-sections -fdata-sections -Wall -fstack-usage -fcyclomatic-complexity -MMD -MP -MF"Drivers/STM32F4xx_HAL_Driver/Src/stm32f4xx_hal_tim_ex.d" -MT"Drivers/STM32F4xx_HAL_Driver/Src/stm32f4xx_hal_tim_ex.o" --specs=nano.specs -mfpu=fpv4-sp-d16 -mfloat-abi=hard -mthumb -o "Drivers/STM32F4xx_HAL_Driver/Src/stm32f4xx_hal_tim_ex.o"
arm-none-eabi-gcc "../Drivers/STM32F4xx_HAL_Driver/Src/stm32f4xx_hal_uart.c" -mcpu=cortex-m4 -std=gnu11 -g3 -DDEBUG -DUSE_HAL_DRIVER -DSTM32F429xx -c -I../Core/Inc -I../Drivers/STM32F4xx_HAL_Driver/Inc -I../Drivers/STM32F4xx_HAL_Driver/Inc/Legacy -I../Drivers/CMSIS/Device/ST/STM32F4xx/Include -I../Drivers/CMSIS/Include -O0 -ffunction-sections -fdata-sections -Wall -fstack-usage -fcyclomatic-complexity -MMD -MP -MF"Drivers/STM32F4xx_HAL_Driver/Src/stm32f4xx_hal_uart.d" -MT"Drivers/STM32F4xx_HAL_Driver/Src/stm32f4xx_hal_uart.o" --specs=nano.specs -mfpu=fpv4-sp-d16 -mfloat-abi=hard -mthumb -o "Drivers/STM32F4xx_HAL_Driver/Src/stm32f4xx_hal_uart.o"
arm-none-eabi-gcc -mcpu=cortex-m4 -g3 -DDEBUG -c -x assembler-with-cpp -MMD -MP -MF"Core/Startup/startup_stm32f429zitx.d" -MT"Core/Startup/startup_stm32f429zitx.o" --specs=nano.specs -mfpu=fpv4-sp-d16 -mfloat-abi=hard -mthumb -o "Core/Startup/startup_stm32f429zitx.o" "../Core/Startup/startup_stm32f429zitx.s"
arm-none-eabi-gcc "../Core/Src/esp32_comm.c" -mcpu=cortex-m4 -std=gnu11 -g3 -DDEBUG -DUSE_HAL_DRIVER -DSTM32F429xx -c -I../Core/Inc -I../Drivers/STM32F4xx_HAL_Driver/Inc -I../Drivers/STM32F4xx_HAL_Driver/Inc/Legacy -I../Drivers/CMSIS/Device/ST/STM32F4xx/Include -I../Drivers/CMSIS/Include -O0 -ffunction-sections -fdata-sections -Wall -fstack-usage -fcyclomatic-complexity -MMD -MP -MF"Core/Src/esp32_comm.d" -MT"Core/Src/esp32_comm.o" --specs=nano.specs -mfpu=fpv4-sp-d16 -mfloat-abi=hard -mthumb -o "Core/Src/esp32_comm.o"
arm-none-eabi-gcc "../Core/Src/hx711.c" -mcpu=cortex-m4 -std=gnu11 -g3 -DDEBUG -DUSE_HAL_DRIVER -DSTM32F429xx -c -I../Core/Inc -I../Drivers/STM32F4xx_HAL_Driver/Inc -I../Drivers/STM32F4xx_HAL_Driver/Inc/Legacy -I../Drivers/CMSIS/Device/ST/STM32F4xx/Include -I../Drivers/CMSIS/Include -O0 -ffunction-sections -fdata-sections -Wall -fstack-usage -fcyclomatic-complexity -MMD -MP -MF"Core/Src/hx711.d" -MT"Core/Src/hx711.o" --specs=nano.specs -mfpu=fpv4-sp-d16 -mfloat-abi=hard -mthumb -o "Core/Src/hx711.o"
arm-none-eabi-gcc "../Core/Src/main.c" -mcpu=cortex-m4 -std=gnu11 -g3 -DDEBUG -DUSE_HAL_DRIVER -DSTM32F429xx -c -I../Core/Inc -I../Drivers/STM32F4xx_HAL_Driver/Inc -I../Drivers/STM32F4xx_HAL_Driver/Inc/Legacy -I../Drivers/CMSIS/Device/ST/STM32F4xx/Include -I../Drivers/CMSIS/Include -O0 -ffunction-sections -fdata-sections -Wall -fstack-usage -fcyclomatic-complexity -MMD -MP -MF"Core/Src/main.d" -MT"Core/Src/main.o" --specs=nano.specs -mfpu=fpv4-sp-d16 -mfloat-abi=hard -mthumb -o "Core/Src/main.o"
arm-none-eabi-gcc "../Core/Src/rc522.c" -mcpu=cortex-m4 -std=gnu11 -g3 -DDEBUG -DUSE_HAL_DRIVER -DSTM32F429xx -c -I../Core/Inc -I../Drivers/STM32F4xx_HAL_Driver/Inc -I../Drivers/STM32F4xx_HAL_Driver/Inc/Legacy -I../Drivers/CMSIS/Device/ST/STM32F4xx/Include -I../Drivers/CMSIS/Include -O0 -ffunction-sections -fdata-sections -Wall -fstack-usage -fcyclomatic-complexity -MMD -MP -MF"Core/Src/rc522.d" -MT"Core/Src/rc522.o" --specs=nano.specs -mfpu=fpv4-sp-d16 -mfloat-abi=hard -mthumb -o "Core/Src/rc522.o"
arm-none-eabi-gcc "../Core/Src/stm32f4xx_hal_msp.c" -mcpu=cortex-m4 -std=gnu11 -g3 -DDEBUG -DUSE_HAL_DRIVER -DSTM32F429xx -c -I../Core/Inc -I../Drivers/STM32F4xx_HAL_Driver/Inc -I../Drivers/STM32F4xx_HAL_Driver/Inc/Legacy -I../Drivers/CMSIS/Device/ST/STM32F4xx/Include -I../Drivers/CMSIS/Include -O0 -ffunction-sections -fdata-sections -Wall -fstack-usage -fcyclomatic-complexity -MMD -MP -MF"Core/Src/stm32f4xx_hal_msp.d" -MT"Core/Src/stm32f4xx_hal_msp.o" --specs=nano.specs -mfpu=fpv4-sp-d16 -mfloat-abi=hard -mthumb -o "Core/Src/stm32f4xx_hal_msp.o"
arm-none-eabi-gcc "../Core/Src/stm32f4xx_it.c" -mcpu=cortex-m4 -std=gnu11 -g3 -DDEBUG -DUSE_HAL_DRIVER -DSTM32F429xx -c -I../Core/Inc -I../Drivers/STM32F4xx_HAL_Driver/Inc -I../Drivers/STM32F4xx_HAL_Driver/Inc/Legacy -I../Drivers/CMSIS/Device/ST/STM32F4xx/Include -I../Drivers/CMSIS/Include -O0 -ffunction-sections -fdata-sections -Wall -fstack-usage -fcyclomatic-complexity -MMD -MP -MF"Core/Src/stm32f4xx_it.d" -MT"Core/Src/stm32f4xx_it.o" --specs=nano.specs -mfpu=fpv4-sp-d16 -mfloat-abi=hard -mthumb -o "Core/Src/stm32f4xx_it.o"
arm-none-eabi-gcc "../Core/Src/syscalls.c" -mcpu=cortex-m4 -std=gnu11 -g3 -DDEBUG -DUSE_HAL_DRIVER -DSTM32F429xx -c -I../Core/Inc -I../Drivers/STM32F4xx_HAL_Driver/Inc -I../Drivers/STM32F4xx_HAL_Driver/Inc/Legacy -I../Drivers/CMSIS/Device/ST/STM32F4xx/Include -I../Drivers/CMSIS/Include -O0 -ffunction-sections -fdata-sections -Wall -fstack-usage -fcyclomatic-complexity -MMD -MP -MF"Core/Src/syscalls.d" -MT"Core/Src/syscalls.o" --specs=nano.specs -mfpu=fpv4-sp-d16 -mfloat-abi=hard -mthumb -o "Core/Src/syscalls.o"
../Core/Src/main.c: In function 'System_Init':
../Core/Src/main.c:88:5: warning: implicit declaration of function 'Debug_Printf' [-Wimplicit-function-declaration]
   88 |     Debug_Printf("Healthcare RFID System Starting...\r\n");
      |     ^~~~~~~~~~~~
../Core/Src/main.c: In function 'HX711_Calibrate':
../Core/Src/main.c:301:11: warning: unused variable 'calculated_scale' [-Wunused-variable]
  301 |     float calculated_scale = (float)raw_with_weight / 1000.0f;
      |           ^~~~~~~~~~~~~~~~
../Core/Src/main.c: In function 'System_Test':
../Core/Src/main.c:320:15: warning: unused variable 'weight' [-Wunused-variable]
  320 |         float weight = HX711_ReadWeight();
      |               ^~~~~~
../Core/Src/main.c:314:13: warning: unused variable 'version' [-Wunused-variable]
  314 |     uint8_t version = RC522_ReadRegister(RC522_REG_VERSION);
      |             ^~~~~~~
arm-none-eabi-gcc "../Core/Src/sysmem.c" -mcpu=cortex-m4 -std=gnu11 -g3 -DDEBUG -DUSE_HAL_DRIVER -DSTM32F429xx -c -I../Core/Inc -I../Drivers/STM32F4xx_HAL_Driver/Inc -I../Drivers/STM32F4xx_HAL_Driver/Inc/Legacy -I../Drivers/CMSIS/Device/ST/STM32F4xx/Include -I../Drivers/CMSIS/Include -O0 -ffunction-sections -fdata-sections -Wall -fstack-usage -fcyclomatic-complexity -MMD -MP -MF"Core/Src/sysmem.d" -MT"Core/Src/sysmem.o" --specs=nano.specs -mfpu=fpv4-sp-d16 -mfloat-abi=hard -mthumb -o "Core/Src/sysmem.o"
arm-none-eabi-gcc "../Core/Src/system_stm32f4xx.c" -mcpu=cortex-m4 -std=gnu11 -g3 -DDEBUG -DUSE_HAL_DRIVER -DSTM32F429xx -c -I../Core/Inc -I../Drivers/STM32F4xx_HAL_Driver/Inc -I../Drivers/STM32F4xx_HAL_Driver/Inc/Legacy -I../Drivers/CMSIS/Device/ST/STM32F4xx/Include -I../Drivers/CMSIS/Include -O0 -ffunction-sections -fdata-sections -Wall -fstack-usage -fcyclomatic-complexity -MMD -MP -MF"Core/Src/system_stm32f4xx.d" -MT"Core/Src/system_stm32f4xx.o" --specs=nano.specs -mfpu=fpv4-sp-d16 -mfloat-abi=hard -mthumb -o "Core/Src/system_stm32f4xx.o"
arm-none-eabi-gcc -o "health_care.elf" @"objects.list"   -mcpu=cortex-m4 -T"D:\Nhung\STM32\health_care\STM32F429ZITX_FLASH.ld" --specs=nosys.specs -Wl,-Map="health_care.map" -Wl,--gc-sections -static --specs=nano.specs -mfpu=fpv4-sp-d16 -mfloat-abi=hard -mthumb -Wl,--start-group -lc -lm -Wl,--end-group
C:/ST/STM32CubeIDE_1.17.0/STM32CubeIDE/plugins/com.st.stm32cube.ide.mcu.externaltools.gnu-tools-for-stm32.13.3.rel1.win32_1.0.0.202411081344/tools/bin/../lib/gcc/arm-none-eabi/13.3.1/../../../../arm-none-eabi/bin/ld.exe: ./Core/Src/main.o: in function `System_Init':
D:/Nhung/STM32/health_care/Debug/../Core/Src/main.c:88:(.text.System_Init+0x6): undefined reference to `Debug_Printf'
C:/ST/STM32CubeIDE_1.17.0/STM32CubeIDE/plugins/com.st.stm32cube.ide.mcu.externaltools.gnu-tools-for-stm32.13.3.rel1.win32_1.0.0.202411081344/tools/bin/../lib/gcc/arm-none-eabi/13.3.1/../../../../arm-none-eabi/bin/ld.exe: D:/Nhung/STM32/health_care/Debug/../Core/Src/main.c:92:(.text.System_Init+0x10): undefined reference to `Debug_Printf'
C:/ST/STM32CubeIDE_1.17.0/STM32CubeIDE/plugins/com.st.stm32cube.ide.mcu.externaltools.gnu-tools-for-stm32.13.3.rel1.win32_1.0.0.202411081344/tools/bin/../lib/gcc/arm-none-eabi/13.3.1/../../../../arm-none-eabi/bin/ld.exe: D:/Nhung/STM32/health_care/Debug/../Core/Src/main.c:96:(.text.System_Init+0x1a): undefined reference to `Debug_Printf'
C:/ST/STM32CubeIDE_1.17.0/STM32CubeIDE/plugins/com.st.stm32cube.ide.mcu.externaltools.gnu-tools-for-stm32.13.3.rel1.win32_1.0.0.202411081344/tools/bin/../lib/gcc/arm-none-eabi/13.3.1/../../../../arm-none-eabi/bin/ld.exe: D:/Nhung/STM32/health_care/Debug/../Core/Src/main.c:100:(.text.System_Init+0x24): undefined reference to `Debug_Printf'
C:/ST/STM32CubeIDE_1.17.0/STM32CubeIDE/plugins/com.st.stm32cube.ide.mcu.externaltools.gnu-tools-for-stm32.13.3.rel1.win32_1.0.0.202411081344/tools/bin/../lib/gcc/arm-none-eabi/13.3.1/../../../../arm-none-eabi/bin/ld.exe: D:/Nhung/STM32/health_care/Debug/../Core/Src/main.c:107:(.text.System_Init+0x42): undefined reference to `Debug_Printf'
C:/ST/STM32CubeIDE_1.17.0/STM32CubeIDE/plugins/com.st.stm32cube.ide.mcu.externaltools.gnu-tools-for-stm32.13.3.rel1.win32_1.0.0.202411081344/tools/bin/../lib/gcc/arm-none-eabi/13.3.1/../../../../arm-none-eabi/bin/ld.exe: ./Core/Src/main.o:D:/Nhung/STM32/health_care/Debug/../Core/Src/main.c:111: more undefined references to `Debug_Printf' follow
collect2.exe: error: ld returned 1 exit status
make: *** [makefile:64: health_care.elf] Error 1
"make -j8 all" terminated with exit code 2. Build might be incomplete.
16:32:49 **** Incremental Build of configuration Debug for project health_care ****
make -j8 all 
arm-none-eabi-gcc "../Core/Src/esp32_comm.c" -mcpu=cortex-m4 -std=gnu11 -g3 -DDEBUG -DUSE_HAL_DRIVER -DSTM32F429xx -c -I../Core/Inc -I../Drivers/STM32F4xx_HAL_Driver/Inc -I../Drivers/STM32F4xx_HAL_Driver/Inc/Legacy -I../Drivers/CMSIS/Device/ST/STM32F4xx/Include -I../Drivers/CMSIS/Include -O0 -ffunction-sections -fdata-sections -Wall -fstack-usage -fcyclomatic-complexity -MMD -MP -MF"Core/Src/esp32_comm.d" -MT"Core/Src/esp32_comm.o" --specs=nano.specs -mfpu=fpv4-sp-d16 -mfloat-abi=hard -mthumb -o "Core/Src/esp32_comm.o"
arm-none-eabi-gcc "../Core/Src/hx711.c" -mcpu=cortex-m4 -std=gnu11 -g3 -DDEBUG -DUSE_HAL_DRIVER -DSTM32F429xx -c -I../Core/Inc -I../Drivers/STM32F4xx_HAL_Driver/Inc -I../Drivers/STM32F4xx_HAL_Driver/Inc/Legacy -I../Drivers/CMSIS/Device/ST/STM32F4xx/Include -I../Drivers/CMSIS/Include -O0 -ffunction-sections -fdata-sections -Wall -fstack-usage -fcyclomatic-complexity -MMD -MP -MF"Core/Src/hx711.d" -MT"Core/Src/hx711.o" --specs=nano.specs -mfpu=fpv4-sp-d16 -mfloat-abi=hard -mthumb -o "Core/Src/hx711.o"
arm-none-eabi-gcc "../Core/Src/main.c" -mcpu=cortex-m4 -std=gnu11 -g3 -DDEBUG -DUSE_HAL_DRIVER -DSTM32F429xx -c -I../Core/Inc -I../Drivers/STM32F4xx_HAL_Driver/Inc -I../Drivers/STM32F4xx_HAL_Driver/Inc/Legacy -I../Drivers/CMSIS/Device/ST/STM32F4xx/Include -I../Drivers/CMSIS/Include -O0 -ffunction-sections -fdata-sections -Wall -fstack-usage -fcyclomatic-complexity -MMD -MP -MF"Core/Src/main.d" -MT"Core/Src/main.o" --specs=nano.specs -mfpu=fpv4-sp-d16 -mfloat-abi=hard -mthumb -o "Core/Src/main.o"
arm-none-eabi-gcc "../Core/Src/rc522.c" -mcpu=cortex-m4 -std=gnu11 -g3 -DDEBUG -DUSE_HAL_DRIVER -DSTM32F429xx -c -I../Core/Inc -I../Drivers/STM32F4xx_HAL_Driver/Inc -I../Drivers/STM32F4xx_HAL_Driver/Inc/Legacy -I../Drivers/CMSIS/Device/ST/STM32F4xx/Include -I../Drivers/CMSIS/Include -O0 -ffunction-sections -fdata-sections -Wall -fstack-usage -fcyclomatic-complexity -MMD -MP -MF"Core/Src/rc522.d" -MT"Core/Src/rc522.o" --specs=nano.specs -mfpu=fpv4-sp-d16 -mfloat-abi=hard -mthumb -o "Core/Src/rc522.o"
arm-none-eabi-gcc "../Core/Src/stm32f4xx_hal_msp.c" -mcpu=cortex-m4 -std=gnu11 -g3 -DDEBUG -DUSE_HAL_DRIVER -DSTM32F429xx -c -I../Core/Inc -I../Drivers/STM32F4xx_HAL_Driver/Inc -I../Drivers/STM32F4xx_HAL_Driver/Inc/Legacy -I../Drivers/CMSIS/Device/ST/STM32F4xx/Include -I../Drivers/CMSIS/Include -O0 -ffunction-sections -fdata-sections -Wall -fstack-usage -fcyclomatic-complexity -MMD -MP -MF"Core/Src/stm32f4xx_hal_msp.d" -MT"Core/Src/stm32f4xx_hal_msp.o" --specs=nano.specs -mfpu=fpv4-sp-d16 -mfloat-abi=hard -mthumb -o "Core/Src/stm32f4xx_hal_msp.o"
arm-none-eabi-gcc "../Core/Src/stm32f4xx_it.c" -mcpu=cortex-m4 -std=gnu11 -g3 -DDEBUG -DUSE_HAL_DRIVER -DSTM32F429xx -c -I../Core/Inc -I../Drivers/STM32F4xx_HAL_Driver/Inc -I../Drivers/STM32F4xx_HAL_Driver/Inc/Legacy -I../Drivers/CMSIS/Device/ST/STM32F4xx/Include -I../Drivers/CMSIS/Include -O0 -ffunction-sections -fdata-sections -Wall -fstack-usage -fcyclomatic-complexity -MMD -MP -MF"Core/Src/stm32f4xx_it.d" -MT"Core/Src/stm32f4xx_it.o" --specs=nano.specs -mfpu=fpv4-sp-d16 -mfloat-abi=hard -mthumb -o "Core/Src/stm32f4xx_it.o"
../Core/Src/main.c: In function 'System_Test':
../Core/Src/main.c:337:15: warning: unused variable 'weight' [-Wunused-variable]
  337 |         float weight = HX711_ReadWeight();
      |               ^~~~~~
../Core/Src/main.c: In function 'Error_Handler':
../Core/Src/main.c:695:3: warning: implicit declaration of function 'System_Error_Handler'; did you mean 'Error_Handler'? [-Wimplicit-function-declaration]
  695 |   System_Error_Handler(__FILE__, __LINE__, __FUNCTION__);
      |   ^~~~~~~~~~~~~~~~~~~~
      |   Error_Handler
../Core/Src/main.c: At top level:
../Core/Src/main.c:702:6: warning: conflicting types for 'System_Error_Handler'; have 'void(const char *, int,  const char *)'
  702 | void System_Error_Handler(const char* file, int line, const char* function) {
      |      ^~~~~~~~~~~~~~~~~~~~
../Core/Src/main.c:695:3: note: previous implicit declaration of 'System_Error_Handler' with type 'void(const char *, int,  const char *)'
  695 |   System_Error_Handler(__FILE__, __LINE__, __FUNCTION__);
      |   ^~~~~~~~~~~~~~~~~~~~
arm-none-eabi-gcc -o "health_care.elf" @"objects.list"   -mcpu=cortex-m4 -T"D:\Nhung\STM32\health_care\STM32F429ZITX_FLASH.ld" --specs=nosys.specs -Wl,-Map="health_care.map" -Wl,--gc-sections -static --specs=nano.specs -mfpu=fpv4-sp-d16 -mfloat-abi=hard -mthumb -Wl,--start-group -lc -lm -Wl,--end-group
Finished building target: health_care.elf
 
arm-none-eabi-size  health_care.elf 
arm-none-eabi-objdump -h -S health_care.elf  > "health_care.list"
   text	   data	    bss	    dec	    hex	filename
  21328	     16	   2336	  23680	   5c80	health_care.elf
Finished building: default.size.stdout
 
Finished building: health_care.list
 
16:33:41 **** Incremental Build of configuration Debug for project health_care ****
make -j8 all 
arm-none-eabi-size  health_care.elf 
   text	   data	    bss	    dec	    hex	filename
  21328	     16	   2336	  23680	   5c80	health_care.elf
Finished building: default.size.stdout
 
16:51:06 **** Incremental Build of configuration Debug for project health_care ****
make -j8 all 
arm-none-eabi-gcc "../Core/Src/esp32_comm.c" -mcpu=cortex-m4 -std=gnu11 -g3 -DDEBUG -DUSE_HAL_DRIVER -DSTM32F429xx -c -I../Core/Inc -I../Drivers/STM32F4xx_HAL_Driver/Inc -I../Drivers/STM32F4xx_HAL_Driver/Inc/Legacy -I../Drivers/CMSIS/Device/ST/STM32F4xx/Include -I../Drivers/CMSIS/Include -O0 -ffunction-sections -fdata-sections -Wall -fstack-usage -fcyclomatic-complexity -MMD -MP -MF"Core/Src/esp32_comm.d" -MT"Core/Src/esp32_comm.o" --specs=nano.specs -mfpu=fpv4-sp-d16 -mfloat-abi=hard -mthumb -o "Core/Src/esp32_comm.o"
arm-none-eabi-gcc "../Core/Src/hx711.c" -mcpu=cortex-m4 -std=gnu11 -g3 -DDEBUG -DUSE_HAL_DRIVER -DSTM32F429xx -c -I../Core/Inc -I../Drivers/STM32F4xx_HAL_Driver/Inc -I../Drivers/STM32F4xx_HAL_Driver/Inc/Legacy -I../Drivers/CMSIS/Device/ST/STM32F4xx/Include -I../Drivers/CMSIS/Include -O0 -ffunction-sections -fdata-sections -Wall -fstack-usage -fcyclomatic-complexity -MMD -MP -MF"Core/Src/hx711.d" -MT"Core/Src/hx711.o" --specs=nano.specs -mfpu=fpv4-sp-d16 -mfloat-abi=hard -mthumb -o "Core/Src/hx711.o"
arm-none-eabi-gcc "../Core/Src/main.c" -mcpu=cortex-m4 -std=gnu11 -g3 -DDEBUG -DUSE_HAL_DRIVER -DSTM32F429xx -c -I../Core/Inc -I../Drivers/STM32F4xx_HAL_Driver/Inc -I../Drivers/STM32F4xx_HAL_Driver/Inc/Legacy -I../Drivers/CMSIS/Device/ST/STM32F4xx/Include -I../Drivers/CMSIS/Include -O0 -ffunction-sections -fdata-sections -Wall -fstack-usage -fcyclomatic-complexity -MMD -MP -MF"Core/Src/main.d" -MT"Core/Src/main.o" --specs=nano.specs -mfpu=fpv4-sp-d16 -mfloat-abi=hard -mthumb -o "Core/Src/main.o"
arm-none-eabi-gcc "../Core/Src/rc522.c" -mcpu=cortex-m4 -std=gnu11 -g3 -DDEBUG -DUSE_HAL_DRIVER -DSTM32F429xx -c -I../Core/Inc -I../Drivers/STM32F4xx_HAL_Driver/Inc -I../Drivers/STM32F4xx_HAL_Driver/Inc/Legacy -I../Drivers/CMSIS/Device/ST/STM32F4xx/Include -I../Drivers/CMSIS/Include -O0 -ffunction-sections -fdata-sections -Wall -fstack-usage -fcyclomatic-complexity -MMD -MP -MF"Core/Src/rc522.d" -MT"Core/Src/rc522.o" --specs=nano.specs -mfpu=fpv4-sp-d16 -mfloat-abi=hard -mthumb -o "Core/Src/rc522.o"
arm-none-eabi-gcc "../Core/Src/stm32f4xx_hal_msp.c" -mcpu=cortex-m4 -std=gnu11 -g3 -DDEBUG -DUSE_HAL_DRIVER -DSTM32F429xx -c -I../Core/Inc -I../Drivers/STM32F4xx_HAL_Driver/Inc -I../Drivers/STM32F4xx_HAL_Driver/Inc/Legacy -I../Drivers/CMSIS/Device/ST/STM32F4xx/Include -I../Drivers/CMSIS/Include -O0 -ffunction-sections -fdata-sections -Wall -fstack-usage -fcyclomatic-complexity -MMD -MP -MF"Core/Src/stm32f4xx_hal_msp.d" -MT"Core/Src/stm32f4xx_hal_msp.o" --specs=nano.specs -mfpu=fpv4-sp-d16 -mfloat-abi=hard -mthumb -o "Core/Src/stm32f4xx_hal_msp.o"
arm-none-eabi-gcc "../Core/Src/stm32f4xx_it.c" -mcpu=cortex-m4 -std=gnu11 -g3 -DDEBUG -DUSE_HAL_DRIVER -DSTM32F429xx -c -I../Core/Inc -I../Drivers/STM32F4xx_HAL_Driver/Inc -I../Drivers/STM32F4xx_HAL_Driver/Inc/Legacy -I../Drivers/CMSIS/Device/ST/STM32F4xx/Include -I../Drivers/CMSIS/Include -O0 -ffunction-sections -fdata-sections -Wall -fstack-usage -fcyclomatic-complexity -MMD -MP -MF"Core/Src/stm32f4xx_it.d" -MT"Core/Src/stm32f4xx_it.o" --specs=nano.specs -mfpu=fpv4-sp-d16 -mfloat-abi=hard -mthumb -o "Core/Src/stm32f4xx_it.o"
../Core/Src/main.c: In function 'System_Test':
../Core/Src/main.c:338:15: warning: unused variable 'weight' [-Wunused-variable]
  338 |         float weight = HX711_ReadWeight();
      |               ^~~~~~
../Core/Src/main.c: In function 'main':
../Core/Src/main.c:400:12: warning: unused variable 'last_test_time' [-Wunused-variable]
  400 |   uint32_t last_test_time = HAL_GetTick();
      |            ^~~~~~~~~~~~~~
../Core/Src/main.c: In function 'Error_Handler':
../Core/Src/main.c:713:3: warning: implicit declaration of function 'System_Error_Handler'; did you mean 'Error_Handler'? [-Wimplicit-function-declaration]
  713 |   System_Error_Handler(__FILE__, __LINE__, __FUNCTION__);
      |   ^~~~~~~~~~~~~~~~~~~~
      |   Error_Handler
../Core/Src/main.c: At top level:
../Core/Src/main.c:720:6: warning: conflicting types for 'System_Error_Handler'; have 'void(const char *, int,  const char *)'
  720 | void System_Error_Handler(const char* file, int line, const char* function) {
      |      ^~~~~~~~~~~~~~~~~~~~
../Core/Src/main.c:713:3: note: previous implicit declaration of 'System_Error_Handler' with type 'void(const char *, int,  const char *)'
  713 |   System_Error_Handler(__FILE__, __LINE__, __FUNCTION__);
      |   ^~~~~~~~~~~~~~~~~~~~
arm-none-eabi-gcc -o "health_care.elf" @"objects.list"   -mcpu=cortex-m4 -T"D:\Nhung\STM32\health_care\STM32F429ZITX_FLASH.ld" --specs=nosys.specs -Wl,-Map="health_care.map" -Wl,--gc-sections -static --specs=nano.specs -mfpu=fpv4-sp-d16 -mfloat-abi=hard -mthumb -Wl,--start-group -lc -lm -Wl,--end-group
Finished building target: health_care.elf
 
arm-none-eabi-size  health_care.elf 
arm-none-eabi-objdump -h -S health_care.elf  > "health_care.list"
   text	   data	    bss	    dec	    hex	filename
  25100	     96	   2664	  27860	   6cd4	health_care.elf
Finished building: default.size.stdout
 
Finished building: health_care.list
 
16:58:48 **** Incremental Build of configuration Debug for project health_care ****
make -j8 all 
arm-none-eabi-gcc "../Core/Src/main.c" -mcpu=cortex-m4 -std=gnu11 -g3 -DDEBUG -DUSE_HAL_DRIVER -DSTM32F429xx -c -I../Core/Inc -I../Drivers/STM32F4xx_HAL_Driver/Inc -I../Drivers/STM32F4xx_HAL_Driver/Inc/Legacy -I../Drivers/CMSIS/Device/ST/STM32F4xx/Include -I../Drivers/CMSIS/Include -O0 -ffunction-sections -fdata-sections -Wall -fstack-usage -fcyclomatic-complexity -MMD -MP -MF"Core/Src/main.d" -MT"Core/Src/main.o" --specs=nano.specs -mfpu=fpv4-sp-d16 -mfloat-abi=hard -mthumb -o "Core/Src/main.o"
../Core/Src/main.c: In function 'System_Test':
../Core/Src/main.c:353:15: warning: unused variable 'weight' [-Wunused-variable]
  353 |         float weight = HX711_ReadWeight();
      |               ^~~~~~
../Core/Src/main.c: In function 'main':
../Core/Src/main.c:415:12: warning: unused variable 'last_test_time' [-Wunused-variable]
  415 |   uint32_t last_test_time = HAL_GetTick();
      |            ^~~~~~~~~~~~~~
../Core/Src/main.c: In function 'Error_Handler':
../Core/Src/main.c:761:3: warning: implicit declaration of function 'System_Error_Handler'; did you mean 'Error_Handler'? [-Wimplicit-function-declaration]
  761 |   System_Error_Handler(__FILE__, __LINE__, __FUNCTION__);
      |   ^~~~~~~~~~~~~~~~~~~~
      |   Error_Handler
../Core/Src/main.c: At top level:
../Core/Src/main.c:768:6: warning: conflicting types for 'System_Error_Handler'; have 'void(const char *, int,  const char *)'
  768 | void System_Error_Handler(const char* file, int line, const char* function) {
      |      ^~~~~~~~~~~~~~~~~~~~
../Core/Src/main.c:761:3: note: previous implicit declaration of 'System_Error_Handler' with type 'void(const char *, int,  const char *)'
  761 |   System_Error_Handler(__FILE__, __LINE__, __FUNCTION__);
      |   ^~~~~~~~~~~~~~~~~~~~
arm-none-eabi-gcc -o "health_care.elf" @"objects.list"   -mcpu=cortex-m4 -T"D:\Nhung\STM32\health_care\STM32F429ZITX_FLASH.ld" --specs=nosys.specs -Wl,-Map="health_care.map" -Wl,--gc-sections -static --specs=nano.specs -mfpu=fpv4-sp-d16 -mfloat-abi=hard -mthumb -Wl,--start-group -lc -lm -Wl,--end-group
Finished building target: health_care.elf
 
arm-none-eabi-size  health_care.elf 
arm-none-eabi-objdump -h -S health_care.elf  > "health_care.list"
   text	   data	    bss	    dec	    hex	filename
  25764	     96	   2672	  28532	   6f74	health_care.elf
Finished building: default.size.stdout
 
Finished building: health_care.list
 
17:06:50 **** Incremental Build of configuration Debug for project health_care ****
make -j8 all 
arm-none-eabi-gcc "../Core/Src/main.c" -mcpu=cortex-m4 -std=gnu11 -g3 -DDEBUG -DUSE_HAL_DRIVER -DSTM32F429xx -c -I../Core/Inc -I../Drivers/STM32F4xx_HAL_Driver/Inc -I../Drivers/STM32F4xx_HAL_Driver/Inc/Legacy -I../Drivers/CMSIS/Device/ST/STM32F4xx/Include -I../Drivers/CMSIS/Include -O0 -ffunction-sections -fdata-sections -Wall -fstack-usage -fcyclomatic-complexity -MMD -MP -MF"Core/Src/main.d" -MT"Core/Src/main.o" --specs=nano.specs -mfpu=fpv4-sp-d16 -mfloat-abi=hard -mthumb -o "Core/Src/main.o"
../Core/Src/main.c: In function 'System_Test':
../Core/Src/main.c:353:15: warning: unused variable 'weight' [-Wunused-variable]
  353 |         float weight = HX711_ReadWeight();
      |               ^~~~~~
../Core/Src/main.c: In function 'main':
../Core/Src/main.c:415:12: warning: unused variable 'last_test_time' [-Wunused-variable]
  415 |   uint32_t last_test_time = HAL_GetTick();
      |            ^~~~~~~~~~~~~~
../Core/Src/main.c: In function 'Error_Handler':
../Core/Src/main.c:805:3: warning: implicit declaration of function 'System_Error_Handler'; did you mean 'Error_Handler'? [-Wimplicit-function-declaration]
  805 |   System_Error_Handler(__FILE__, __LINE__, __FUNCTION__);
      |   ^~~~~~~~~~~~~~~~~~~~
      |   Error_Handler
../Core/Src/main.c: At top level:
../Core/Src/main.c:812:6: warning: conflicting types for 'System_Error_Handler'; have 'void(const char *, int,  const char *)'
  812 | void System_Error_Handler(const char* file, int line, const char* function) {
      |      ^~~~~~~~~~~~~~~~~~~~
../Core/Src/main.c:805:3: note: previous implicit declaration of 'System_Error_Handler' with type 'void(const char *, int,  const char *)'
  805 |   System_Error_Handler(__FILE__, __LINE__, __FUNCTION__);
      |   ^~~~~~~~~~~~~~~~~~~~
arm-none-eabi-gcc -o "health_care.elf" @"objects.list"   -mcpu=cortex-m4 -T"D:\Nhung\STM32\health_care\STM32F429ZITX_FLASH.ld" --specs=nosys.specs -Wl,-Map="health_care.map" -Wl,--gc-sections -static --specs=nano.specs -mfpu=fpv4-sp-d16 -mfloat-abi=hard -mthumb -Wl,--start-group -lc -lm -Wl,--end-group
Finished building target: health_care.elf
 
arm-none-eabi-size  health_care.elf 
arm-none-eabi-objdump -h -S health_care.elf  > "health_care.list"
   text	   data	    bss	    dec	    hex	filename
  26452	     96	   2672	  29220	   7224	health_care.elf
Finished building: default.size.stdout
 
Finished building: health_care.list
 
17:19:23 **** Incremental Build of configuration Debug for project health_care ****
make -j8 all 
arm-none-eabi-size  health_care.elf 
   text	   data	    bss	    dec	    hex	filename
  26452	     96	   2672	  29220	   7224	health_care.elf
Finished building: default.size.stdout
 
17:27:03 **** Incremental Build of configuration Debug for project health_care ****
make -j8 all 
arm-none-eabi-gcc "../Core/Src/esp32_comm.c" -mcpu=cortex-m4 -std=gnu11 -g3 -DDEBUG -DUSE_HAL_DRIVER -DSTM32F429xx -c -I../Core/Inc -I../Drivers/STM32F4xx_HAL_Driver/Inc -I../Drivers/STM32F4xx_HAL_Driver/Inc/Legacy -I../Drivers/CMSIS/Device/ST/STM32F4xx/Include -I../Drivers/CMSIS/Include -O0 -ffunction-sections -fdata-sections -Wall -fstack-usage -fcyclomatic-complexity -MMD -MP -MF"Core/Src/esp32_comm.d" -MT"Core/Src/esp32_comm.o" --specs=nano.specs -mfpu=fpv4-sp-d16 -mfloat-abi=hard -mthumb -o "Core/Src/esp32_comm.o"
arm-none-eabi-gcc "../Core/Src/hx711.c" -mcpu=cortex-m4 -std=gnu11 -g3 -DDEBUG -DUSE_HAL_DRIVER -DSTM32F429xx -c -I../Core/Inc -I../Drivers/STM32F4xx_HAL_Driver/Inc -I../Drivers/STM32F4xx_HAL_Driver/Inc/Legacy -I../Drivers/CMSIS/Device/ST/STM32F4xx/Include -I../Drivers/CMSIS/Include -O0 -ffunction-sections -fdata-sections -Wall -fstack-usage -fcyclomatic-complexity -MMD -MP -MF"Core/Src/hx711.d" -MT"Core/Src/hx711.o" --specs=nano.specs -mfpu=fpv4-sp-d16 -mfloat-abi=hard -mthumb -o "Core/Src/hx711.o"
arm-none-eabi-gcc "../Core/Src/main.c" -mcpu=cortex-m4 -std=gnu11 -g3 -DDEBUG -DUSE_HAL_DRIVER -DSTM32F429xx -c -I../Core/Inc -I../Drivers/STM32F4xx_HAL_Driver/Inc -I../Drivers/STM32F4xx_HAL_Driver/Inc/Legacy -I../Drivers/CMSIS/Device/ST/STM32F4xx/Include -I../Drivers/CMSIS/Include -O0 -ffunction-sections -fdata-sections -Wall -fstack-usage -fcyclomatic-complexity -MMD -MP -MF"Core/Src/main.d" -MT"Core/Src/main.o" --specs=nano.specs -mfpu=fpv4-sp-d16 -mfloat-abi=hard -mthumb -o "Core/Src/main.o"
arm-none-eabi-gcc "../Core/Src/rc522.c" -mcpu=cortex-m4 -std=gnu11 -g3 -DDEBUG -DUSE_HAL_DRIVER -DSTM32F429xx -c -I../Core/Inc -I../Drivers/STM32F4xx_HAL_Driver/Inc -I../Drivers/STM32F4xx_HAL_Driver/Inc/Legacy -I../Drivers/CMSIS/Device/ST/STM32F4xx/Include -I../Drivers/CMSIS/Include -O0 -ffunction-sections -fdata-sections -Wall -fstack-usage -fcyclomatic-complexity -MMD -MP -MF"Core/Src/rc522.d" -MT"Core/Src/rc522.o" --specs=nano.specs -mfpu=fpv4-sp-d16 -mfloat-abi=hard -mthumb -o "Core/Src/rc522.o"
arm-none-eabi-gcc "../Core/Src/stm32f4xx_hal_msp.c" -mcpu=cortex-m4 -std=gnu11 -g3 -DDEBUG -DUSE_HAL_DRIVER -DSTM32F429xx -c -I../Core/Inc -I../Drivers/STM32F4xx_HAL_Driver/Inc -I../Drivers/STM32F4xx_HAL_Driver/Inc/Legacy -I../Drivers/CMSIS/Device/ST/STM32F4xx/Include -I../Drivers/CMSIS/Include -O0 -ffunction-sections -fdata-sections -Wall -fstack-usage -fcyclomatic-complexity -MMD -MP -MF"Core/Src/stm32f4xx_hal_msp.d" -MT"Core/Src/stm32f4xx_hal_msp.o" --specs=nano.specs -mfpu=fpv4-sp-d16 -mfloat-abi=hard -mthumb -o "Core/Src/stm32f4xx_hal_msp.o"
arm-none-eabi-gcc "../Core/Src/stm32f4xx_it.c" -mcpu=cortex-m4 -std=gnu11 -g3 -DDEBUG -DUSE_HAL_DRIVER -DSTM32F429xx -c -I../Core/Inc -I../Drivers/STM32F4xx_HAL_Driver/Inc -I../Drivers/STM32F4xx_HAL_Driver/Inc/Legacy -I../Drivers/CMSIS/Device/ST/STM32F4xx/Include -I../Drivers/CMSIS/Include -O0 -ffunction-sections -fdata-sections -Wall -fstack-usage -fcyclomatic-complexity -MMD -MP -MF"Core/Src/stm32f4xx_it.d" -MT"Core/Src/stm32f4xx_it.o" --specs=nano.specs -mfpu=fpv4-sp-d16 -mfloat-abi=hard -mthumb -o "Core/Src/stm32f4xx_it.o"
../Core/Src/main.c: In function 'System_Test':
../Core/Src/main.c:353:15: warning: unused variable 'weight' [-Wunused-variable]
  353 |         float weight = HX711_ReadWeight();
      |               ^~~~~~
../Core/Src/main.c: In function 'main':
../Core/Src/main.c:415:12: warning: unused variable 'last_test_time' [-Wunused-variable]
  415 |   uint32_t last_test_time = HAL_GetTick();
      |            ^~~~~~~~~~~~~~
../Core/Src/main.c: In function 'Error_Handler':
../Core/Src/main.c:819:3: warning: implicit declaration of function 'System_Error_Handler'; did you mean 'Error_Handler'? [-Wimplicit-function-declaration]
  819 |   System_Error_Handler(__FILE__, __LINE__, __FUNCTION__);
      |   ^~~~~~~~~~~~~~~~~~~~
      |   Error_Handler
../Core/Src/main.c: At top level:
../Core/Src/main.c:826:6: warning: conflicting types for 'System_Error_Handler'; have 'void(const char *, int,  const char *)'
  826 | void System_Error_Handler(const char* file, int line, const char* function) {
      |      ^~~~~~~~~~~~~~~~~~~~
../Core/Src/main.c:819:3: note: previous implicit declaration of 'System_Error_Handler' with type 'void(const char *, int,  const char *)'
  819 |   System_Error_Handler(__FILE__, __LINE__, __FUNCTION__);
      |   ^~~~~~~~~~~~~~~~~~~~
arm-none-eabi-gcc -o "health_care.elf" @"objects.list"   -mcpu=cortex-m4 -T"D:\Nhung\STM32\health_care\STM32F429ZITX_FLASH.ld" --specs=nosys.specs -Wl,-Map="health_care.map" -Wl,--gc-sections -static --specs=nano.specs -mfpu=fpv4-sp-d16 -mfloat-abi=hard -mthumb -Wl,--start-group -lc -lm -Wl,--end-group
Finished building target: health_care.elf
 
arm-none-eabi-size  health_care.elf 
arm-none-eabi-objdump -h -S health_care.elf  > "health_care.list"
   text	   data	    bss	    dec	    hex	filename
  28680	     96	   2672	  31448	   7ad8	health_care.elf
Finished building: default.size.stdout
 
Finished building: health_care.list
 
17:31:47 **** Incremental Build of configuration Debug for project health_care ****
make -j8 all 
arm-none-eabi-size  health_care.elf 
   text	   data	    bss	    dec	    hex	filename
  28680	     96	   2672	  31448	   7ad8	health_care.elf
Finished building: default.size.stdout
 
17:34:39 **** Incremental Build of configuration Debug for project health_care ****
make -j8 all 
arm-none-eabi-gcc "../Core/Src/esp32_comm.c" -mcpu=cortex-m4 -std=gnu11 -g3 -DDEBUG -DUSE_HAL_DRIVER -DSTM32F429xx -c -I../Core/Inc -I../Drivers/STM32F4xx_HAL_Driver/Inc -I../Drivers/STM32F4xx_HAL_Driver/Inc/Legacy -I../Drivers/CMSIS/Device/ST/STM32F4xx/Include -I../Drivers/CMSIS/Include -O0 -ffunction-sections -fdata-sections -Wall -fstack-usage -fcyclomatic-complexity -MMD -MP -MF"Core/Src/esp32_comm.d" -MT"Core/Src/esp32_comm.o" --specs=nano.specs -mfpu=fpv4-sp-d16 -mfloat-abi=hard -mthumb -o "Core/Src/esp32_comm.o"
arm-none-eabi-gcc "../Core/Src/hx711.c" -mcpu=cortex-m4 -std=gnu11 -g3 -DDEBUG -DUSE_HAL_DRIVER -DSTM32F429xx -c -I../Core/Inc -I../Drivers/STM32F4xx_HAL_Driver/Inc -I../Drivers/STM32F4xx_HAL_Driver/Inc/Legacy -I../Drivers/CMSIS/Device/ST/STM32F4xx/Include -I../Drivers/CMSIS/Include -O0 -ffunction-sections -fdata-sections -Wall -fstack-usage -fcyclomatic-complexity -MMD -MP -MF"Core/Src/hx711.d" -MT"Core/Src/hx711.o" --specs=nano.specs -mfpu=fpv4-sp-d16 -mfloat-abi=hard -mthumb -o "Core/Src/hx711.o"
arm-none-eabi-gcc "../Core/Src/main.c" -mcpu=cortex-m4 -std=gnu11 -g3 -DDEBUG -DUSE_HAL_DRIVER -DSTM32F429xx -c -I../Core/Inc -I../Drivers/STM32F4xx_HAL_Driver/Inc -I../Drivers/STM32F4xx_HAL_Driver/Inc/Legacy -I../Drivers/CMSIS/Device/ST/STM32F4xx/Include -I../Drivers/CMSIS/Include -O0 -ffunction-sections -fdata-sections -Wall -fstack-usage -fcyclomatic-complexity -MMD -MP -MF"Core/Src/main.d" -MT"Core/Src/main.o" --specs=nano.specs -mfpu=fpv4-sp-d16 -mfloat-abi=hard -mthumb -o "Core/Src/main.o"
arm-none-eabi-gcc "../Core/Src/rc522.c" -mcpu=cortex-m4 -std=gnu11 -g3 -DDEBUG -DUSE_HAL_DRIVER -DSTM32F429xx -c -I../Core/Inc -I../Drivers/STM32F4xx_HAL_Driver/Inc -I../Drivers/STM32F4xx_HAL_Driver/Inc/Legacy -I../Drivers/CMSIS/Device/ST/STM32F4xx/Include -I../Drivers/CMSIS/Include -O0 -ffunction-sections -fdata-sections -Wall -fstack-usage -fcyclomatic-complexity -MMD -MP -MF"Core/Src/rc522.d" -MT"Core/Src/rc522.o" --specs=nano.specs -mfpu=fpv4-sp-d16 -mfloat-abi=hard -mthumb -o "Core/Src/rc522.o"
arm-none-eabi-gcc "../Core/Src/stm32f4xx_hal_msp.c" -mcpu=cortex-m4 -std=gnu11 -g3 -DDEBUG -DUSE_HAL_DRIVER -DSTM32F429xx -c -I../Core/Inc -I../Drivers/STM32F4xx_HAL_Driver/Inc -I../Drivers/STM32F4xx_HAL_Driver/Inc/Legacy -I../Drivers/CMSIS/Device/ST/STM32F4xx/Include -I../Drivers/CMSIS/Include -O0 -ffunction-sections -fdata-sections -Wall -fstack-usage -fcyclomatic-complexity -MMD -MP -MF"Core/Src/stm32f4xx_hal_msp.d" -MT"Core/Src/stm32f4xx_hal_msp.o" --specs=nano.specs -mfpu=fpv4-sp-d16 -mfloat-abi=hard -mthumb -o "Core/Src/stm32f4xx_hal_msp.o"
arm-none-eabi-gcc "../Core/Src/stm32f4xx_it.c" -mcpu=cortex-m4 -std=gnu11 -g3 -DDEBUG -DUSE_HAL_DRIVER -DSTM32F429xx -c -I../Core/Inc -I../Drivers/STM32F4xx_HAL_Driver/Inc -I../Drivers/STM32F4xx_HAL_Driver/Inc/Legacy -I../Drivers/CMSIS/Device/ST/STM32F4xx/Include -I../Drivers/CMSIS/Include -O0 -ffunction-sections -fdata-sections -Wall -fstack-usage -fcyclomatic-complexity -MMD -MP -MF"Core/Src/stm32f4xx_it.d" -MT"Core/Src/stm32f4xx_it.o" --specs=nano.specs -mfpu=fpv4-sp-d16 -mfloat-abi=hard -mthumb -o "Core/Src/stm32f4xx_it.o"
../Core/Src/main.c: In function 'System_Test':
../Core/Src/main.c:353:15: warning: unused variable 'weight' [-Wunused-variable]
  353 |         float weight = HX711_ReadWeight();
      |               ^~~~~~
../Core/Src/main.c: In function 'main':
../Core/Src/main.c:415:12: warning: unused variable 'last_test_time' [-Wunused-variable]
  415 |   uint32_t last_test_time = HAL_GetTick();
      |            ^~~~~~~~~~~~~~
../Core/Src/main.c: In function 'Error_Handler':
../Core/Src/main.c:832:3: warning: implicit declaration of function 'System_Error_Handler'; did you mean 'Error_Handler'? [-Wimplicit-function-declaration]
  832 |   System_Error_Handler(__FILE__, __LINE__, __FUNCTION__);
      |   ^~~~~~~~~~~~~~~~~~~~
      |   Error_Handler
../Core/Src/main.c: At top level:
../Core/Src/main.c:839:6: warning: conflicting types for 'System_Error_Handler'; have 'void(const char *, int,  const char *)'
  839 | void System_Error_Handler(const char* file, int line, const char* function) {
      |      ^~~~~~~~~~~~~~~~~~~~
../Core/Src/main.c:832:3: note: previous implicit declaration of 'System_Error_Handler' with type 'void(const char *, int,  const char *)'
  832 |   System_Error_Handler(__FILE__, __LINE__, __FUNCTION__);
      |   ^~~~~~~~~~~~~~~~~~~~
arm-none-eabi-gcc -o "health_care.elf" @"objects.list"   -mcpu=cortex-m4 -T"D:\Nhung\STM32\health_care\STM32F429ZITX_FLASH.ld" --specs=nosys.specs -Wl,-Map="health_care.map" -Wl,--gc-sections -static --specs=nano.specs -mfpu=fpv4-sp-d16 -mfloat-abi=hard -mthumb -Wl,--start-group -lc -lm -Wl,--end-group
Finished building target: health_care.elf
 
arm-none-eabi-size  health_care.elf 
arm-none-eabi-objdump -h -S health_care.elf  > "health_care.list"
   text	   data	    bss	    dec	    hex	filename
  28888	     96	   2672	  31656	   7ba8	health_care.elf
Finished building: default.size.stdout
 
Finished building: health_care.list
 
17:37:40 **** Incremental Build of configuration Debug for project health_care ****
make -j8 all 
arm-none-eabi-gcc "../Core/Src/main.c" -mcpu=cortex-m4 -std=gnu11 -g3 -DDEBUG -DUSE_HAL_DRIVER -DSTM32F429xx -c -I../Core/Inc -I../Drivers/STM32F4xx_HAL_Driver/Inc -I../Drivers/STM32F4xx_HAL_Driver/Inc/Legacy -I../Drivers/CMSIS/Device/ST/STM32F4xx/Include -I../Drivers/CMSIS/Include -O0 -ffunction-sections -fdata-sections -Wall -fstack-usage -fcyclomatic-complexity -MMD -MP -MF"Core/Src/main.d" -MT"Core/Src/main.o" --specs=nano.specs -mfpu=fpv4-sp-d16 -mfloat-abi=hard -mthumb -o "Core/Src/main.o"
arm-none-eabi-gcc "../Core/Src/rc522.c" -mcpu=cortex-m4 -std=gnu11 -g3 -DDEBUG -DUSE_HAL_DRIVER -DSTM32F429xx -c -I../Core/Inc -I../Drivers/STM32F4xx_HAL_Driver/Inc -I../Drivers/STM32F4xx_HAL_Driver/Inc/Legacy -I../Drivers/CMSIS/Device/ST/STM32F4xx/Include -I../Drivers/CMSIS/Include -O0 -ffunction-sections -fdata-sections -Wall -fstack-usage -fcyclomatic-complexity -MMD -MP -MF"Core/Src/rc522.d" -MT"Core/Src/rc522.o" --specs=nano.specs -mfpu=fpv4-sp-d16 -mfloat-abi=hard -mthumb -o "Core/Src/rc522.o"
../Core/Src/main.c: In function 'System_Test':
../Core/Src/main.c:353:15: warning: unused variable 'weight' [-Wunused-variable]
  353 |         float weight = HX711_ReadWeight();
      |               ^~~~~~
../Core/Src/main.c: In function 'main':
../Core/Src/main.c:415:12: warning: unused variable 'last_test_time' [-Wunused-variable]
  415 |   uint32_t last_test_time = HAL_GetTick();
      |            ^~~~~~~~~~~~~~
../Core/Src/main.c: In function 'Error_Handler':
../Core/Src/main.c:843:3: warning: implicit declaration of function 'System_Error_Handler'; did you mean 'Error_Handler'? [-Wimplicit-function-declaration]
  843 |   System_Error_Handler(__FILE__, __LINE__, __FUNCTION__);
      |   ^~~~~~~~~~~~~~~~~~~~
      |   Error_Handler
../Core/Src/main.c: At top level:
../Core/Src/main.c:850:6: warning: conflicting types for 'System_Error_Handler'; have 'void(const char *, int,  const char *)'
  850 | void System_Error_Handler(const char* file, int line, const char* function) {
      |      ^~~~~~~~~~~~~~~~~~~~
../Core/Src/main.c:843:3: note: previous implicit declaration of 'System_Error_Handler' with type 'void(const char *, int,  const char *)'
  843 |   System_Error_Handler(__FILE__, __LINE__, __FUNCTION__);
      |   ^~~~~~~~~~~~~~~~~~~~
arm-none-eabi-gcc -o "health_care.elf" @"objects.list"   -mcpu=cortex-m4 -T"D:\Nhung\STM32\health_care\STM32F429ZITX_FLASH.ld" --specs=nosys.specs -Wl,-Map="health_care.map" -Wl,--gc-sections -static --specs=nano.specs -mfpu=fpv4-sp-d16 -mfloat-abi=hard -mthumb -Wl,--start-group -lc -lm -Wl,--end-group
Finished building target: health_care.elf
 
arm-none-eabi-size  health_care.elf 
arm-none-eabi-objdump -h -S health_care.elf  > "health_care.list"
   text	   data	    bss	    dec	    hex	filename
  29116	     96	   2672	  31884	   7c8c	health_care.elf
Finished building: default.size.stdout
 
Finished building: health_care.list
 
17:42:28 **** Incremental Build of configuration Debug for project health_care ****
make -j8 all 
arm-none-eabi-gcc "../Core/Src/main.c" -mcpu=cortex-m4 -std=gnu11 -g3 -DDEBUG -DUSE_HAL_DRIVER -DSTM32F429xx -c -I../Core/Inc -I../Drivers/STM32F4xx_HAL_Driver/Inc -I../Drivers/STM32F4xx_HAL_Driver/Inc/Legacy -I../Drivers/CMSIS/Device/ST/STM32F4xx/Include -I../Drivers/CMSIS/Include -O0 -ffunction-sections -fdata-sections -Wall -fstack-usage -fcyclomatic-complexity -MMD -MP -MF"Core/Src/main.d" -MT"Core/Src/main.o" --specs=nano.specs -mfpu=fpv4-sp-d16 -mfloat-abi=hard -mthumb -o "Core/Src/main.o"
../Core/Src/main.c: In function 'System_Test':
../Core/Src/main.c:363:15: warning: unused variable 'weight' [-Wunused-variable]
  363 |         float weight = HX711_ReadWeight();
      |               ^~~~~~
../Core/Src/main.c: In function 'main':
../Core/Src/main.c:425:12: warning: unused variable 'last_test_time' [-Wunused-variable]
  425 |   uint32_t last_test_time = HAL_GetTick();
      |            ^~~~~~~~~~~~~~
../Core/Src/main.c: In function 'Error_Handler':
../Core/Src/main.c:853:3: warning: implicit declaration of function 'System_Error_Handler'; did you mean 'Error_Handler'? [-Wimplicit-function-declaration]
  853 |   System_Error_Handler(__FILE__, __LINE__, __FUNCTION__);
      |   ^~~~~~~~~~~~~~~~~~~~
      |   Error_Handler
../Core/Src/main.c: At top level:
../Core/Src/main.c:860:6: warning: conflicting types for 'System_Error_Handler'; have 'void(const char *, int,  const char *)'
  860 | void System_Error_Handler(const char* file, int line, const char* function) {
      |      ^~~~~~~~~~~~~~~~~~~~
../Core/Src/main.c:853:3: note: previous implicit declaration of 'System_Error_Handler' with type 'void(const char *, int,  const char *)'
  853 |   System_Error_Handler(__FILE__, __LINE__, __FUNCTION__);
      |   ^~~~~~~~~~~~~~~~~~~~
arm-none-eabi-gcc -o "health_care.elf" @"objects.list"   -mcpu=cortex-m4 -T"D:\Nhung\STM32\health_care\STM32F429ZITX_FLASH.ld" --specs=nosys.specs -Wl,-Map="health_care.map" -Wl,--gc-sections -static --specs=nano.specs -mfpu=fpv4-sp-d16 -mfloat-abi=hard -mthumb -Wl,--start-group -lc -lm -Wl,--end-group
Finished building target: health_care.elf
 
arm-none-eabi-size  health_care.elf 
arm-none-eabi-objdump -h -S health_care.elf  > "health_care.list"
   text	   data	    bss	    dec	    hex	filename
  29240	     96	   2672	  32008	   7d08	health_care.elf
Finished building: default.size.stdout
 
Finished building: health_care.list
 
17:49:14 **** Incremental Build of configuration Debug for project health_care ****
make -j8 all 
arm-none-eabi-gcc "../Core/Src/main.c" -mcpu=cortex-m4 -std=gnu11 -g3 -DDEBUG -DUSE_HAL_DRIVER -DSTM32F429xx -c -I../Core/Inc -I../Drivers/STM32F4xx_HAL_Driver/Inc -I../Drivers/STM32F4xx_HAL_Driver/Inc/Legacy -I../Drivers/CMSIS/Device/ST/STM32F4xx/Include -I../Drivers/CMSIS/Include -O0 -ffunction-sections -fdata-sections -Wall -fstack-usage -fcyclomatic-complexity -MMD -MP -MF"Core/Src/main.d" -MT"Core/Src/main.o" --specs=nano.specs -mfpu=fpv4-sp-d16 -mfloat-abi=hard -mthumb -o "Core/Src/main.o"
../Core/Src/main.c: In function 'System_Test':
../Core/Src/main.c:375:15: warning: unused variable 'weight' [-Wunused-variable]
  375 |         float weight = (raw_weight / 10000.0f) - 600.0f;
      |               ^~~~~~
../Core/Src/main.c: In function 'main':
../Core/Src/main.c:437:12: warning: unused variable 'last_test_time' [-Wunused-variable]
  437 |   uint32_t last_test_time = HAL_GetTick();
      |            ^~~~~~~~~~~~~~
../Core/Src/main.c: In function 'Error_Handler':
../Core/Src/main.c:865:3: warning: implicit declaration of function 'System_Error_Handler'; did you mean 'Error_Handler'? [-Wimplicit-function-declaration]
  865 |   System_Error_Handler(__FILE__, __LINE__, __FUNCTION__);
      |   ^~~~~~~~~~~~~~~~~~~~
      |   Error_Handler
../Core/Src/main.c: At top level:
../Core/Src/main.c:872:6: warning: conflicting types for 'System_Error_Handler'; have 'void(const char *, int,  const char *)'
  872 | void System_Error_Handler(const char* file, int line, const char* function) {
      |      ^~~~~~~~~~~~~~~~~~~~
../Core/Src/main.c:865:3: note: previous implicit declaration of 'System_Error_Handler' with type 'void(const char *, int,  const char *)'
  865 |   System_Error_Handler(__FILE__, __LINE__, __FUNCTION__);
      |   ^~~~~~~~~~~~~~~~~~~~
arm-none-eabi-gcc -o "health_care.elf" @"objects.list"   -mcpu=cortex-m4 -T"D:\Nhung\STM32\health_care\STM32F429ZITX_FLASH.ld" --specs=nosys.specs -Wl,-Map="health_care.map" -Wl,--gc-sections -static --specs=nano.specs -mfpu=fpv4-sp-d16 -mfloat-abi=hard -mthumb -Wl,--start-group -lc -lm -Wl,--end-group
Finished building target: health_care.elf
 
arm-none-eabi-size  health_care.elf 
arm-none-eabi-objdump -h -S health_care.elf  > "health_care.list"
   text	   data	    bss	    dec	    hex	filename
  29424	     96	   2672	  32192	   7dc0	health_care.elf
Finished building: default.size.stdout
 
Finished building: health_care.list
 
17:54:42 **** Incremental Build of configuration Debug for project health_care ****
make -j8 all 
arm-none-eabi-gcc "../Core/Src/main.c" -mcpu=cortex-m4 -std=gnu11 -g3 -DDEBUG -DUSE_HAL_DRIVER -DSTM32F429xx -c -I../Core/Inc -I../Drivers/STM32F4xx_HAL_Driver/Inc -I../Drivers/STM32F4xx_HAL_Driver/Inc/Legacy -I../Drivers/CMSIS/Device/ST/STM32F4xx/Include -I../Drivers/CMSIS/Include -O0 -ffunction-sections -fdata-sections -Wall -fstack-usage -fcyclomatic-complexity -MMD -MP -MF"Core/Src/main.d" -MT"Core/Src/main.o" --specs=nano.specs -mfpu=fpv4-sp-d16 -mfloat-abi=hard -mthumb -o "Core/Src/main.o"
../Core/Src/main.c: In function 'System_Test':
../Core/Src/main.c:403:15: warning: unused variable 'weight' [-Wunused-variable]
  403 |         float weight = (raw_weight / 10000.0f) - 600.0f;
      |               ^~~~~~
../Core/Src/main.c: In function 'main':
../Core/Src/main.c:465:12: warning: unused variable 'last_test_time' [-Wunused-variable]
  465 |   uint32_t last_test_time = HAL_GetTick();
      |            ^~~~~~~~~~~~~~
../Core/Src/main.c: In function 'Error_Handler':
../Core/Src/main.c:893:3: warning: implicit declaration of function 'System_Error_Handler'; did you mean 'Error_Handler'? [-Wimplicit-function-declaration]
  893 |   System_Error_Handler(__FILE__, __LINE__, __FUNCTION__);
      |   ^~~~~~~~~~~~~~~~~~~~
      |   Error_Handler
../Core/Src/main.c: At top level:
../Core/Src/main.c:900:6: warning: conflicting types for 'System_Error_Handler'; have 'void(const char *, int,  const char *)'
  900 | void System_Error_Handler(const char* file, int line, const char* function) {
      |      ^~~~~~~~~~~~~~~~~~~~
../Core/Src/main.c:893:3: note: previous implicit declaration of 'System_Error_Handler' with type 'void(const char *, int,  const char *)'
  893 |   System_Error_Handler(__FILE__, __LINE__, __FUNCTION__);
      |   ^~~~~~~~~~~~~~~~~~~~
arm-none-eabi-gcc -o "health_care.elf" @"objects.list"   -mcpu=cortex-m4 -T"D:\Nhung\STM32\health_care\STM32F429ZITX_FLASH.ld" --specs=nosys.specs -Wl,-Map="health_care.map" -Wl,--gc-sections -static --specs=nano.specs -mfpu=fpv4-sp-d16 -mfloat-abi=hard -mthumb -Wl,--start-group -lc -lm -Wl,--end-group
Finished building target: health_care.elf
 
arm-none-eabi-size  health_care.elf 
arm-none-eabi-objdump -h -S health_care.elf  > "health_care.list"
   text	   data	    bss	    dec	    hex	filename
  29956	     96	   2672	  32724	   7fd4	health_care.elf
Finished building: default.size.stdout
 
Finished building: health_care.list
 
17:57:47 **** Incremental Build of configuration Debug for project health_care ****
make -j8 all 
arm-none-eabi-gcc "../Core/Src/main.c" -mcpu=cortex-m4 -std=gnu11 -g3 -DDEBUG -DUSE_HAL_DRIVER -DSTM32F429xx -c -I../Core/Inc -I../Drivers/STM32F4xx_HAL_Driver/Inc -I../Drivers/STM32F4xx_HAL_Driver/Inc/Legacy -I../Drivers/CMSIS/Device/ST/STM32F4xx/Include -I../Drivers/CMSIS/Include -O0 -ffunction-sections -fdata-sections -Wall -fstack-usage -fcyclomatic-complexity -MMD -MP -MF"Core/Src/main.d" -MT"Core/Src/main.o" --specs=nano.specs -mfpu=fpv4-sp-d16 -mfloat-abi=hard -mthumb -o "Core/Src/main.o"
../Core/Src/main.c: In function 'System_Test':
../Core/Src/main.c:444:15: warning: unused variable 'weight' [-Wunused-variable]
  444 |         float weight = (raw_weight / 10000.0f) - 600.0f;
      |               ^~~~~~
../Core/Src/main.c: In function 'main':
../Core/Src/main.c:506:12: warning: unused variable 'last_test_time' [-Wunused-variable]
  506 |   uint32_t last_test_time = HAL_GetTick();
      |            ^~~~~~~~~~~~~~
../Core/Src/main.c: In function 'Error_Handler':
../Core/Src/main.c:934:3: warning: implicit declaration of function 'System_Error_Handler'; did you mean 'Error_Handler'? [-Wimplicit-function-declaration]
  934 |   System_Error_Handler(__FILE__, __LINE__, __FUNCTION__);
      |   ^~~~~~~~~~~~~~~~~~~~
      |   Error_Handler
../Core/Src/main.c: At top level:
../Core/Src/main.c:941:6: warning: conflicting types for 'System_Error_Handler'; have 'void(const char *, int,  const char *)'
  941 | void System_Error_Handler(const char* file, int line, const char* function) {
      |      ^~~~~~~~~~~~~~~~~~~~
../Core/Src/main.c:934:3: note: previous implicit declaration of 'System_Error_Handler' with type 'void(const char *, int,  const char *)'
  934 |   System_Error_Handler(__FILE__, __LINE__, __FUNCTION__);
      |   ^~~~~~~~~~~~~~~~~~~~
arm-none-eabi-gcc -o "health_care.elf" @"objects.list"   -mcpu=cortex-m4 -T"D:\Nhung\STM32\health_care\STM32F429ZITX_FLASH.ld" --specs=nosys.specs -Wl,-Map="health_care.map" -Wl,--gc-sections -static --specs=nano.specs -mfpu=fpv4-sp-d16 -mfloat-abi=hard -mthumb -Wl,--start-group -lc -lm -Wl,--end-group
Finished building target: health_care.elf
 
arm-none-eabi-size  health_care.elf 
arm-none-eabi-objdump -h -S health_care.elf  > "health_care.list"
   text	   data	    bss	    dec	    hex	filename
  30452	     96	   2672	  33220	   81c4	health_care.elf
Finished building: default.size.stdout
 
Finished building: health_care.list
 
18:01:08 **** Incremental Build of configuration Debug for project health_care ****
make -j8 all 
arm-none-eabi-gcc "../Core/Src/main.c" -mcpu=cortex-m4 -std=gnu11 -g3 -DDEBUG -DUSE_HAL_DRIVER -DSTM32F429xx -c -I../Core/Inc -I../Drivers/STM32F4xx_HAL_Driver/Inc -I../Drivers/STM32F4xx_HAL_Driver/Inc/Legacy -I../Drivers/CMSIS/Device/ST/STM32F4xx/Include -I../Drivers/CMSIS/Include -O0 -ffunction-sections -fdata-sections -Wall -fstack-usage -fcyclomatic-complexity -MMD -MP -MF"Core/Src/main.d" -MT"Core/Src/main.o" --specs=nano.specs -mfpu=fpv4-sp-d16 -mfloat-abi=hard -mthumb -o "Core/Src/main.o"
../Core/Src/main.c: In function 'System_Test':
../Core/Src/main.c:465:15: warning: unused variable 'weight' [-Wunused-variable]
  465 |         float weight = (raw_weight / 10000.0f) - 600.0f;
      |               ^~~~~~
../Core/Src/main.c: In function 'main':
../Core/Src/main.c:527:12: warning: unused variable 'last_test_time' [-Wunused-variable]
  527 |   uint32_t last_test_time = HAL_GetTick();
      |            ^~~~~~~~~~~~~~
../Core/Src/main.c: In function 'Error_Handler':
../Core/Src/main.c:955:3: warning: implicit declaration of function 'System_Error_Handler'; did you mean 'Error_Handler'? [-Wimplicit-function-declaration]
  955 |   System_Error_Handler(__FILE__, __LINE__, __FUNCTION__);
      |   ^~~~~~~~~~~~~~~~~~~~
      |   Error_Handler
../Core/Src/main.c: At top level:
../Core/Src/main.c:962:6: warning: conflicting types for 'System_Error_Handler'; have 'void(const char *, int,  const char *)'
  962 | void System_Error_Handler(const char* file, int line, const char* function) {
      |      ^~~~~~~~~~~~~~~~~~~~
../Core/Src/main.c:955:3: note: previous implicit declaration of 'System_Error_Handler' with type 'void(const char *, int,  const char *)'
  955 |   System_Error_Handler(__FILE__, __LINE__, __FUNCTION__);
      |   ^~~~~~~~~~~~~~~~~~~~
arm-none-eabi-gcc -o "health_care.elf" @"objects.list"   -mcpu=cortex-m4 -T"D:\Nhung\STM32\health_care\STM32F429ZITX_FLASH.ld" --specs=nosys.specs -Wl,-Map="health_care.map" -Wl,--gc-sections -static --specs=nano.specs -mfpu=fpv4-sp-d16 -mfloat-abi=hard -mthumb -Wl,--start-group -lc -lm -Wl,--end-group
Finished building target: health_care.elf
 
arm-none-eabi-size  health_care.elf 
arm-none-eabi-objdump -h -S health_care.elf  > "health_care.list"
   text	   data	    bss	    dec	    hex	filename
  30796	     96	   2672	  33564	   831c	health_care.elf
Finished building: default.size.stdout
 
Finished building: health_care.list
 
18:06:10 **** Incremental Build of configuration Debug for project health_care ****
make -j8 all 
arm-none-eabi-gcc "../Core/Src/main.c" -mcpu=cortex-m4 -std=gnu11 -g3 -DDEBUG -DUSE_HAL_DRIVER -DSTM32F429xx -c -I../Core/Inc -I../Drivers/STM32F4xx_HAL_Driver/Inc -I../Drivers/STM32F4xx_HAL_Driver/Inc/Legacy -I../Drivers/CMSIS/Device/ST/STM32F4xx/Include -I../Drivers/CMSIS/Include -O0 -ffunction-sections -fdata-sections -Wall -fstack-usage -fcyclomatic-complexity -MMD -MP -MF"Core/Src/main.d" -MT"Core/Src/main.o" --specs=nano.specs -mfpu=fpv4-sp-d16 -mfloat-abi=hard -mthumb -o "Core/Src/main.o"
../Core/Src/main.c: In function 'System_Test':
../Core/Src/main.c:512:15: warning: unused variable 'weight' [-Wunused-variable]
  512 |         float weight = (raw_weight / 10000.0f) - 600.0f;
      |               ^~~~~~
../Core/Src/main.c: In function 'main':
../Core/Src/main.c:574:12: warning: unused variable 'last_test_time' [-Wunused-variable]
  574 |   uint32_t last_test_time = HAL_GetTick();
      |            ^~~~~~~~~~~~~~
../Core/Src/main.c: In function 'Error_Handler':
../Core/Src/main.c:1002:3: warning: implicit declaration of function 'System_Error_Handler'; did you mean 'Error_Handler'? [-Wimplicit-function-declaration]
 1002 |   System_Error_Handler(__FILE__, __LINE__, __FUNCTION__);
      |   ^~~~~~~~~~~~~~~~~~~~
      |   Error_Handler
../Core/Src/main.c: At top level:
../Core/Src/main.c:1009:6: warning: conflicting types for 'System_Error_Handler'; have 'void(const char *, int,  const char *)'
 1009 | void System_Error_Handler(const char* file, int line, const char* function) {
      |      ^~~~~~~~~~~~~~~~~~~~
../Core/Src/main.c:1002:3: note: previous implicit declaration of 'System_Error_Handler' with type 'void(const char *, int,  const char *)'
 1002 |   System_Error_Handler(__FILE__, __LINE__, __FUNCTION__);
      |   ^~~~~~~~~~~~~~~~~~~~
arm-none-eabi-gcc -o "health_care.elf" @"objects.list"   -mcpu=cortex-m4 -T"D:\Nhung\STM32\health_care\STM32F429ZITX_FLASH.ld" --specs=nosys.specs -Wl,-Map="health_care.map" -Wl,--gc-sections -static --specs=nano.specs -mfpu=fpv4-sp-d16 -mfloat-abi=hard -mthumb -Wl,--start-group -lc -lm -Wl,--end-group
Finished building target: health_care.elf
 
arm-none-eabi-size  health_care.elf 
arm-none-eabi-objdump -h -S health_care.elf  > "health_care.list"
   text	   data	    bss	    dec	    hex	filename
  31432	     96	   2672	  34200	   8598	health_care.elf
Finished building: default.size.stdout
 
Finished building: health_care.list
 
18:11:37 **** Incremental Build of configuration Debug for project health_care ****
make -j8 all 
arm-none-eabi-gcc "../Core/Src/main.c" -mcpu=cortex-m4 -std=gnu11 -g3 -DDEBUG -DUSE_HAL_DRIVER -DSTM32F429xx -c -I../Core/Inc -I../Drivers/STM32F4xx_HAL_Driver/Inc -I../Drivers/STM32F4xx_HAL_Driver/Inc/Legacy -I../Drivers/CMSIS/Device/ST/STM32F4xx/Include -I../Drivers/CMSIS/Include -O0 -ffunction-sections -fdata-sections -Wall -fstack-usage -fcyclomatic-complexity -MMD -MP -MF"Core/Src/main.d" -MT"Core/Src/main.o" --specs=nano.specs -mfpu=fpv4-sp-d16 -mfloat-abi=hard -mthumb -o "Core/Src/main.o"
../Core/Src/main.c: In function 'System_Test':
../Core/Src/main.c:513:15: warning: unused variable 'weight' [-Wunused-variable]
  513 |         float weight = (raw_weight / 10000.0f) - 600.0f;
      |               ^~~~~~
../Core/Src/main.c: In function 'main':
../Core/Src/main.c:575:12: warning: unused variable 'last_test_time' [-Wunused-variable]
  575 |   uint32_t last_test_time = HAL_GetTick();
      |            ^~~~~~~~~~~~~~
../Core/Src/main.c: In function 'Error_Handler':
../Core/Src/main.c:1003:3: warning: implicit declaration of function 'System_Error_Handler'; did you mean 'Error_Handler'? [-Wimplicit-function-declaration]
 1003 |   System_Error_Handler(__FILE__, __LINE__, __FUNCTION__);
      |   ^~~~~~~~~~~~~~~~~~~~
      |   Error_Handler
../Core/Src/main.c: At top level:
../Core/Src/main.c:1010:6: warning: conflicting types for 'System_Error_Handler'; have 'void(const char *, int,  const char *)'
 1010 | void System_Error_Handler(const char* file, int line, const char* function) {
      |      ^~~~~~~~~~~~~~~~~~~~
../Core/Src/main.c:1003:3: note: previous implicit declaration of 'System_Error_Handler' with type 'void(const char *, int,  const char *)'
 1003 |   System_Error_Handler(__FILE__, __LINE__, __FUNCTION__);
      |   ^~~~~~~~~~~~~~~~~~~~
arm-none-eabi-gcc -o "health_care.elf" @"objects.list"   -mcpu=cortex-m4 -T"D:\Nhung\STM32\health_care\STM32F429ZITX_FLASH.ld" --specs=nosys.specs -Wl,-Map="health_care.map" -Wl,--gc-sections -static --specs=nano.specs -mfpu=fpv4-sp-d16 -mfloat-abi=hard -mthumb -Wl,--start-group -lc -lm -Wl,--end-group
Finished building target: health_care.elf
 
arm-none-eabi-size  health_care.elf 
arm-none-eabi-objdump -h -S health_care.elf  > "health_care.list"
   text	   data	    bss	    dec	    hex	filename
  31320	     96	   2672	  34088	   8528	health_care.elf
Finished building: default.size.stdout
 
Finished building: health_care.list
 
18:17:30 **** Incremental Build of configuration Debug for project health_care ****
make -j8 all 
arm-none-eabi-gcc "../Core/Src/main.c" -mcpu=cortex-m4 -std=gnu11 -g3 -DDEBUG -DUSE_HAL_DRIVER -DSTM32F429xx -c -I../Core/Inc -I../Drivers/STM32F4xx_HAL_Driver/Inc -I../Drivers/STM32F4xx_HAL_Driver/Inc/Legacy -I../Drivers/CMSIS/Device/ST/STM32F4xx/Include -I../Drivers/CMSIS/Include -O0 -ffunction-sections -fdata-sections -Wall -fstack-usage -fcyclomatic-complexity -MMD -MP -MF"Core/Src/main.d" -MT"Core/Src/main.o" --specs=nano.specs -mfpu=fpv4-sp-d16 -mfloat-abi=hard -mthumb -o "Core/Src/main.o"
../Core/Src/main.c: In function 'System_Test':
../Core/Src/main.c:570:15: warning: unused variable 'weight' [-Wunused-variable]
  570 |         float weight = (raw_weight / 10000.0f) - 600.0f;
      |               ^~~~~~
../Core/Src/main.c: In function 'main':
../Core/Src/main.c:632:12: warning: unused variable 'last_test_time' [-Wunused-variable]
  632 |   uint32_t last_test_time = HAL_GetTick();
      |            ^~~~~~~~~~~~~~
../Core/Src/main.c: In function 'Error_Handler':
../Core/Src/main.c:1060:3: warning: implicit declaration of function 'System_Error_Handler'; did you mean 'Error_Handler'? [-Wimplicit-function-declaration]
 1060 |   System_Error_Handler(__FILE__, __LINE__, __FUNCTION__);
      |   ^~~~~~~~~~~~~~~~~~~~
      |   Error_Handler
../Core/Src/main.c: At top level:
../Core/Src/main.c:1067:6: warning: conflicting types for 'System_Error_Handler'; have 'void(const char *, int,  const char *)'
 1067 | void System_Error_Handler(const char* file, int line, const char* function) {
      |      ^~~~~~~~~~~~~~~~~~~~
../Core/Src/main.c:1060:3: note: previous implicit declaration of 'System_Error_Handler' with type 'void(const char *, int,  const char *)'
 1060 |   System_Error_Handler(__FILE__, __LINE__, __FUNCTION__);
      |   ^~~~~~~~~~~~~~~~~~~~
arm-none-eabi-gcc -o "health_care.elf" @"objects.list"   -mcpu=cortex-m4 -T"D:\Nhung\STM32\health_care\STM32F429ZITX_FLASH.ld" --specs=nosys.specs -Wl,-Map="health_care.map" -Wl,--gc-sections -static --specs=nano.specs -mfpu=fpv4-sp-d16 -mfloat-abi=hard -mthumb -Wl,--start-group -lc -lm -Wl,--end-group
Finished building target: health_care.elf
 
arm-none-eabi-size  health_care.elf 
arm-none-eabi-objdump -h -S health_care.elf  > "health_care.list"
   text	   data	    bss	    dec	    hex	filename
  32060	     96	   2672	  34828	   880c	health_care.elf
Finished building: default.size.stdout
 
Finished building: health_care.list
 
18:24:03 **** Incremental Build of configuration Debug for project health_care ****
make -j8 all 
arm-none-eabi-gcc "../Core/Src/esp32_comm.c" -mcpu=cortex-m4 -std=gnu11 -g3 -DDEBUG -DUSE_HAL_DRIVER -DSTM32F429xx -c -I../Core/Inc -I../Drivers/STM32F4xx_HAL_Driver/Inc -I../Drivers/STM32F4xx_HAL_Driver/Inc/Legacy -I../Drivers/CMSIS/Device/ST/STM32F4xx/Include -I../Drivers/CMSIS/Include -O0 -ffunction-sections -fdata-sections -Wall -fstack-usage -fcyclomatic-complexity -MMD -MP -MF"Core/Src/esp32_comm.d" -MT"Core/Src/esp32_comm.o" --specs=nano.specs -mfpu=fpv4-sp-d16 -mfloat-abi=hard -mthumb -o "Core/Src/esp32_comm.o"
arm-none-eabi-gcc "../Core/Src/hx711.c" -mcpu=cortex-m4 -std=gnu11 -g3 -DDEBUG -DUSE_HAL_DRIVER -DSTM32F429xx -c -I../Core/Inc -I../Drivers/STM32F4xx_HAL_Driver/Inc -I../Drivers/STM32F4xx_HAL_Driver/Inc/Legacy -I../Drivers/CMSIS/Device/ST/STM32F4xx/Include -I../Drivers/CMSIS/Include -O0 -ffunction-sections -fdata-sections -Wall -fstack-usage -fcyclomatic-complexity -MMD -MP -MF"Core/Src/hx711.d" -MT"Core/Src/hx711.o" --specs=nano.specs -mfpu=fpv4-sp-d16 -mfloat-abi=hard -mthumb -o "Core/Src/hx711.o"
arm-none-eabi-gcc "../Core/Src/main.c" -mcpu=cortex-m4 -std=gnu11 -g3 -DDEBUG -DUSE_HAL_DRIVER -DSTM32F429xx -c -I../Core/Inc -I../Drivers/STM32F4xx_HAL_Driver/Inc -I../Drivers/STM32F4xx_HAL_Driver/Inc/Legacy -I../Drivers/CMSIS/Device/ST/STM32F4xx/Include -I../Drivers/CMSIS/Include -O0 -ffunction-sections -fdata-sections -Wall -fstack-usage -fcyclomatic-complexity -MMD -MP -MF"Core/Src/main.d" -MT"Core/Src/main.o" --specs=nano.specs -mfpu=fpv4-sp-d16 -mfloat-abi=hard -mthumb -o "Core/Src/main.o"
arm-none-eabi-gcc "../Core/Src/rc522.c" -mcpu=cortex-m4 -std=gnu11 -g3 -DDEBUG -DUSE_HAL_DRIVER -DSTM32F429xx -c -I../Core/Inc -I../Drivers/STM32F4xx_HAL_Driver/Inc -I../Drivers/STM32F4xx_HAL_Driver/Inc/Legacy -I../Drivers/CMSIS/Device/ST/STM32F4xx/Include -I../Drivers/CMSIS/Include -O0 -ffunction-sections -fdata-sections -Wall -fstack-usage -fcyclomatic-complexity -MMD -MP -MF"Core/Src/rc522.d" -MT"Core/Src/rc522.o" --specs=nano.specs -mfpu=fpv4-sp-d16 -mfloat-abi=hard -mthumb -o "Core/Src/rc522.o"
arm-none-eabi-gcc "../Core/Src/stm32f4xx_hal_msp.c" -mcpu=cortex-m4 -std=gnu11 -g3 -DDEBUG -DUSE_HAL_DRIVER -DSTM32F429xx -c -I../Core/Inc -I../Drivers/STM32F4xx_HAL_Driver/Inc -I../Drivers/STM32F4xx_HAL_Driver/Inc/Legacy -I../Drivers/CMSIS/Device/ST/STM32F4xx/Include -I../Drivers/CMSIS/Include -O0 -ffunction-sections -fdata-sections -Wall -fstack-usage -fcyclomatic-complexity -MMD -MP -MF"Core/Src/stm32f4xx_hal_msp.d" -MT"Core/Src/stm32f4xx_hal_msp.o" --specs=nano.specs -mfpu=fpv4-sp-d16 -mfloat-abi=hard -mthumb -o "Core/Src/stm32f4xx_hal_msp.o"
arm-none-eabi-gcc "../Core/Src/stm32f4xx_it.c" -mcpu=cortex-m4 -std=gnu11 -g3 -DDEBUG -DUSE_HAL_DRIVER -DSTM32F429xx -c -I../Core/Inc -I../Drivers/STM32F4xx_HAL_Driver/Inc -I../Drivers/STM32F4xx_HAL_Driver/Inc/Legacy -I../Drivers/CMSIS/Device/ST/STM32F4xx/Include -I../Drivers/CMSIS/Include -O0 -ffunction-sections -fdata-sections -Wall -fstack-usage -fcyclomatic-complexity -MMD -MP -MF"Core/Src/stm32f4xx_it.d" -MT"Core/Src/stm32f4xx_it.o" --specs=nano.specs -mfpu=fpv4-sp-d16 -mfloat-abi=hard -mthumb -o "Core/Src/stm32f4xx_it.o"
In file included from ../Core/Inc/main.h:37,
                 from ../Core/Inc/hx711.h:18,
                 from ../Core/Src/hx711.c:10:
../Core/Inc/esp32_comm.h:90:6: error: conflicting types for 'ESP32_ProcessReceivedData'; have 'void(uint8_t *, uint16_t)' {aka 'void(unsigned char *, short unsigned int)'}
   90 | void ESP32_ProcessReceivedData(uint8_t *data, uint16_t length);
      |      ^~~~~~~~~~~~~~~~~~~~~~~~~
../Core/Inc/esp32_comm.h:58:6: note: previous declaration of 'ESP32_ProcessReceivedData' with type 'void(void)'
   58 | void ESP32_ProcessReceivedData(void);
      |      ^~~~~~~~~~~~~~~~~~~~~~~~~
../Core/Inc/esp32_comm.h:92:6: error: conflicting types for 'ESP32_UpdateValidCards'; have 'void(uint8_t *, uint16_t)' {aka 'void(unsigned char *, short unsigned int)'}
   92 | void ESP32_UpdateValidCards(uint8_t *data, uint16_t length);
      |      ^~~~~~~~~~~~~~~~~~~~~~
../Core/Inc/esp32_comm.h:64:6: note: previous declaration of 'ESP32_UpdateValidCards' with type 'void(uint8_t *, uint8_t)' {aka 'void(unsigned char *, unsigned char)'}
   64 | void ESP32_UpdateValidCards(uint8_t* cards_data, uint8_t count);
      |      ^~~~~~~~~~~~~~~~~~~~~~
In file included from ../Core/Src/esp32_comm.c:10:
../Core/Inc/esp32_comm.h:90:6: error: conflicting types for 'ESP32_ProcessReceivedData'; have 'void(uint8_t *, uint16_t)' {aka 'void(unsigned char *, short unsigned int)'}
   90 | void ESP32_ProcessReceivedData(uint8_t *data, uint16_t length);
      |      ^~~~~~~~~~~~~~~~~~~~~~~~~
../Core/Inc/esp32_comm.h:58:6: note: previous declaration of 'ESP32_ProcessReceivedData' with type 'void(void)'
   58 | void ESP32_ProcessReceivedData(void);
      |      ^~~~~~~~~~~~~~~~~~~~~~~~~
../Core/Inc/esp32_comm.h:92:6: error: conflicting types for 'ESP32_UpdateValidCards'; have 'void(uint8_t *, uint16_t)' {aka 'void(unsigned char *, short unsigned int)'}
   92 | void ESP32_UpdateValidCards(uint8_t *data, uint16_t length);
      |      ^~~~~~~~~~~~~~~~~~~~~~
../Core/Inc/esp32_comm.h:64:6: note: previous declaration of 'ESP32_UpdateValidCards' with type 'void(uint8_t *, uint8_t)' {aka 'void(unsigned char *, unsigned char)'}
   64 | void ESP32_UpdateValidCards(uint8_t* cards_data, uint8_t count);
      |      ^~~~~~~~~~~~~~~~~~~~~~
../Core/Src/esp32_comm.c:94:6: error: conflicting types for 'ESP32_UpdateValidCards'; have 'void(uint8_t *, uint16_t)' {aka 'void(unsigned char *, short unsigned int)'}
   94 | void ESP32_UpdateValidCards(uint8_t *data, uint16_t length) {
      |      ^~~~~~~~~~~~~~~~~~~~~~
../Core/Inc/esp32_comm.h:64:6: note: previous declaration of 'ESP32_UpdateValidCards' with type 'void(uint8_t *, uint8_t)' {aka 'void(unsigned char *, unsigned char)'}
   64 | void ESP32_UpdateValidCards(uint8_t* cards_data, uint8_t count);
      |      ^~~~~~~~~~~~~~~~~~~~~~
../Core/Src/esp32_comm.c:120:6: error: conflicting types for 'ESP32_ProcessReceivedData'; have 'void(uint8_t *, uint16_t)' {aka 'void(unsigned char *, short unsigned int)'}
  120 | void ESP32_ProcessReceivedData(uint8_t *data, uint16_t length) {
      |      ^~~~~~~~~~~~~~~~~~~~~~~~~
../Core/Inc/esp32_comm.h:58:6: note: previous declaration of 'ESP32_ProcessReceivedData' with type 'void(void)'
   58 | void ESP32_ProcessReceivedData(void);
      |      ^~~~~~~~~~~~~~~~~~~~~~~~~
make: *** [Core/Src/subdir.mk:43: Core/Src/hx711.o] Error 1
make: *** Waiting for unfinished jobs....
In file included from ../Core/Inc/main.h:37,
                 from ../Core/Src/main.c:20:
../Core/Inc/esp32_comm.h:90:6: error: conflicting types for 'ESP32_ProcessReceivedData'; have 'void(uint8_t *, uint16_t)' {aka 'void(unsigned char *, short unsigned int)'}
   90 | void ESP32_ProcessReceivedData(uint8_t *data, uint16_t length);
      |      ^~~~~~~~~~~~~~~~~~~~~~~~~
../Core/Inc/esp32_comm.h:58:6: note: previous declaration of 'ESP32_ProcessReceivedData' with type 'void(void)'
   58 | void ESP32_ProcessReceivedData(void);
      |      ^~~~~~~~~~~~~~~~~~~~~~~~~
../Core/Inc/esp32_comm.h:92:6: error: conflicting types for 'ESP32_UpdateValidCards'; have 'void(uint8_t *, uint16_t)' {aka 'void(unsigned char *, short unsigned int)'}
   92 | void ESP32_UpdateValidCards(uint8_t *data, uint16_t length);
      |      ^~~~~~~~~~~~~~~~~~~~~~
../Core/Inc/esp32_comm.h:64:6: note: previous declaration of 'ESP32_UpdateValidCards' with type 'void(uint8_t *, uint8_t)' {aka 'void(unsigned char *, unsigned char)'}
   64 | void ESP32_UpdateValidCards(uint8_t* cards_data, uint8_t count);
      |      ^~~~~~~~~~~~~~~~~~~~~~
../Core/Src/main.c: In function 'System_Test':
../Core/Src/main.c:589:15: warning: unused variable 'weight' [-Wunused-variable]
  589 |         float weight = (raw_weight / 10000.0f) - 600.0f;
      |               ^~~~~~
../Core/Src/main.c: In function 'main':
../Core/Src/main.c:651:12: warning: unused variable 'last_test_time' [-Wunused-variable]
  651 |   uint32_t last_test_time = HAL_GetTick();
      |            ^~~~~~~~~~~~~~
In file included from ../Core/Inc/main.h:37,
                 from ../Core/Inc/rc522.h:18,
                 from ../Core/Src/rc522.c:10:
../Core/Inc/esp32_comm.h:90:6: error: conflicting types for 'ESP32_ProcessReceivedData'; have 'void(uint8_t *, uint16_t)' {aka 'void(unsigned char *, short unsigned int)'}
   90 | void ESP32_ProcessReceivedData(uint8_t *data, uint16_t length);
      |      ^~~~~~~~~~~~~~~~~~~~~~~~~
../Core/Inc/esp32_comm.h:58:6: note: previous declaration of 'ESP32_ProcessReceivedData' with type 'void(void)'
   58 | void ESP32_ProcessReceivedData(void);
      |      ^~~~~~~~~~~~~~~~~~~~~~~~~
../Core/Inc/esp32_comm.h:92:6: error: conflicting types for 'ESP32_UpdateValidCards'; have 'void(uint8_t *, uint16_t)' {aka 'void(unsigned char *, short unsigned int)'}
   92 | void ESP32_UpdateValidCards(uint8_t *data, uint16_t length);
      |      ^~~~~~~~~~~~~~~~~~~~~~
../Core/Inc/esp32_comm.h:64:6: note: previous declaration of 'ESP32_UpdateValidCards' with type 'void(uint8_t *, uint8_t)' {aka 'void(unsigned char *, unsigned char)'}
   64 | void ESP32_UpdateValidCards(uint8_t* cards_data, uint8_t count);
      |      ^~~~~~~~~~~~~~~~~~~~~~
make: *** [Core/Src/subdir.mk:43: Core/Src/esp32_comm.o] Error 1
In file included from ../Core/Inc/main.h:37,
                 from ../Core/Src/stm32f4xx_it.c:21:
../Core/Inc/esp32_comm.h:90:6: error: conflicting types for 'ESP32_ProcessReceivedData'; have 'void(uint8_t *, uint16_t)' {aka 'void(unsigned char *, short unsigned int)'}
   90 | void ESP32_ProcessReceivedData(uint8_t *data, uint16_t length);
      |      ^~~~~~~~~~~~~~~~~~~~~~~~~
../Core/Inc/esp32_comm.h:58:6: note: previous declaration of 'ESP32_ProcessReceivedData' with type 'void(void)'
   58 | void ESP32_ProcessReceivedData(void);
      |      ^~~~~~~~~~~~~~~~~~~~~~~~~
../Core/Inc/esp32_comm.h:92:6: error: conflicting types for 'ESP32_UpdateValidCards'; have 'void(uint8_t *, uint16_t)' {aka 'void(unsigned char *, short unsigned int)'}
   92 | void ESP32_UpdateValidCards(uint8_t *data, uint16_t length);
      |      ^~~~~~~~~~~~~~~~~~~~~~
../Core/Inc/esp32_comm.h:64:6: note: previous declaration of 'ESP32_UpdateValidCards' with type 'void(uint8_t *, uint8_t)' {aka 'void(unsigned char *, unsigned char)'}
   64 | void ESP32_UpdateValidCards(uint8_t* cards_data, uint8_t count);
      |      ^~~~~~~~~~~~~~~~~~~~~~
make: *** [Core/Src/subdir.mk:43: Core/Src/rc522.o] Error 1
In file included from ../Core/Inc/main.h:37,
                 from ../Core/Src/stm32f4xx_hal_msp.c:22:
../Core/Inc/esp32_comm.h:90:6: error: conflicting types for 'ESP32_ProcessReceivedData'; have 'void(uint8_t *, uint16_t)' {aka 'void(unsigned char *, short unsigned int)'}
   90 | void ESP32_ProcessReceivedData(uint8_t *data, uint16_t length);
      |      ^~~~~~~~~~~~~~~~~~~~~~~~~
../Core/Inc/esp32_comm.h:58:6: note: previous declaration of 'ESP32_ProcessReceivedData' with type 'void(void)'
[...]
arm-none-eabi-gcc "../Core/Src/simple_protocol.c" -mcpu=cortex-m4 -std=gnu11 -g3 -DDEBUG -DUSE_HAL_DRIVER -DSTM32F429xx -c -I../Core/Inc -I../Drivers/STM32F4xx_HAL_Driver/Inc -I../Drivers/STM32F4xx_HAL_Driver/Inc/Legacy -I../Drivers/CMSIS/Device/ST/STM32F4xx/Include -I../Drivers/CMSIS/Include -O0 -ffunction-sections -fdata-sections -Wall -fstack-usage -fcyclomatic-complexity -MMD -MP -MF"Core/Src/simple_protocol.d" -MT"Core/Src/simple_protocol.o" --specs=nano.specs -mfpu=fpv4-sp-d16 -mfloat-abi=hard -mthumb -o "Core/Src/simple_protocol.o"
arm-none-eabi-gcc -o "health_care.elf" @"objects.list"   -mcpu=cortex-m4 -T"D:\Nhung\STM32\health_care\STM32F429ZITX_FLASH.ld" --specs=nosys.specs -Wl,-Map="health_care.map" -Wl,--gc-sections -static --specs=nano.specs -mfpu=fpv4-sp-d16 -mfloat-abi=hard -mthumb -Wl,--start-group -lc -lm -Wl,--end-group
C:/ST/STM32CubeIDE_1.17.0/STM32CubeIDE/plugins/com.st.stm32cube.ide.mcu.externaltools.gnu-tools-for-stm32.13.3.rel1.win32_1.0.0.202411081344/tools/bin/../lib/gcc/arm-none-eabi/13.3.1/../../../../arm-none-eabi/bin/ld.exe: ./Core/Src/main.o: in function `System_Init':
D:/Nhung/STM32/health_care/Debug/../Core/Src/main.c:111:(.text.System_Init+0x8): undefined reference to `Debug_Printf'
C:/ST/STM32CubeIDE_1.17.0/STM32CubeIDE/plugins/com.st.stm32cube.ide.mcu.externaltools.gnu-tools-for-stm32.13.3.rel1.win32_1.0.0.202411081344/tools/bin/../lib/gcc/arm-none-eabi/13.3.1/../../../../arm-none-eabi/bin/ld.exe: D:/Nhung/STM32/health_care/Debug/../Core/Src/main.c:115:(.text.System_Init+0x12): undefined reference to `Debug_Printf'
C:/ST/STM32CubeIDE_1.17.0/STM32CubeIDE/plugins/com.st.stm32cube.ide.mcu.externaltools.gnu-tools-for-stm32.13.3.rel1.win32_1.0.0.202411081344/tools/bin/../lib/gcc/arm-none-eabi/13.3.1/../../../../arm-none-eabi/bin/ld.exe: D:/Nhung/STM32/health_care/Debug/../Core/Src/main.c:119:(.text.System_Init+0x1c): undefined reference to `Debug_Printf'
C:/ST/STM32CubeIDE_1.17.0/STM32CubeIDE/plugins/com.st.stm32cube.ide.mcu.externaltools.gnu-tools-for-stm32.13.3.rel1.win32_1.0.0.202411081344/tools/bin/../lib/gcc/arm-none-eabi/13.3.1/../../../../arm-none-eabi/bin/ld.exe: D:/Nhung/STM32/health_care/Debug/../Core/Src/main.c:123:(.text.System_Init+0x26): undefined reference to `Debug_Printf'
C:/ST/STM32CubeIDE_1.17.0/STM32CubeIDE/plugins/com.st.stm32cube.ide.mcu.externaltools.gnu-tools-for-stm32.13.3.rel1.win32_1.0.0.202411081344/tools/bin/../lib/gcc/arm-none-eabi/13.3.1/../../../../arm-none-eabi/bin/ld.exe: D:/Nhung/STM32/health_care/Debug/../Core/Src/main.c:130:(.text.System_Init+0x44): undefined reference to `Debug_Printf'
C:/ST/STM32CubeIDE_1.17.0/STM32CubeIDE/plugins/com.st.stm32cube.ide.mcu.externaltools.gnu-tools-for-stm32.13.3.rel1.win32_1.0.0.202411081344/tools/bin/../lib/gcc/arm-none-eabi/13.3.1/../../../../arm-none-eabi/bin/ld.exe: ./Core/Src/main.o:D:/Nhung/STM32/health_care/Debug/../Core/Src/main.c:134: more undefined references to `Debug_Printf' follow
collect2.exe: error: ld returned 1 exit status
make: *** [makefile:64: health_care.elf] Error 1
"make -j8 all" terminated with exit code 2. Build might be incomplete.
00:15:19 **** Incremental Build of configuration Debug for project health_care ****
make -j8 all 
arm-none-eabi-gcc "../Core/Src/hx711.c" -mcpu=cortex-m4 -std=gnu11 -g3 -DDEBUG -DUSE_HAL_DRIVER -DSTM32F429xx -c -I../Core/Inc -I../Drivers/STM32F4xx_HAL_Driver/Inc -I../Drivers/STM32F4xx_HAL_Driver/Inc/Legacy -I../Drivers/CMSIS/Device/ST/STM32F4xx/Include -I../Drivers/CMSIS/Include -O0 -ffunction-sections -fdata-sections -Wall -fstack-usage -fcyclomatic-complexity -MMD -MP -MF"Core/Src/hx711.d" -MT"Core/Src/hx711.o" --specs=nano.specs -mfpu=fpv4-sp-d16 -mfloat-abi=hard -mthumb -o "Core/Src/hx711.o"
arm-none-eabi-gcc "../Core/Src/main.c" -mcpu=cortex-m4 -std=gnu11 -g3 -DDEBUG -DUSE_HAL_DRIVER -DSTM32F429xx -c -I../Core/Inc -I../Drivers/STM32F4xx_HAL_Driver/Inc -I../Drivers/STM32F4xx_HAL_Driver/Inc/Legacy -I../Drivers/CMSIS/Device/ST/STM32F4xx/Include -I../Drivers/CMSIS/Include -O0 -ffunction-sections -fdata-sections -Wall -fstack-usage -fcyclomatic-complexity -MMD -MP -MF"Core/Src/main.d" -MT"Core/Src/main.o" --specs=nano.specs -mfpu=fpv4-sp-d16 -mfloat-abi=hard -mthumb -o "Core/Src/main.o"
arm-none-eabi-gcc "../Core/Src/rc522.c" -mcpu=cortex-m4 -std=gnu11 -g3 -DDEBUG -DUSE_HAL_DRIVER -DSTM32F429xx -c -I../Core/Inc -I../Drivers/STM32F4xx_HAL_Driver/Inc -I../Drivers/STM32F4xx_HAL_Driver/Inc/Legacy -I../Drivers/CMSIS/Device/ST/STM32F4xx/Include -I../Drivers/CMSIS/Include -O0 -ffunction-sections -fdata-sections -Wall -fstack-usage -fcyclomatic-complexity -MMD -MP -MF"Core/Src/rc522.d" -MT"Core/Src/rc522.o" --specs=nano.specs -mfpu=fpv4-sp-d16 -mfloat-abi=hard -mthumb -o "Core/Src/rc522.o"
arm-none-eabi-gcc "../Core/Src/simple_protocol.c" -mcpu=cortex-m4 -std=gnu11 -g3 -DDEBUG -DUSE_HAL_DRIVER -DSTM32F429xx -c -I../Core/Inc -I../Drivers/STM32F4xx_HAL_Driver/Inc -I../Drivers/STM32F4xx_HAL_Driver/Inc/Legacy -I../Drivers/CMSIS/Device/ST/STM32F4xx/Include -I../Drivers/CMSIS/Include -O0 -ffunction-sections -fdata-sections -Wall -fstack-usage -fcyclomatic-complexity -MMD -MP -MF"Core/Src/simple_protocol.d" -MT"Core/Src/simple_protocol.o" --specs=nano.specs -mfpu=fpv4-sp-d16 -mfloat-abi=hard -mthumb -o "Core/Src/simple_protocol.o"
arm-none-eabi-gcc "../Core/Src/stm32f4xx_hal_msp.c" -mcpu=cortex-m4 -std=gnu11 -g3 -DDEBUG -DUSE_HAL_DRIVER -DSTM32F429xx -c -I../Core/Inc -I../Drivers/STM32F4xx_HAL_Driver/Inc -I../Drivers/STM32F4xx_HAL_Driver/Inc/Legacy -I../Drivers/CMSIS/Device/ST/STM32F4xx/Include -I../Drivers/CMSIS/Include -O0 -ffunction-sections -fdata-sections -Wall -fstack-usage -fcyclomatic-complexity -MMD -MP -MF"Core/Src/stm32f4xx_hal_msp.d" -MT"Core/Src/stm32f4xx_hal_msp.o" --specs=nano.specs -mfpu=fpv4-sp-d16 -mfloat-abi=hard -mthumb -o "Core/Src/stm32f4xx_hal_msp.o"
arm-none-eabi-gcc "../Core/Src/stm32f4xx_it.c" -mcpu=cortex-m4 -std=gnu11 -g3 -DDEBUG -DUSE_HAL_DRIVER -DSTM32F429xx -c -I../Core/Inc -I../Drivers/STM32F4xx_HAL_Driver/Inc -I../Drivers/STM32F4xx_HAL_Driver/Inc/Legacy -I../Drivers/CMSIS/Device/ST/STM32F4xx/Include -I../Drivers/CMSIS/Include -O0 -ffunction-sections -fdata-sections -Wall -fstack-usage -fcyclomatic-complexity -MMD -MP -MF"Core/Src/stm32f4xx_it.d" -MT"Core/Src/stm32f4xx_it.o" --specs=nano.specs -mfpu=fpv4-sp-d16 -mfloat-abi=hard -mthumb -o "Core/Src/stm32f4xx_it.o"
arm-none-eabi-gcc -o "health_care.elf" @"objects.list"   -mcpu=cortex-m4 -T"D:\Nhung\STM32\health_care\STM32F429ZITX_FLASH.ld" --specs=nosys.specs -Wl,-Map="health_care.map" -Wl,--gc-sections -static --specs=nano.specs -mfpu=fpv4-sp-d16 -mfloat-abi=hard -mthumb -Wl,--start-group -lc -lm -Wl,--end-group
Finished building target: health_care.elf
 
arm-none-eabi-size  health_care.elf 
arm-none-eabi-objdump -h -S health_care.elf  > "health_care.list"
   text	   data	    bss	    dec	    hex	filename
  29080	     96	   2328	  31504	   7b10	health_care.elf
Finished building: default.size.stdout
 
Finished building: health_care.list
 
00:35:46 **** Incremental Build of configuration Debug for project health_care ****
make -j8 all 
arm-none-eabi-gcc "../Core/Src/hx711.c" -mcpu=cortex-m4 -std=gnu11 -g3 -DDEBUG -DUSE_HAL_DRIVER -DSTM32F429xx -c -I../Core/Inc -I../Drivers/STM32F4xx_HAL_Driver/Inc -I../Drivers/STM32F4xx_HAL_Driver/Inc/Legacy -I../Drivers/CMSIS/Device/ST/STM32F4xx/Include -I../Drivers/CMSIS/Include -O0 -ffunction-sections -fdata-sections -Wall -fstack-usage -fcyclomatic-complexity -MMD -MP -MF"Core/Src/hx711.d" -MT"Core/Src/hx711.o" --specs=nano.specs -mfpu=fpv4-sp-d16 -mfloat-abi=hard -mthumb -o "Core/Src/hx711.o"
arm-none-eabi-gcc "../Core/Src/main.c" -mcpu=cortex-m4 -std=gnu11 -g3 -DDEBUG -DUSE_HAL_DRIVER -DSTM32F429xx -c -I../Core/Inc -I../Drivers/STM32F4xx_HAL_Driver/Inc -I../Drivers/STM32F4xx_HAL_Driver/Inc/Legacy -I../Drivers/CMSIS/Device/ST/STM32F4xx/Include -I../Drivers/CMSIS/Include -O0 -ffunction-sections -fdata-sections -Wall -fstack-usage -fcyclomatic-complexity -MMD -MP -MF"Core/Src/main.d" -MT"Core/Src/main.o" --specs=nano.specs -mfpu=fpv4-sp-d16 -mfloat-abi=hard -mthumb -o "Core/Src/main.o"
arm-none-eabi-gcc "../Core/Src/rc522.c" -mcpu=cortex-m4 -std=gnu11 -g3 -DDEBUG -DUSE_HAL_DRIVER -DSTM32F429xx -c -I../Core/Inc -I../Drivers/STM32F4xx_HAL_Driver/Inc -I../Drivers/STM32F4xx_HAL_Driver/Inc/Legacy -I../Drivers/CMSIS/Device/ST/STM32F4xx/Include -I../Drivers/CMSIS/Include -O0 -ffunction-sections -fdata-sections -Wall -fstack-usage -fcyclomatic-complexity -MMD -MP -MF"Core/Src/rc522.d" -MT"Core/Src/rc522.o" --specs=nano.specs -mfpu=fpv4-sp-d16 -mfloat-abi=hard -mthumb -o "Core/Src/rc522.o"
arm-none-eabi-gcc "../Core/Src/simple_protocol.c" -mcpu=cortex-m4 -std=gnu11 -g3 -DDEBUG -DUSE_HAL_DRIVER -DSTM32F429xx -c -I../Core/Inc -I../Drivers/STM32F4xx_HAL_Driver/Inc -I../Drivers/STM32F4xx_HAL_Driver/Inc/Legacy -I../Drivers/CMSIS/Device/ST/STM32F4xx/Include -I../Drivers/CMSIS/Include -O0 -ffunction-sections -fdata-sections -Wall -fstack-usage -fcyclomatic-complexity -MMD -MP -MF"Core/Src/simple_protocol.d" -MT"Core/Src/simple_protocol.o" --specs=nano.specs -mfpu=fpv4-sp-d16 -mfloat-abi=hard -mthumb -o "Core/Src/simple_protocol.o"
arm-none-eabi-gcc "../Core/Src/stm32f4xx_hal_msp.c" -mcpu=cortex-m4 -std=gnu11 -g3 -DDEBUG -DUSE_HAL_DRIVER -DSTM32F429xx -c -I../Core/Inc -I../Drivers/STM32F4xx_HAL_Driver/Inc -I../Drivers/STM32F4xx_HAL_Driver/Inc/Legacy -I../Drivers/CMSIS/Device/ST/STM32F4xx/Include -I../Drivers/CMSIS/Include -O0 -ffunction-sections -fdata-sections -Wall -fstack-usage -fcyclomatic-complexity -MMD -MP -MF"Core/Src/stm32f4xx_hal_msp.d" -MT"Core/Src/stm32f4xx_hal_msp.o" --specs=nano.specs -mfpu=fpv4-sp-d16 -mfloat-abi=hard -mthumb -o "Core/Src/stm32f4xx_hal_msp.o"
arm-none-eabi-gcc "../Core/Src/stm32f4xx_it.c" -mcpu=cortex-m4 -std=gnu11 -g3 -DDEBUG -DUSE_HAL_DRIVER -DSTM32F429xx -c -I../Core/Inc -I../Drivers/STM32F4xx_HAL_Driver/Inc -I../Drivers/STM32F4xx_HAL_Driver/Inc/Legacy -I../Drivers/CMSIS/Device/ST/STM32F4xx/Include -I../Drivers/CMSIS/Include -O0 -ffunction-sections -fdata-sections -Wall -fstack-usage -fcyclomatic-complexity -MMD -MP -MF"Core/Src/stm32f4xx_it.d" -MT"Core/Src/stm32f4xx_it.o" --specs=nano.specs -mfpu=fpv4-sp-d16 -mfloat-abi=hard -mthumb -o "Core/Src/stm32f4xx_it.o"
arm-none-eabi-gcc -o "health_care.elf" @"objects.list"   -mcpu=cortex-m4 -T"D:\Nhung\STM32\health_care\STM32F429ZITX_FLASH.ld" --specs=nosys.specs -Wl,-Map="health_care.map" -Wl,--gc-sections -static --specs=nano.specs -mfpu=fpv4-sp-d16 -mfloat-abi=hard -mthumb -Wl,--start-group -lc -lm -Wl,--end-group
Finished building target: health_care.elf
 
arm-none-eabi-size  health_care.elf 
arm-none-eabi-objdump -h -S health_care.elf  > "health_care.list"
   text	   data	    bss	    dec	    hex	filename
  29420	     96	   2328	  31844	   7c64	health_care.elf
Finished building: default.size.stdout
 
Finished building: health_care.list
 
00:49:04 **** Incremental Build of configuration Debug for project health_care ****
make -j8 all 
arm-none-eabi-gcc "../Core/Src/hx711.c" -mcpu=cortex-m4 -std=gnu11 -g3 -DDEBUG -DUSE_HAL_DRIVER -DSTM32F429xx -c -I../Core/Inc -I../Drivers/STM32F4xx_HAL_Driver/Inc -I../Drivers/STM32F4xx_HAL_Driver/Inc/Legacy -I../Drivers/CMSIS/Device/ST/STM32F4xx/Include -I../Drivers/CMSIS/Include -O0 -ffunction-sections -fdata-sections -Wall -fstack-usage -fcyclomatic-complexity -MMD -MP -MF"Core/Src/hx711.d" -MT"Core/Src/hx711.o" --specs=nano.specs -mfpu=fpv4-sp-d16 -mfloat-abi=hard -mthumb -o "Core/Src/hx711.o"
arm-none-eabi-gcc "../Core/Src/main.c" -mcpu=cortex-m4 -std=gnu11 -g3 -DDEBUG -DUSE_HAL_DRIVER -DSTM32F429xx -c -I../Core/Inc -I../Drivers/STM32F4xx_HAL_Driver/Inc -I../Drivers/STM32F4xx_HAL_Driver/Inc/Legacy -I../Drivers/CMSIS/Device/ST/STM32F4xx/Include -I../Drivers/CMSIS/Include -O0 -ffunction-sections -fdata-sections -Wall -fstack-usage -fcyclomatic-complexity -MMD -MP -MF"Core/Src/main.d" -MT"Core/Src/main.o" --specs=nano.specs -mfpu=fpv4-sp-d16 -mfloat-abi=hard -mthumb -o "Core/Src/main.o"
arm-none-eabi-gcc "../Core/Src/rc522.c" -mcpu=cortex-m4 -std=gnu11 -g3 -DDEBUG -DUSE_HAL_DRIVER -DSTM32F429xx -c -I../Core/Inc -I../Drivers/STM32F4xx_HAL_Driver/Inc -I../Drivers/STM32F4xx_HAL_Driver/Inc/Legacy -I../Drivers/CMSIS/Device/ST/STM32F4xx/Include -I../Drivers/CMSIS/Include -O0 -ffunction-sections -fdata-sections -Wall -fstack-usage -fcyclomatic-complexity -MMD -MP -MF"Core/Src/rc522.d" -MT"Core/Src/rc522.o" --specs=nano.specs -mfpu=fpv4-sp-d16 -mfloat-abi=hard -mthumb -o "Core/Src/rc522.o"
arm-none-eabi-gcc "../Core/Src/simple_protocol.c" -mcpu=cortex-m4 -std=gnu11 -g3 -DDEBUG -DUSE_HAL_DRIVER -DSTM32F429xx -c -I../Core/Inc -I../Drivers/STM32F4xx_HAL_Driver/Inc -I../Drivers/STM32F4xx_HAL_Driver/Inc/Legacy -I../Drivers/CMSIS/Device/ST/STM32F4xx/Include -I../Drivers/CMSIS/Include -O0 -ffunction-sections -fdata-sections -Wall -fstack-usage -fcyclomatic-complexity -MMD -MP -MF"Core/Src/simple_protocol.d" -MT"Core/Src/simple_protocol.o" --specs=nano.specs -mfpu=fpv4-sp-d16 -mfloat-abi=hard -mthumb -o "Core/Src/simple_protocol.o"
arm-none-eabi-gcc "../Core/Src/stm32f4xx_hal_msp.c" -mcpu=cortex-m4 -std=gnu11 -g3 -DDEBUG -DUSE_HAL_DRIVER -DSTM32F429xx -c -I../Core/Inc -I../Drivers/STM32F4xx_HAL_Driver/Inc -I../Drivers/STM32F4xx_HAL_Driver/Inc/Legacy -I../Drivers/CMSIS/Device/ST/STM32F4xx/Include -I../Drivers/CMSIS/Include -O0 -ffunction-sections -fdata-sections -Wall -fstack-usage -fcyclomatic-complexity -MMD -MP -MF"Core/Src/stm32f4xx_hal_msp.d" -MT"Core/Src/stm32f4xx_hal_msp.o" --specs=nano.specs -mfpu=fpv4-sp-d16 -mfloat-abi=hard -mthumb -o "Core/Src/stm32f4xx_hal_msp.o"
arm-none-eabi-gcc "../Core/Src/stm32f4xx_it.c" -mcpu=cortex-m4 -std=gnu11 -g3 -DDEBUG -DUSE_HAL_DRIVER -DSTM32F429xx -c -I../Core/Inc -I../Drivers/STM32F4xx_HAL_Driver/Inc -I../Drivers/STM32F4xx_HAL_Driver/Inc/Legacy -I../Drivers/CMSIS/Device/ST/STM32F4xx/Include -I../Drivers/CMSIS/Include -O0 -ffunction-sections -fdata-sections -Wall -fstack-usage -fcyclomatic-complexity -MMD -MP -MF"Core/Src/stm32f4xx_it.d" -MT"Core/Src/stm32f4xx_it.o" --specs=nano.specs -mfpu=fpv4-sp-d16 -mfloat-abi=hard -mthumb -o "Core/Src/stm32f4xx_it.o"
arm-none-eabi-gcc -o "health_care.elf" @"objects.list"   -mcpu=cortex-m4 -T"D:\Nhung\STM32\health_care\STM32F429ZITX_FLASH.ld" --specs=nosys.specs -Wl,-Map="health_care.map" -Wl,--gc-sections -static --specs=nano.specs -mfpu=fpv4-sp-d16 -mfloat-abi=hard -mthumb -Wl,--start-group -lc -lm -Wl,--end-group
Finished building target: health_care.elf
 
arm-none-eabi-size  health_care.elf 
arm-none-eabi-objdump -h -S health_care.elf  > "health_care.list"
   text	   data	    bss	    dec	    hex	filename
  28684	     96	   2328	  31108	   7984	health_care.elf
Finished building: default.size.stdout
 
Finished building: health_care.list
 
00:56:23 **** Incremental Build of configuration Debug for project health_care ****
make -j8 all 
arm-none-eabi-gcc "../Core/Src/simple_protocol.c" -mcpu=cortex-m4 -std=gnu11 -g3 -DDEBUG -DUSE_HAL_DRIVER -DSTM32F429xx -c -I../Core/Inc -I../Drivers/STM32F4xx_HAL_Driver/Inc -I../Drivers/STM32F4xx_HAL_Driver/Inc/Legacy -I../Drivers/CMSIS/Device/ST/STM32F4xx/Include -I../Drivers/CMSIS/Include -O0 -ffunction-sections -fdata-sections -Wall -fstack-usage -fcyclomatic-complexity -MMD -MP -MF"Core/Src/simple_protocol.d" -MT"Core/Src/simple_protocol.o" --specs=nano.specs -mfpu=fpv4-sp-d16 -mfloat-abi=hard -mthumb -o "Core/Src/simple_protocol.o"
arm-none-eabi-gcc -o "health_care.elf" @"objects.list"   -mcpu=cortex-m4 -T"D:\Nhung\STM32\health_care\STM32F429ZITX_FLASH.ld" --specs=nosys.specs -Wl,-Map="health_care.map" -Wl,--gc-sections -static --specs=nano.specs -mfpu=fpv4-sp-d16 -mfloat-abi=hard -mthumb -Wl,--start-group -lc -lm -Wl,--end-group
Finished building target: health_care.elf
 
arm-none-eabi-size  health_care.elf 
arm-none-eabi-objdump -h -S health_care.elf  > "health_care.list"
   text	   data	    bss	    dec	    hex	filename
  28788	     96	   2328	  31212	   79ec	health_care.elf
Finished building: default.size.stdout
 
Finished building: health_care.list
 
01:07:13 **** Incremental Build of configuration Debug for project health_care ****
make -j8 all 
arm-none-eabi-gcc "../Core/Src/hx711.c" -mcpu=cortex-m4 -std=gnu11 -g3 -DDEBUG -DUSE_HAL_DRIVER -DSTM32F429xx -c -I../Core/Inc -I../Drivers/STM32F4xx_HAL_Driver/Inc -I../Drivers/STM32F4xx_HAL_Driver/Inc/Legacy -I../Drivers/CMSIS/Device/ST/STM32F4xx/Include -I../Drivers/CMSIS/Include -O0 -ffunction-sections -fdata-sections -Wall -fstack-usage -fcyclomatic-complexity -MMD -MP -MF"Core/Src/hx711.d" -MT"Core/Src/hx711.o" --specs=nano.specs -mfpu=fpv4-sp-d16 -mfloat-abi=hard -mthumb -o "Core/Src/hx711.o"
arm-none-eabi-gcc "../Core/Src/main.c" -mcpu=cortex-m4 -std=gnu11 -g3 -DDEBUG -DUSE_HAL_DRIVER -DSTM32F429xx -c -I../Core/Inc -I../Drivers/STM32F4xx_HAL_Driver/Inc -I../Drivers/STM32F4xx_HAL_Driver/Inc/Legacy -I../Drivers/CMSIS/Device/ST/STM32F4xx/Include -I../Drivers/CMSIS/Include -O0 -ffunction-sections -fdata-sections -Wall -fstack-usage -fcyclomatic-complexity -MMD -MP -MF"Core/Src/main.d" -MT"Core/Src/main.o" --specs=nano.specs -mfpu=fpv4-sp-d16 -mfloat-abi=hard -mthumb -o "Core/Src/main.o"
arm-none-eabi-gcc "../Core/Src/rc522.c" -mcpu=cortex-m4 -std=gnu11 -g3 -DDEBUG -DUSE_HAL_DRIVER -DSTM32F429xx -c -I../Core/Inc -I../Drivers/STM32F4xx_HAL_Driver/Inc -I../Drivers/STM32F4xx_HAL_Driver/Inc/Legacy -I../Drivers/CMSIS/Device/ST/STM32F4xx/Include -I../Drivers/CMSIS/Include -O0 -ffunction-sections -fdata-sections -Wall -fstack-usage -fcyclomatic-complexity -MMD -MP -MF"Core/Src/rc522.d" -MT"Core/Src/rc522.o" --specs=nano.specs -mfpu=fpv4-sp-d16 -mfloat-abi=hard -mthumb -o "Core/Src/rc522.o"
arm-none-eabi-gcc "../Core/Src/simple_protocol.c" -mcpu=cortex-m4 -std=gnu11 -g3 -DDEBUG -DUSE_HAL_DRIVER -DSTM32F429xx -c -I../Core/Inc -I../Drivers/STM32F4xx_HAL_Driver/Inc -I../Drivers/STM32F4xx_HAL_Driver/Inc/Legacy -I../Drivers/CMSIS/Device/ST/STM32F4xx/Include -I../Drivers/CMSIS/Include -O0 -ffunction-sections -fdata-sections -Wall -fstack-usage -fcyclomatic-complexity -MMD -MP -MF"Core/Src/simple_protocol.d" -MT"Core/Src/simple_protocol.o" --specs=nano.specs -mfpu=fpv4-sp-d16 -mfloat-abi=hard -mthumb -o "Core/Src/simple_protocol.o"
arm-none-eabi-gcc "../Core/Src/stm32f4xx_hal_msp.c" -mcpu=cortex-m4 -std=gnu11 -g3 -DDEBUG -DUSE_HAL_DRIVER -DSTM32F429xx -c -I../Core/Inc -I../Drivers/STM32F4xx_HAL_Driver/Inc -I../Drivers/STM32F4xx_HAL_Driver/Inc/Legacy -I../Drivers/CMSIS/Device/ST/STM32F4xx/Include -I../Drivers/CMSIS/Include -O0 -ffunction-sections -fdata-sections -Wall -fstack-usage -fcyclomatic-complexity -MMD -MP -MF"Core/Src/stm32f4xx_hal_msp.d" -MT"Core/Src/stm32f4xx_hal_msp.o" --specs=nano.specs -mfpu=fpv4-sp-d16 -mfloat-abi=hard -mthumb -o "Core/Src/stm32f4xx_hal_msp.o"
arm-none-eabi-gcc "../Core/Src/stm32f4xx_it.c" -mcpu=cortex-m4 -std=gnu11 -g3 -DDEBUG -DUSE_HAL_DRIVER -DSTM32F429xx -c -I../Core/Inc -I../Drivers/STM32F4xx_HAL_Driver/Inc -I../Drivers/STM32F4xx_HAL_Driver/Inc/Legacy -I../Drivers/CMSIS/Device/ST/STM32F4xx/Include -I../Drivers/CMSIS/Include -O0 -ffunction-sections -fdata-sections -Wall -fstack-usage -fcyclomatic-complexity -MMD -MP -MF"Core/Src/stm32f4xx_it.d" -MT"Core/Src/stm32f4xx_it.o" --specs=nano.specs -mfpu=fpv4-sp-d16 -mfloat-abi=hard -mthumb -o "Core/Src/stm32f4xx_it.o"
arm-none-eabi-gcc -o "health_care.elf" @"objects.list"   -mcpu=cortex-m4 -T"D:\Nhung\STM32\health_care\STM32F429ZITX_FLASH.ld" --specs=nosys.specs -Wl,-Map="health_care.map" -Wl,--gc-sections -static --specs=nano.specs -mfpu=fpv4-sp-d16 -mfloat-abi=hard -mthumb -Wl,--start-group -lc -lm -Wl,--end-group
Finished building target: health_care.elf
 
arm-none-eabi-size  health_care.elf 
arm-none-eabi-objdump -h -S health_care.elf  > "health_care.list"
   text	   data	    bss	    dec	    hex	filename
  28276	     96	   2328	  30700	   77ec	health_care.elf
Finished building: default.size.stdout
 
Finished building: health_care.list
 
