../Core/Src/hx711.c:19:6:HX711_Init	8	static
../Core/Src/hx711.c:28:9:HX711_IsReady	8	static
../Core/Src/hx711.c:35:10:HX711_ReadRaw	24	static
../Core/Src/hx711.c:91:9:HX711_ReadValue	16	static
../Core/Src/hx711.c:98:7:HX711_ReadWeight	16	static
../Core/Src/hx711.c:106:6:HX711_SetScale	16	static
../Core/Src/hx711.c:113:6:HX711_Tare	16	static
../Core/Src/hx711.c:129:6:HX711_SetOffset	16	static
../Core/Src/hx711.c:136:6:HX711_PowerDown	8	static
../Core/Src/hx711.c:144:6:HX711_PowerUp	8	static
../Core/Src/hx711.c:153:6:HAL_Delay_us	24	static
