../Core/Src/hx711.c:29:6:microDelay	16	static
../Core/Src/hx711.c:37:9:getHX711	24	static
../Core/Src/hx711.c:72:5:weigh	40	static
../Core/Src/hx711.c:95:6:HX711_Init	8	static
../Core/Src/hx711.c:104:9:HX711_IsReady	8	static
../Core/Src/hx711.c:111:6:HX711_Tare_New	24	static
../Core/Src/hx711.c:129:6:HX711_SetCalibration	16	static
../Core/Src/hx711.c:137:10:HX711_GetTare	4	static
../Core/Src/hx711.c:144:7:HX711_GetCalibrationCoefficient	4	static
../Core/Src/hx711.c:152:7:HX711_ReadWeight_Primary	16	static
../Core/Src/hx711.c:158:10:HX711_ReadRaw	16	static
../Core/Src/hx711.c:163:9:HX711_ReadValue	16	static
../Core/Src/hx711.c:167:7:HX711_ReadWeight	16	static
../Core/Src/hx711.c:172:6:HX711_SetScale	16	static
../Core/Src/hx711.c:176:6:HX711_Tare	16	static
../Core/Src/hx711.c:189:6:HX711_SetOffset	16	static
../Core/Src/hx711.c:193:6:HX711_PowerDown	8	static
../Core/Src/hx711.c:198:6:HX711_PowerUp	8	static
