../Core/Src/main.c:60:9:HX711_Enhanced_IsReady	16	static
../Core/Src/main.c:70:6:Enhanced_Weight_Debug	4	static
../Core/Src/main.c:74:6:Print_Float_Debug	16	static
../Core/Src/main.c:109:6:Debug_Printf	4	static
../Core/Src/main.c:117:6:System_Init	456	static
../Core/Src/main.c:204:6:Process_RFID	32	static
../Core/Src/main.c:260:6:Process_Weight	32	static
../Core/Src/main.c:335:6:HX711_Calibrate	16	static
../Core/Src/main.c:367:6:System_Test	40	static
../Core/Src/main.c:411:5:main	248	static
../Core/Src/main.c:606:6:SystemClock_Config	88	static
../Core/Src/main.c:653:13:MX_SPI1_Init	8	static
../Core/Src/main.c:691:13:MX_TIM2_Init	48	static
../Core/Src/main.c:749:13:MX_USART1_UART_Init	8	static
../Core/Src/main.c:782:13:MX_GPIO_Init	40	static
../Core/Src/main.c:839:6:Error_Handler	8	static
../Core/Src/main.c:850:6:System_Error_Handler	24	static,ignoring_inline_asm
