../Core/Src/main.c:65:6:System_Error_Handler	24	static
../Core/Src/main.c:82:9:HX711_Enhanced_IsReady	16	static
../Core/Src/main.c:92:6:Enhanced_Weight_Debug	4	static
../Core/Src/main.c:96:6:Print_Float_Debug	16	static
../Core/Src/main.c:131:6:Debug_Printf	4	static
../Core/Src/main.c:139:6:System_Init	456	static
../Core/Src/main.c:226:6:Process_RFID	32	static
../Core/Src/main.c:282:6:Process_Weight	32	static
../Core/Src/main.c:357:6:HX711_Calibrate	16	static
../Core/Src/main.c:389:6:System_Test	40	static
../Core/Src/main.c:433:5:main	8	static
../Core/Src/main.c:463:6:SystemClock_Config	88	static
../Core/Src/main.c:517:13:MX_SPI1_Init	8	static
../Core/Src/main.c:555:13:MX_TIM2_Init	48	static
../Core/Src/main.c:613:13:MX_USART1_UART_Init	8	static
../Core/Src/main.c:646:13:MX_GPIO_Init	40	static
../Core/Src/main.c:696:6:HAL_UART_RxCpltCallback	16	static
../Core/Src/main.c:707:6:Error_Handler	8	static
