../Core/Src/rc522.c:29:6:RC522_WriteRegister	24	static
../Core/Src/rc522.c:42:9:RC522_ReadRegister	32	static
../Core/Src/rc522.c:59:6:RC522_SetBitMask	24	static
../Core/Src/rc522.c:67:6:RC522_ClearBitMask	24	static
../Core/Src/rc522.c:75:6:RC522_Reset	16	static
../Core/Src/rc522.c:101:6:RC522_AntennaOn	16	static
../Core/Src/rc522.c:111:6:RC522_AntennaOff	8	static
../Core/Src/rc522.c:118:6:RC522_Init	8	static
../Core/Src/rc522.c:152:14:RC522_ToCard	40	static
../Core/Src/rc522.c:240:14:RC522_Request	32	static
../Core/Src/rc522.c:259:14:RC522_Anticoll	32	static
../Core/Src/rc522.c:288:14:RC522_SelectTag	40	static
../Core/Src/rc522.c:315:14:RC522_ReadUID	24	static
../Core/Src/rc522.c:330:6:RC522_Diagnostics	4	static
../Core/Src/rc522.c:338:6:RC522_TestSPISettings	4	static
