../Core/Src/simple_protocol.c:20:16:IsCardRegistered	24	static
../Core/Src/simple_protocol.c:29:16:RegisterCard	16	static
../Core/Src/simple_protocol.c:38:6:SimpleProtocol_SendRegisteredCard	32	static
../Core/Src/simple_protocol.c:49:6:SimpleProtocol_SendUnregisteredCard	24	static
../Core/Src/simple_protocol.c:59:6:SimpleProtocol_SendACK	24	static
../Core/Src/simple_protocol.c:69:6:SimpleProtocol_ProcessCardDetection	16	static
../Core/Src/simple_protocol.c:77:6:SimpleProtocol_PushReceivedByte	16	static
../Core/Src/simple_protocol.c:82:6:SimpleProtocol_StartRxInterrupt	8	static
../Core/Src/simple_protocol.c:92:6:SimpleProtocol_UART_RxCpltCallback	24	static
../Core/Src/simple_protocol.c:161:6:SimpleProtocol_Init	24	static
